---
source: crates/app/src/snapshot_tests.rs
expression: render(&state)
---
Buffer {
    area: Rect { x: 0, y: 0, width: 100, height: 30 },
    content: [
        "  ghtui   Inbox                                                                           @octocat  ",
        "                                                                                                    ",
        "  Review reque                                                                                      ",
        "  ● Add a virt  : op                                                                    ✓ passing   ",
        "    ratatui/ra                                                                          3 comments  ",
        "  ○ Draft Fix   Open: pull request, its diff, a file, or a collapsed file    <Enter>    ● pending   ",
        "    tokio-rs/t  Open on GitHub                                                     o    3 comments  ",
        "                Go to top                                                         gg                ",
        "  Your pull re  Move up                                                       k <Up>                ",
        "  ● Theme: gen                                                                          ✗ failing   ",
        "    gold-silver-copper/ghtui#12 · octocat · updated 3h ago                    +120 −34  3 comments  ",
        "  ● Cache GraphQL responses in redb                                            Changes requested    ",
        "    gold-silver-copper/ghtui#9 · octocat · updated 3h ago                     +120 −34  3 comments  ",
        "                                                                                                    ",
        "                                                                                                    ",
        "                                                                                                    ",
        "                                                                                                    ",
        "                                                                                                    ",
        "                                                                                                    ",
        "                                                                                                    ",
        "                                                                                                    ",
        "                                                                                                    ",
        "                                                                                                    ",
        "                                                                                                    ",
        "                                                                                                    ",
        "                                                                                                    ",
        "                                                                                                    ",
        "                                                                                                    ",
        "                                                                                                    ",
        "                                                                            API 4987/5000   ? help  ",
    ],
    styles: [
        x: 0, y: 0, fg: Rgb(25, 28, 32), bg: Rgb(237, 237, 244), underline: Reset, modifier: NONE,
        x: 2, y: 0, fg: Rgb(60, 93, 141), bg: Rgb(237, 237, 244), underline: Reset, modifier: BOLD,
        x: 7, y: 0, fg: Rgb(25, 28, 32), bg: Rgb(237, 237, 244), underline: Reset, modifier: NONE,
        x: 9, y: 0, fg: Rgb(62, 71, 88), bg: Rgb(217, 227, 249), underline: Reset, modifier: BOLD,
        x: 16, y: 0, fg: Rgb(25, 28, 32), bg: Rgb(237, 237, 244), underline: Reset, modifier: NONE,
        x: 90, y: 0, fg: Rgb(67, 71, 78), bg: Rgb(237, 237, 244), underline: Reset, modifier: NONE,
        x: 98, y: 0, fg: Rgb(25, 28, 32), bg: Rgb(237, 237, 244), underline: Reset, modifier: NONE,
        x: 0, y: 1, fg: Rgb(25, 28, 32), bg: Rgb(243, 243, 250), underline: Reset, modifier: NONE,
        x: 2, y: 2, fg: Rgb(25, 28, 32), bg: Rgb(243, 243, 250), underline: Reset, modifier: BOLD,
        x: 14, y: 2, fg: Rgb(25, 28, 32), bg: Rgb(231, 232, 238), underline: Reset, modifier: BOLD,
        x: 18, y: 2, fg: Rgb(25, 28, 32), bg: Rgb(231, 232, 238), underline: Reset, modifier: NONE,
        x: 86, y: 2, fg: Rgb(25, 28, 32), bg: Rgb(243, 243, 250), underline: Reset, modifier: NONE,
        x: 0, y: 3, fg: Rgb(25, 28, 32), bg: Rgb(221, 225, 237), underline: Reset, modifier: NONE,
        x: 2, y: 3, fg: Rgb(0, 105, 72), bg: Rgb(221, 225, 237), underline: Reset, modifier: NONE,
        x: 3, y: 3, fg: Rgb(25, 28, 32), bg: Rgb(221, 225, 237), underline: Reset, modifier: NONE,
        x: 4, y: 3, fg: Rgb(25, 28, 32), bg: Rgb(221, 225, 237), underline: Reset, modifier: BOLD,
        x: 14, y: 3, fg: Rgb(25, 28, 32), bg: Rgb(231, 232, 238), underline: Reset, modifier: BOLD,
        x: 16, y: 3, fg: Rgb(60, 93, 141), bg: Rgb(231, 232, 238), underline: Reset, modifier: BOLD,
        x: 17, y: 3, fg: Rgb(25, 28, 32), bg: Rgb(231, 232, 238), underline: Reset, modifier: BOLD,
        x: 20, y: 3, fg: Rgb(255, 255, 255), bg: Rgb(63, 95, 144), underline: Reset, modifier: BOLD,
        x: 21, y: 3, fg: Rgb(25, 28, 32), bg: Rgb(231, 232, 238), underline: Reset, modifier: BOLD,
        x: 59, y: 3, fg: Rgb(25, 28, 32), bg: Rgb(231, 232, 238), underline: Reset, modifier: NONE,
        x: 86, y: 3, fg: Rgb(25, 28, 32), bg: Rgb(221, 225, 237), underline: Reset, modifier: NONE,
        x: 87, y: 3, fg: Rgb(0, 33, 20), bg: Rgb(169, 242, 204), underline: Reset, modifier: NONE,
        x: 98, y: 3, fg: Rgb(25, 28, 32), bg: Rgb(221, 225, 237), underline: Reset, modifier: NONE,
        x: 4, y: 4, fg: Rgb(67, 71, 78), bg: Rgb(221, 225, 237), underline: Reset, modifier: NONE,
        x: 14, y: 4, fg: Rgb(25, 28, 32), bg: Rgb(231, 232, 238), underline: Reset, modifier: NONE,
        x: 86, y: 4, fg: Rgb(67, 71, 78), bg: Rgb(221, 225, 237), underline: Reset, modifier: NONE,
        x: 98, y: 4, fg: Rgb(25, 28, 32), bg: Rgb(221, 225, 237), underline: Reset, modifier: NONE,
        x: 0, y: 5, fg: Rgb(25, 28, 32), bg: Rgb(243, 243, 250), underline: Reset, modifier: NONE,
        x: 2, y: 5, fg: Rgb(67, 71, 78), bg: Rgb(243, 243, 250), underline: Reset, modifier: NONE,
        x: 3, y: 5, fg: Rgb(25, 28, 32), bg: Rgb(243, 243, 250), underline: Reset, modifier: NONE,
        x: 4, y: 5, fg: Rgb(67, 71, 78), bg: Rgb(243, 243, 250), underline: Reset, modifier: NONE,
        x: 10, y: 5, fg: Rgb(25, 28, 32), bg: Rgb(243, 243, 250), underline: Reset, modifier: BOLD,
        x: 14, y: 5, fg: Rgb(25, 28, 32), bg: Rgb(207, 213, 225), underline: Reset, modifier: BOLD,
        x: 77, y: 5, fg: Rgb(67, 71, 78), bg: Rgb(207, 213, 225), underline: Reset, modifier: BOLD,
        x: 84, y: 5, fg: Rgb(25, 28, 32), bg: Rgb(207, 213, 225), underline: Reset, modifier: BOLD,
        x: 85, y: 5, fg: Rgb(25, 28, 32), bg: Rgb(207, 213, 225), underline: Reset, modifier: NONE,
        x: 86, y: 5, fg: Rgb(25, 28, 32), bg: Rgb(243, 243, 250), underline: Reset, modifier: NONE,
        x: 87, y: 5, fg: Rgb(62, 71, 88), bg: Rgb(217, 227, 249), underline: Reset, modifier: NONE,
        x: 98, y: 5, fg: Rgb(25, 28, 32), bg: Rgb(243, 243, 250), underline: Reset, modifier: NONE,
        x: 4, y: 6, fg: Rgb(67, 71, 78), bg: Rgb(243, 243, 250), underline: Reset, modifier: NONE,
        x: 14, y: 6, fg: Rgb(25, 28, 32), bg: Rgb(231, 232, 238), underline: Reset, modifier: NONE,
        x: 83, y: 6, fg: Rgb(67, 71, 78), bg: Rgb(231, 232, 238), underline: Reset, modifier: NONE,
        x: 84, y: 6, fg: Rgb(25, 28, 32), bg: Rgb(231, 232, 238), underline: Reset, modifier: NONE,
        x: 86, y: 6, fg: Rgb(67, 71, 78), bg: Rgb(243, 243, 250), underline: Reset, modifier: NONE,
        x: 98, y: 6, fg: Rgb(25, 28, 32), bg: Rgb(243, 243, 250), underline: Reset, modifier: NONE,
        x: 14, y: 7, fg: Rgb(25, 28, 32), bg: Rgb(231, 232, 238), underline: Reset, modifier: NONE,
        x: 82, y: 7, fg: Rgb(67, 71, 78), bg: Rgb(231, 232, 238), underline: Reset, modifier: NONE,
        x: 84, y: 7, fg: Rgb(25, 28, 32), bg: Rgb(231, 232, 238), underline: Reset, modifier: NONE,
        x: 86, y: 7, fg: Rgb(25, 28, 32), bg: Rgb(243, 243, 250), underline: Reset, modifier: NONE,
        x: 2, y: 8, fg: Rgb(25, 28, 32), bg: Rgb(243, 243, 250), underline: Reset, modifier: BOLD,
        x: 14, y: 8, fg: Rgb(25, 28, 32), bg: Rgb(231, 232, 238), underline: Reset, modifier: BOLD,
        x: 20, y: 8, fg: Rgb(25, 28, 32), bg: Rgb(231, 232, 238), underline: Reset, modifier: NONE,
        x: 78, y: 8, fg: Rgb(67, 71, 78), bg: Rgb(231, 232, 238), underline: Reset, modifier: NONE,
        x: 84, y: 8, fg: Rgb(25, 28, 32), bg: Rgb(231, 232, 238), underline: Reset, modifier: NONE,
        x: 86, y: 8, fg: Rgb(25, 28, 32), bg: Rgb(243, 243, 250), underline: Reset, modifier: NONE,
        x: 2, y: 9, fg: Rgb(0, 105, 72), bg: Rgb(243, 243, 250), underline: Reset, modifier: NONE,
        x: 3, y: 9, fg: Rgb(25, 28, 32), bg: Rgb(243, 243, 250), underline: Reset, modifier: NONE,
        x: 4, y: 9, fg: Rgb(25, 28, 32), bg: Rgb(243, 243, 250), underline: Reset, modifier: BOLD,
        x: 14, y: 9, fg: Rgb(25, 28, 32), bg: Rgb(231, 232, 238), underline: Reset, modifier: BOLD,
        x: 44, y: 9, fg: Rgb(25, 28, 32), bg: Rgb(231, 232, 238), underline: Reset, modifier: NONE,
        x: 86, y: 9, fg: Rgb(25, 28, 32), bg: Rgb(243, 243, 250), underline: Reset, modifier: NONE,
        x: 87, y: 9, fg: Rgb(147, 0, 10), bg: Rgb(255, 218, 214), underline: Reset, modifier: NONE,
        x: 98, y: 9, fg: Rgb(25, 28, 32), bg: Rgb(243, 243, 250), underline: Reset, modifier: NONE,
        x: 4, y: 10, fg: Rgb(67, 71, 78), bg: Rgb(243, 243, 250), underline: Reset, modifier: NONE,
        x: 58, y: 10, fg: Rgb(25, 28, 32), bg: Rgb(243, 243, 250), underline: Reset, modifier: NONE,
        x: 78, y: 10, fg: Rgb(0, 95, 64), bg: Rgb(243, 243, 250), underline: Reset, modifier: NONE,
        x: 82, y: 10, fg: Rgb(25, 28, 32), bg: Rgb(243, 243, 250), underline: Reset, modifier: NONE,
        x: 83, y: 10, fg: Rgb(139, 52, 75), bg: Rgb(243, 243, 250), underline: Reset, modifier: NONE,
        x: 86, y: 10, fg: Rgb(67, 71, 78), bg: Rgb(243, 243, 250), underline: Reset, modifier: NONE,
        x: 98, y: 10, fg: Rgb(25, 28, 32), bg: Rgb(243, 243, 250), underline: Reset, modifier: NONE,
        x: 2, y: 11, fg: Rgb(0, 105, 72), bg: Rgb(243, 243, 250), underline: Reset, modifier: NONE,
        x: 3, y: 11, fg: Rgb(25, 28, 32), bg: Rgb(243, 243, 250), underline: Reset, modifier: NONE,
        x: 4, y: 11, fg: Rgb(25, 28, 32), bg: Rgb(243, 243, 250), underline: Reset, modifier: BOLD,
        x: 35, y: 11, fg: Rgb(25, 28, 32), bg: Rgb(243, 243, 250), underline: Reset, modifier: NONE,
        x: 78, y: 11, fg: Rgb(147, 0, 10), bg: Rgb(255, 218, 214), underline: Reset, modifier: NONE,
        x: 97, y: 11, fg: Rgb(25, 28, 32), bg: Rgb(243, 243, 250), underline: Reset, modifier: NONE,
        x: 4, y: 12, fg: Rgb(67, 71, 78), bg: Rgb(243, 243, 250), underline: Reset, modifier: NONE,
        x: 57, y: 12, fg: Rgb(25, 28, 32), bg: Rgb(243, 243, 250), underline: Reset, modifier: NONE,
        x: 78, y: 12, fg: Rgb(0, 95, 64), bg: Rgb(243, 243, 250), underline: Reset, modifier: NONE,
        x: 82, y: 12, fg: Rgb(25, 28, 32), bg: Rgb(243, 243, 250), underline: Reset, modifier: NONE,
        x: 83, y: 12, fg: Rgb(139, 52, 75), bg: Rgb(243, 243, 250), underline: Reset, modifier: NONE,
        x: 86, y: 12, fg: Rgb(67, 71, 78), bg: Rgb(243, 243, 250), underline: Reset, modifier: NONE,
        x: 98, y: 12, fg: Rgb(25, 28, 32), bg: Rgb(243, 243, 250), underline: Reset, modifier: NONE,
        x: 0, y: 29, fg: Rgb(25, 28, 32), bg: Rgb(237, 237, 244), underline: Reset, modifier: NONE,
        x: 76, y: 29, fg: Rgb(67, 71, 78), bg: Rgb(237, 237, 244), underline: Reset, modifier: NONE,
        x: 89, y: 29, fg: Rgb(25, 28, 32), bg: Rgb(237, 237, 244), underline: Reset, modifier: NONE,
        x: 92, y: 29, fg: Rgb(60, 93, 141), bg: Rgb(237, 237, 244), underline: Reset, modifier: NONE,
        x: 93, y: 29, fg: Rgb(67, 71, 78), bg: Rgb(237, 237, 244), underline: Reset, modifier: NONE,
        x: 98, y: 29, fg: Rgb(25, 28, 32), bg: Rgb(237, 237, 244), underline: Reset, modifier: NONE,
    ]
}
