---
source: crates/app/src/snapshot_tests.rs
expression: render(&state)
---
Buffer {
    area: Rect { x: 0, y: 0, width: 100, height: 30 },
    content: [
        "  ◆ ghtui   gold-silver-copper / ghtui                 ⌕ Type / to search                 @octocat  ",
        "   <> Code   ◉ Issues  7    ⇄ Pull requests  3    ▶ Actions ↗                                       ",
        "──━━━━━━━━━───                                                                        ──────────────",
        "                Go to file main                                                                     ",
        "  gold-silver-                                                                        ◉ Watch 18   ▐",
        "                src/main.rs                                                                        ▐",
        "  A keyboard-d  crates/app/src/main.rs                                                             ▐",
        "  ↗ https://gh                                                                                     ▐",
        "                                                                                                   ▐",
        "   tui   github   rust                                                                             ▐",
        "                                                                                                   ▐",
        "  ⚖ MIT license   ☆ 1.2k stars   ◉ 18 watching   ⑂ 61 forks   ● Rust                               ▐",
        "                                                                                                   ▐",
        "   ⎇ main ▾  w                                                    ◷ 412 commits  ⌕ Go to file  t   ▐",
        "                                                                                                   ▐",
        "  ╭─ octocat  Browse GitHub like the website ──────────────────────────────── fedcba9 · 2h ago ─╮  ▐",
        "  │▌▸ .github                                                                                   │  ▐",
        "  │ ▸ crates                                                                                    │  ▐",
        "  │ · Cargo.toml                                                                         1.5 KB │  ▐",
        "  │ · README.md                                                                          2.2 KB │  ▐",
        "  ╰─────────────────────────────────────────────────────────────────────────────────────────────╯  ▐",
        "                                                                                                    ",
        "  ╭─ ☰ README.md ──────────────────────────────────────────────────────────────────────────────╮   ", // hidden by multi-width symbols: [(6, " ")]
        "  │ ghtui                                                                                       │   ",
        "  │ ─────────────────────────────────────────────────────────────────────────────────────────── │   ",
        "  │                                                                                             │   ",
        "  │ A keyboard-driven terminal client for GitHub, with a diff viewer that goes beyond GitHub's. │   ",
        "  │                                                                                             │   ",
        "  │ Install                                                                                     │   ",
        "  ↵ open   ↑↓ choose   esc close                                                     API 4987/5000  ",
    ],
    styles: [
        x: 0, y: 0, fg: Rgb(25, 28, 32), bg: Rgb(237, 237, 244), underline: Reset, modifier: NONE,
        x: 2, y: 0, fg: Rgb(50, 83, 131), bg: Rgb(237, 237, 244), underline: Reset, modifier: BOLD,
        x: 9, y: 0, fg: Rgb(25, 28, 32), bg: Rgb(237, 237, 244), underline: Reset, modifier: NONE,
        x: 30, y: 0, fg: Rgb(67, 71, 78), bg: Rgb(237, 237, 244), underline: Reset, modifier: NONE,
        x: 33, y: 0, fg: Rgb(25, 28, 32), bg: Rgb(237, 237, 244), underline: Reset, modifier: BOLD,
        x: 38, y: 0, fg: Rgb(25, 28, 32), bg: Rgb(237, 237, 244), underline: Reset, modifier: NONE,
        x: 54, y: 0, fg: Rgb(25, 28, 32), bg: Rgb(226, 226, 233), underline: Reset, modifier: NONE,
        x: 55, y: 0, fg: Rgb(67, 71, 78), bg: Rgb(226, 226, 233), underline: Reset, modifier: NONE,
        x: 73, y: 0, fg: Rgb(25, 28, 32), bg: Rgb(226, 226, 233), underline: Reset, modifier: NONE,
        x: 87, y: 0, fg: Rgb(25, 28, 32), bg: Rgb(237, 237, 244), underline: Reset, modifier: NONE,
        x: 90, y: 0, fg: Rgb(67, 71, 78), bg: Rgb(237, 237, 244), underline: Reset, modifier: NONE,
        x: 98, y: 0, fg: Rgb(25, 28, 32), bg: Rgb(237, 237, 244), underline: Reset, modifier: NONE,
        x: 2, y: 1, fg: Rgb(67, 71, 78), bg: Rgb(237, 237, 244), underline: Reset, modifier: NONE,
        x: 6, y: 1, fg: Rgb(25, 28, 32), bg: Rgb(237, 237, 244), underline: Reset, modifier: BOLD,
        x: 10, y: 1, fg: Rgb(25, 28, 32), bg: Rgb(237, 237, 244), underline: Reset, modifier: NONE,
        x: 12, y: 1, fg: Rgb(67, 71, 78), bg: Rgb(237, 237, 244), underline: Reset, modifier: NONE,
        x: 15, y: 1, fg: Rgb(25, 28, 32), bg: Rgb(237, 237, 244), underline: Reset, modifier: NONE,
        x: 22, y: 1, fg: Rgb(25, 28, 32), bg: Rgb(226, 226, 233), underline: Reset, modifier: NONE,
        x: 25, y: 1, fg: Rgb(25, 28, 32), bg: Rgb(237, 237, 244), underline: Reset, modifier: NONE,
        x: 27, y: 1, fg: Rgb(67, 71, 78), bg: Rgb(237, 237, 244), underline: Reset, modifier: NONE,
        x: 30, y: 1, fg: Rgb(25, 28, 32), bg: Rgb(237, 237, 244), underline: Reset, modifier: NONE,
        x: 44, y: 1, fg: Rgb(25, 28, 32), bg: Rgb(226, 226, 233), underline: Reset, modifier: NONE,
        x: 47, y: 1, fg: Rgb(25, 28, 32), bg: Rgb(237, 237, 244), underline: Reset, modifier: NONE,
        x: 49, y: 1, fg: Rgb(67, 71, 78), bg: Rgb(237, 237, 244), underline: Reset, modifier: NONE,
        x: 52, y: 1, fg: Rgb(25, 28, 32), bg: Rgb(237, 237, 244), underline: Reset, modifier: NONE,
        x: 59, y: 1, fg: Rgb(67, 71, 78), bg: Rgb(237, 237, 244), underline: Reset, modifier: NONE,
        x: 61, y: 1, fg: Rgb(25, 28, 32), bg: Rgb(237, 237, 244), underline: Reset, modifier: NONE,
        x: 0, y: 2, fg: Rgb(190, 193, 201), bg: Rgb(237, 237, 244), underline: Reset, modifier: NONE,
        x: 2, y: 2, fg: Rgb(50, 83, 131), bg: Rgb(237, 237, 244), underline: Reset, modifier: NONE,
        x: 11, y: 2, fg: Rgb(190, 193, 201), bg: Rgb(237, 237, 244), underline: Reset, modifier: NONE,
        x: 14, y: 2, fg: Rgb(25, 28, 32), bg: Rgb(231, 232, 238), underline: Reset, modifier: NONE,
        x: 86, y: 2, fg: Rgb(190, 193, 201), bg: Rgb(237, 237, 244), underline: Reset, modifier: NONE,
        x: 0, y: 3, fg: Rgb(25, 28, 32), bg: Rgb(243, 243, 250), underline: Reset, modifier: NONE,
        x: 14, y: 3, fg: Rgb(25, 28, 32), bg: Rgb(231, 232, 238), underline: Reset, modifier: NONE,
        x: 16, y: 3, fg: Rgb(50, 83, 131), bg: Rgb(231, 232, 238), underline: Reset, modifier: BOLD,
        x: 26, y: 3, fg: Rgb(25, 28, 32), bg: Rgb(231, 232, 238), underline: Reset, modifier: NONE,
        x: 31, y: 3, fg: Rgb(255, 255, 255), bg: Rgb(63, 95, 144), underline: Reset, modifier: NONE,
        x: 32, y: 3, fg: Rgb(25, 28, 32), bg: Rgb(231, 232, 238), underline: Reset, modifier: NONE,
        x: 86, y: 3, fg: Rgb(25, 28, 32), bg: Rgb(243, 243, 250), underline: Reset, modifier: NONE,
        x: 2, y: 4, fg: Rgb(50, 83, 131), bg: Rgb(243, 243, 250), underline: Reset, modifier: NONE,
        x: 14, y: 4, fg: Rgb(25, 28, 32), bg: Rgb(231, 232, 238), underline: Reset, modifier: NONE,
        x: 23, y: 4, fg: Rgb(25, 28, 32), bg: Rgb(231, 232, 238), underline: Reset, modifier: BOLD,
        x: 28, y: 4, fg: Rgb(25, 28, 32), bg: Rgb(231, 232, 238), underline: Reset, modifier: NONE,
        x: 97, y: 4, fg: Rgb(25, 28, 32), bg: Rgb(243, 243, 250), underline: Reset, modifier: NONE,
        x: 99, y: 4, fg: Rgb(190, 193, 201), bg: Rgb(243, 243, 250), underline: Reset, modifier: NONE,
        x: 0, y: 5, fg: Rgb(25, 28, 32), bg: Rgb(243, 243, 250), underline: Reset, modifier: NONE,
        x: 14, y: 5, fg: Rgb(25, 28, 32), bg: Rgb(207, 213, 225), underline: Reset, modifier: NONE,
        x: 86, y: 5, fg: Rgb(25, 28, 32), bg: Rgb(243, 243, 250), underline: Reset, modifier: NONE,
        x: 99, y: 5, fg: Rgb(190, 193, 201), bg: Rgb(243, 243, 250), underline: Reset, modifier: NONE,
        x: 0, y: 6, fg: Rgb(25, 28, 32), bg: Rgb(243, 243, 250), underline: Reset, modifier: NONE,
        x: 14, y: 6, fg: Rgb(25, 28, 32), bg: Rgb(231, 232, 238), underline: Reset, modifier: NONE,
        x: 86, y: 6, fg: Rgb(25, 28, 32), bg: Rgb(243, 243, 250), underline: Reset, modifier: NONE,
        x: 99, y: 6, fg: Rgb(190, 193, 201), bg: Rgb(243, 243, 250), underline: Reset, modifier: NONE,
        x: 0, y: 7, fg: Rgb(25, 28, 32), bg: Rgb(243, 243, 250), underline: Reset, modifier: NONE,
        x: 2, y: 7, fg: Rgb(67, 71, 78), bg: Rgb(243, 243, 250), underline: Reset, modifier: NONE,
        x: 4, y: 7, fg: Rgb(50, 83, 131), bg: Rgb(243, 243, 250), underline: Reset, modifier: NONE,
        x: 14, y: 7, fg: Rgb(25, 28, 32), bg: Rgb(231, 232, 238), underline: Reset, modifier: NONE,
        x: 86, y: 7, fg: Rgb(25, 28, 32), bg: Rgb(243, 243, 250), underline: Reset, modifier: NONE,
        x: 99, y: 7, fg: Rgb(190, 193, 201), bg: Rgb(243, 243, 250), underline: Reset, modifier: NONE,
        x: 0, y: 8, fg: Rgb(25, 28, 32), bg: Rgb(243, 243, 250), underline: Reset, modifier: NONE,
        x: 99, y: 8, fg: Rgb(190, 193, 201), bg: Rgb(243, 243, 250), underline: Reset, modifier: NONE,
        x: 0, y: 9, fg: Rgb(25, 28, 32), bg: Rgb(243, 243, 250), underline: Reset, modifier: NONE,
        x: 2, y: 9, fg: Rgb(38, 71, 119), bg: Rgb(214, 227, 255), underline: Reset, modifier: NONE,
        x: 7, y: 9, fg: Rgb(25, 28, 32), bg: Rgb(243, 243, 250), underline: Reset, modifier: NONE,
        x: 8, y: 9, fg: Rgb(38, 71, 119), bg: Rgb(214, 227, 255), underline: Reset, modifier: NONE,
        x: 16, y: 9, fg: Rgb(25, 28, 32), bg: Rgb(243, 243, 250), underline: Reset, modifier: NONE,
        x: 17, y: 9, fg: Rgb(38, 71, 119), bg: Rgb(214, 227, 255), underline: Reset, modifier: NONE,
        x: 23, y: 9, fg: Rgb(25, 28, 32), bg: Rgb(243, 243, 250), underline: Reset, modifier: NONE,
        x: 99, y: 9, fg: Rgb(190, 193, 201), bg: Rgb(243, 243, 250), underline: Reset, modifier: NONE,
        x: 0, y: 10, fg: Rgb(25, 28, 32), bg: Rgb(243, 243, 250), underline: Reset, modifier: NONE,
        x: 99, y: 10, fg: Rgb(190, 193, 201), bg: Rgb(243, 243, 250), underline: Reset, modifier: NONE,
        x: 0, y: 11, fg: Rgb(25, 28, 32), bg: Rgb(243, 243, 250), underline: Reset, modifier: NONE,
        x: 2, y: 11, fg: Rgb(67, 71, 78), bg: Rgb(243, 243, 250), underline: Reset, modifier: NONE,
        x: 68, y: 11, fg: Rgb(25, 28, 32), bg: Rgb(243, 243, 250), underline: Reset, modifier: NONE,
        x: 99, y: 11, fg: Rgb(190, 193, 201), bg: Rgb(243, 243, 250), underline: Reset, modifier: NONE,
        x: 0, y: 12, fg: Rgb(25, 28, 32), bg: Rgb(243, 243, 250), underline: Reset, modifier: NONE,
        x: 99, y: 12, fg: Rgb(190, 193, 201), bg: Rgb(243, 243, 250), underline: Reset, modifier: NONE,
        x: 0, y: 13, fg: Rgb(25, 28, 32), bg: Rgb(243, 243, 250), underline: Reset, modifier: NONE,
        x: 2, y: 13, fg: Rgb(25, 28, 32), bg: Rgb(231, 232, 238), underline: Reset, modifier: NONE,
        x: 15, y: 13, fg: Rgb(25, 28, 32), bg: Rgb(243, 243, 250), underline: Reset, modifier: NONE,
        x: 66, y: 13, fg: Rgb(67, 71, 78), bg: Rgb(243, 243, 250), underline: Reset, modifier: NONE,
        x: 79, y: 13, fg: Rgb(25, 28, 32), bg: Rgb(243, 243, 250), underline: Reset, modifier: NONE,
        x: 80, y: 13, fg: Rgb(25, 28, 32), bg: Rgb(231, 232, 238), underline: Reset, modifier: NONE,
        x: 97, y: 13, fg: Rgb(25, 28, 32), bg: Rgb(243, 243, 250), underline: Reset, modifier: NONE,
        x: 99, y: 13, fg: Rgb(190, 193, 201), bg: Rgb(243, 243, 250), underline: Reset, modifier: NONE,
        x: 0, y: 14, fg: Rgb(25, 28, 32), bg: Rgb(243, 243, 250), underline: Reset, modifier: NONE,
        x: 99, y: 14, fg: Rgb(190, 193, 201), bg: Rgb(243, 243, 250), underline: Reset, modifier: NONE,
        x: 0, y: 15, fg: Rgb(25, 28, 32), bg: Rgb(243, 243, 250), underline: Reset, modifier: NONE,
        x: 2, y: 15, fg: Rgb(190, 193, 201), bg: Rgb(243, 243, 250), underline: Reset, modifier: NONE,
        x: 4, y: 15, fg: Rgb(25, 28, 32), bg: Rgb(243, 243, 250), underline: Reset, modifier: NONE,
        x: 5, y: 15, fg: Rgb(25, 28, 32), bg: Rgb(243, 243, 250), underline: Reset, modifier: BOLD,
        x: 12, y: 15, fg: Rgb(25, 28, 32), bg: Rgb(243, 243, 250), underline: Reset, modifier: NONE,
        x: 45, y: 15, fg: Rgb(190, 193, 201), bg: Rgb(243, 243, 250), underline: Reset, modifier: NONE,
        x: 77, y: 15, fg: Rgb(25, 28, 32), bg: Rgb(243, 243, 250), underline: Reset, modifier: NONE,
        x: 78, y: 15, fg: Rgb(67, 71, 78), bg: Rgb(243, 243, 250), underline: Reset, modifier: NONE,
        x: 94, y: 15, fg: Rgb(25, 28, 32), bg: Rgb(243, 243, 250), underline: Reset, modifier: NONE,
        x: 95, y: 15, fg: Rgb(190, 193, 201), bg: Rgb(243, 243, 250), underline: Reset, modifier: NONE,
        x: 97, y: 15, fg: Rgb(25, 28, 32), bg: Rgb(243, 243, 250), underline: Reset, modifier: NONE,
        x: 99, y: 15, fg: Rgb(190, 193, 201), bg: Rgb(243, 243, 250), underline: Reset, modifier: NONE,
        x: 0, y: 16, fg: Rgb(25, 28, 32), bg: Rgb(243, 243, 250), underline: Reset, modifier: NONE,
        x: 2, y: 16, fg: Rgb(190, 193, 201), bg: Rgb(243, 243, 250), underline: Reset, modifier: NONE,
        x: 3, y: 16, fg: Rgb(50, 83, 131), bg: Rgb(221, 225, 237), underline: Reset, modifier: NONE,
        x: 13, y: 16, fg: Rgb(25, 28, 32), bg: Rgb(221, 225, 237), underline: Reset, modifier: NONE,
        x: 96, y: 16, fg: Rgb(190, 193, 201), bg: Rgb(243, 243, 250), underline: Reset, modifier: NONE,
        x: 97, y: 16, fg: Rgb(25, 28, 32), bg: Rgb(243, 243, 250), underline: Reset, modifier: NONE,
        x: 99, y: 16, fg: Rgb(190, 193, 201), bg: Rgb(243, 243, 250), underline: Reset, modifier: NONE,
        x: 0, y: 17, fg: Rgb(25, 28, 32), bg: Rgb(243, 243, 250), underline: Reset, modifier: NONE,
        x: 2, y: 17, fg: Rgb(190, 193, 201), bg: Rgb(243, 243, 250), underline: Reset, modifier: NONE,
        x: 3, y: 17, fg: Rgb(25, 28, 32), bg: Rgb(243, 243, 250), underline: Reset, modifier: NONE,
        x: 4, y: 17, fg: Rgb(50, 83, 131), bg: Rgb(243, 243, 250), underline: Reset, modifier: NONE,
        x: 12, y: 17, fg: Rgb(25, 28, 32), bg: Rgb(243, 243, 250), underline: Reset, modifier: NONE,
        x: 96, y: 17, fg: Rgb(190, 193, 201), bg: Rgb(243, 243, 250), underline: Reset, modifier: NONE,
        x: 97, y: 17, fg: Rgb(25, 28, 32), bg: Rgb(243, 243, 250), underline: Reset, modifier: NONE,
        x: 99, y: 17, fg: Rgb(190, 193, 201), bg: Rgb(243, 243, 250), underline: Reset, modifier: NONE,
        x: 0, y: 18, fg: Rgb(25, 28, 32), bg: Rgb(243, 243, 250), underline: Reset, modifier: NONE,
        x: 2, y: 18, fg: Rgb(190, 193, 201), bg: Rgb(243, 243, 250), underline: Reset, modifier: NONE,
        x: 3, y: 18, fg: Rgb(25, 28, 32), bg: Rgb(243, 243, 250), underline: Reset, modifier: NONE,
        x: 4, y: 18, fg: Rgb(67, 71, 78), bg: Rgb(243, 243, 250), underline: Reset, modifier: NONE,
        x: 6, y: 18, fg: Rgb(25, 28, 32), bg: Rgb(243, 243, 250), underline: Reset, modifier: NONE,
        x: 89, y: 18, fg: Rgb(67, 71, 78), bg: Rgb(243, 243, 250), underline: Reset, modifier: NONE,
        x: 95, y: 18, fg: Rgb(25, 28, 32), bg: Rgb(243, 243, 250), underline: Reset, modifier: NONE,
        x: 96, y: 18, fg: Rgb(190, 193, 201), bg: Rgb(243, 243, 250), underline: Reset, modifier: NONE,
        x: 97, y: 18, fg: Rgb(25, 28, 32), bg: Rgb(243, 243, 250), underline: Reset, modifier: NONE,
        x: 99, y: 18, fg: Rgb(190, 193, 201), bg: Rgb(243, 243, 250), underline: Reset, modifier: NONE,
        x: 0, y: 19, fg: Rgb(25, 28, 32), bg: Rgb(243, 243, 250), underline: Reset, modifier: NONE,
        x: 2, y: 19, fg: Rgb(190, 193, 201), bg: Rgb(243, 243, 250), underline: Reset, modifier: NONE,
        x: 3, y: 19, fg: Rgb(25, 28, 32), bg: Rgb(243, 243, 250), underline: Reset, modifier: NONE,
        x: 4, y: 19, fg: Rgb(67, 71, 78), bg: Rgb(243, 243, 250), underline: Reset, modifier: NONE,
        x: 6, y: 19, fg: Rgb(25, 28, 32), bg: Rgb(243, 243, 250), underline: Reset, modifier: NONE,
        x: 89, y: 19, fg: Rgb(67, 71, 78), bg: Rgb(243, 243, 250), underline: Reset, modifier: NONE,
        x: 95, y: 19, fg: Rgb(25, 28, 32), bg: Rgb(243, 243, 250), underline: Reset, modifier: NONE,
        x: 96, y: 19, fg: Rgb(190, 193, 201), bg: Rgb(243, 243, 250), underline: Reset, modifier: NONE,
        x: 97, y: 19, fg: Rgb(25, 28, 32), bg: Rgb(243, 243, 250), underline: Reset, modifier: NONE,
        x: 99, y: 19, fg: Rgb(190, 193, 201), bg: Rgb(243, 243, 250), underline: Reset, modifier: NONE,
        x: 0, y: 20, fg: Rgb(25, 28, 32), bg: Rgb(243, 243, 250), underline: Reset, modifier: NONE,
        x: 2, y: 20, fg: Rgb(190, 193, 201), bg: Rgb(243, 243, 250), underline: Reset, modifier: NONE,
        x: 97, y: 20, fg: Rgb(25, 28, 32), bg: Rgb(243, 243, 250), underline: Reset, modifier: NONE,
        x: 99, y: 20, fg: Rgb(190, 193, 201), bg: Rgb(243, 243, 250), underline: Reset, modifier: NONE,
        x: 0, y: 21, fg: Rgb(25, 28, 32), bg: Rgb(243, 243, 250), underline: Reset, modifier: NONE,
        x: 2, y: 22, fg: Rgb(190, 193, 201), bg: Rgb(243, 243, 250), underline: Reset, modifier: NONE,
        x: 4, y: 22, fg: Rgb(25, 28, 32), bg: Rgb(243, 243, 250), underline: Reset, modifier: NONE,
        x: 5, y: 22, fg: Rgb(25, 28, 32), bg: Rgb(243, 243, 250), underline: Reset, modifier: BOLD,
        x: 6, y: 22, fg: Reset, bg: Reset, underline: Reset, modifier: NONE,
        x: 7, y: 22, fg: Rgb(25, 28, 32), bg: Rgb(243, 243, 250), underline: Reset, modifier: BOLD,
        x: 17, y: 22, fg: Rgb(25, 28, 32), bg: Rgb(243, 243, 250), underline: Reset, modifier: NONE,
        x: 18, y: 22, fg: Rgb(190, 193, 201), bg: Rgb(243, 243, 250), underline: Reset, modifier: NONE,
        x: 97, y: 22, fg: Rgb(25, 28, 32), bg: Rgb(243, 243, 250), underline: Reset, modifier: NONE,
        x: 2, y: 23, fg: Rgb(190, 193, 201), bg: Rgb(243, 243, 250), underline: Reset, modifier: NONE,
        x: 3, y: 23, fg: Rgb(25, 28, 32), bg: Rgb(243, 243, 250), underline: Reset, modifier: NONE,
        x: 4, y: 23, fg: Rgb(25, 28, 32), bg: Rgb(243, 243, 250), underline: Reset, modifier: BOLD,
        x: 9, y: 23, fg: Rgb(25, 28, 32), bg: Rgb(243, 243, 250), underline: Reset, modifier: NONE,
        x: 96, y: 23, fg: Rgb(190, 193, 201), bg: Rgb(243, 243, 250), underline: Reset, modifier: NONE,
        x: 97, y: 23, fg: Rgb(25, 28, 32), bg: Rgb(243, 243, 250), underline: Reset, modifier: NONE,
        x: 2, y: 24, fg: Rgb(190, 193, 201), bg: Rgb(243, 243, 250), underline: Reset, modifier: NONE,
        x: 3, y: 24, fg: Rgb(25, 28, 32), bg: Rgb(243, 243, 250), underline: Reset, modifier: NONE,
        x: 4, y: 24, fg: Rgb(67, 71, 78), bg: Rgb(243, 243, 250), underline: Reset, modifier: NONE,
        x: 95, y: 24, fg: Rgb(25, 28, 32), bg: Rgb(243, 243, 250), underline: Reset, modifier: NONE,
        x: 96, y: 24, fg: Rgb(190, 193, 201), bg: Rgb(243, 243, 250), underline: Reset, modifier: NONE,
        x: 97, y: 24, fg: Rgb(25, 28, 32), bg: Rgb(243, 243, 250), underline: Reset, modifier: NONE,
        x: 2, y: 25, fg: Rgb(190, 193, 201), bg: Rgb(243, 243, 250), underline: Reset, modifier: NONE,
        x: 3, y: 25, fg: Rgb(25, 28, 32), bg: Rgb(243, 243, 250), underline: Reset, modifier: NONE,
        x: 96, y: 25, fg: Rgb(190, 193, 201), bg: Rgb(243, 243, 250), underline: Reset, modifier: NONE,
        x: 97, y: 25, fg: Rgb(25, 28, 32), bg: Rgb(243, 243, 250), underline: Reset, modifier: NONE,
        x: 2, y: 26, fg: Rgb(190, 193, 201), bg: Rgb(243, 243, 250), underline: Reset, modifier: NONE,
        x: 3, y: 26, fg: Rgb(25, 28, 32), bg: Rgb(243, 243, 250), underline: Reset, modifier: NONE,
        x: 6, y: 26, fg: Rgb(25, 28, 32), bg: Rgb(243, 243, 250), underline: Reset, modifier: BOLD,
        x: 21, y: 26, fg: Rgb(25, 28, 32), bg: Rgb(243, 243, 250), underline: Reset, modifier: NONE,
        x: 42, y: 26, fg: Rgb(50, 83, 131), bg: Rgb(243, 243, 250), underline: Reset, modifier: NONE,
        x: 48, y: 26, fg: Rgb(25, 28, 32), bg: Rgb(243, 243, 250), underline: Reset, modifier: NONE,
        x: 79, y: 26, fg: Rgb(50, 83, 131), bg: Rgb(243, 243, 250), underline: Reset, modifier: NONE,
        x: 94, y: 26, fg: Rgb(25, 28, 32), bg: Rgb(243, 243, 250), underline: Reset, modifier: NONE,
        x: 96, y: 26, fg: Rgb(190, 193, 201), bg: Rgb(243, 243, 250), underline: Reset, modifier: NONE,
        x: 97, y: 26, fg: Rgb(25, 28, 32), bg: Rgb(243, 243, 250), underline: Reset, modifier: NONE,
        x: 2, y: 27, fg: Rgb(190, 193, 201), bg: Rgb(243, 243, 250), underline: Reset, modifier: NONE,
        x: 3, y: 27, fg: Rgb(25, 28, 32), bg: Rgb(243, 243, 250), underline: Reset, modifier: NONE,
        x: 96, y: 27, fg: Rgb(190, 193, 201), bg: Rgb(243, 243, 250), underline: Reset, modifier: NONE,
        x: 97, y: 27, fg: Rgb(25, 28, 32), bg: Rgb(243, 243, 250), underline: Reset, modifier: NONE,
        x: 2, y: 28, fg: Rgb(190, 193, 201), bg: Rgb(243, 243, 250), underline: Reset, modifier: NONE,
        x: 3, y: 28, fg: Rgb(25, 28, 32), bg: Rgb(243, 243, 250), underline: Reset, modifier: NONE,
        x: 4, y: 28, fg: Rgb(25, 28, 32), bg: Rgb(243, 243, 250), underline: Reset, modifier: BOLD,
        x: 11, y: 28, fg: Rgb(25, 28, 32), bg: Rgb(243, 243, 250), underline: Reset, modifier: NONE,
        x: 96, y: 28, fg: Rgb(190, 193, 201), bg: Rgb(243, 243, 250), underline: Reset, modifier: NONE,
        x: 97, y: 28, fg: Rgb(25, 28, 32), bg: Rgb(243, 243, 250), underline: Reset, modifier: NONE,
        x: 0, y: 29, fg: Rgb(25, 28, 32), bg: Rgb(237, 237, 244), underline: Reset, modifier: NONE,
        x: 2, y: 29, fg: Rgb(50, 83, 131), bg: Rgb(237, 237, 244), underline: Reset, modifier: BOLD,
        x: 3, y: 29, fg: Rgb(67, 71, 78), bg: Rgb(237, 237, 244), underline: Reset, modifier: NONE,
        x: 8, y: 29, fg: Rgb(25, 28, 32), bg: Rgb(237, 237, 244), underline: Reset, modifier: NONE,
        x: 11, y: 29, fg: Rgb(50, 83, 131), bg: Rgb(237, 237, 244), underline: Reset, modifier: BOLD,
        x: 13, y: 29, fg: Rgb(67, 71, 78), bg: Rgb(237, 237, 244), underline: Reset, modifier: NONE,
        x: 20, y: 29, fg: Rgb(25, 28, 32), bg: Rgb(237, 237, 244), underline: Reset, modifier: NONE,
        x: 23, y: 29, fg: Rgb(50, 83, 131), bg: Rgb(237, 237, 244), underline: Reset, modifier: BOLD,
        x: 26, y: 29, fg: Rgb(67, 71, 78), bg: Rgb(237, 237, 244), underline: Reset, modifier: NONE,
        x: 32, y: 29, fg: Rgb(25, 28, 32), bg: Rgb(237, 237, 244), underline: Reset, modifier: NONE,
        x: 85, y: 29, fg: Rgb(67, 71, 78), bg: Rgb(237, 237, 244), underline: Reset, modifier: NONE,
        x: 98, y: 29, fg: Rgb(25, 28, 32), bg: Rgb(237, 237, 244), underline: Reset, modifier: NONE,
    ]
}
