---
source: crates/app/src/snapshot_tests.rs
expression: render(&state)
---
Buffer {
    area: Rect { x: 0, y: 0, width: 100, height: 30 },
    content: [
        "  ghtui   Inbox                                                                           @octocat  ",
        "                                                                                                    ",
        "  Review requested  2                                                                               ",
        "  ● Add a vi                                                                            ✓ passing   ",
        "    ratatui/  Keyboard shortcuts                                                        3 comments  ",
        "  ○ Draft Fi                                                                            ● pending   ",
        "    tokio-rs  j  <Down>     Move down                                                   3 comments  ",
        "              k  <Up>       Move up                                                                 ",
        "  Your pull   <C-d>         Half page down                                                          ",
        "  ● Theme: g  <C-u>         Half page up                                                ✗ failing   ",
        "    gold-sil  gg            Go to top                                                   3 comments  ",
        "  ● Cache Gr  G             Go to bottom                                               requested    ",
        "    gold-sil  <Enter>       Open: pull request, its diff, a file, or a collapsed file   3 comments  ",
        "              <Esc>  <BS>   Back                                                                    ",
        "              q             Close view (quit from the inbox)                                        ",
        "              <C-c>         Quit                                                                    ",
        "              r             Refresh                                                                 ",
        "              o             Open on GitHub                                                          ",
        "              :             Command palette                                                         ",
        "              ?             Keyboard shortcuts                                                      ",
        "              ]h            Next hunk                                                               ",
        "              [h            Previous hunk                                                           ",
        "              ]f            Next file                                                               ",
        "              [f            Previous file                                                           ",
        "              <Tab>         Show or hide the file tree                                              ",
        "              <C-w>         Switch between file tree and diff                                       ",
        "                                                                                                    ",
        "                                                                                                    ",
        "                                                                                                    ",
        "                                                                            API 4987/5000   ? help  ",
    ],
    styles: [
        x: 0, y: 0, fg: Rgb(226, 226, 233), bg: Rgb(29, 32, 36), underline: Reset, modifier: NONE,
        x: 2, y: 0, fg: Rgb(169, 199, 255), bg: Rgb(29, 32, 36), underline: Reset, modifier: BOLD,
        x: 7, y: 0, fg: Rgb(226, 226, 233), bg: Rgb(29, 32, 36), underline: Reset, modifier: NONE,
        x: 9, y: 0, fg: Rgb(217, 227, 249), bg: Rgb(62, 71, 88), underline: Reset, modifier: BOLD,
        x: 16, y: 0, fg: Rgb(226, 226, 233), bg: Rgb(29, 32, 36), underline: Reset, modifier: NONE,
        x: 90, y: 0, fg: Rgb(196, 198, 207), bg: Rgb(29, 32, 36), underline: Reset, modifier: NONE,
        x: 98, y: 0, fg: Rgb(226, 226, 233), bg: Rgb(29, 32, 36), underline: Reset, modifier: NONE,
        x: 0, y: 1, fg: Rgb(226, 226, 233), bg: Rgb(25, 28, 32), underline: Reset, modifier: NONE,
        x: 2, y: 2, fg: Rgb(226, 226, 233), bg: Rgb(25, 28, 32), underline: Reset, modifier: BOLD,
        x: 18, y: 2, fg: Rgb(196, 198, 207), bg: Rgb(25, 28, 32), underline: Reset, modifier: NONE,
        x: 21, y: 2, fg: Rgb(226, 226, 233), bg: Rgb(25, 28, 32), underline: Reset, modifier: NONE,
        x: 0, y: 3, fg: Rgb(226, 226, 233), bg: Rgb(42, 49, 59), underline: Reset, modifier: NONE,
        x: 2, y: 3, fg: Rgb(110, 219, 169), bg: Rgb(42, 49, 59), underline: Reset, modifier: NONE,
        x: 3, y: 3, fg: Rgb(226, 226, 233), bg: Rgb(42, 49, 59), underline: Reset, modifier: NONE,
        x: 4, y: 3, fg: Rgb(226, 226, 233), bg: Rgb(42, 49, 59), underline: Reset, modifier: BOLD,
        x: 12, y: 3, fg: Rgb(226, 226, 233), bg: Rgb(40, 42, 47), underline: Reset, modifier: BOLD,
        x: 59, y: 3, fg: Rgb(226, 226, 233), bg: Rgb(40, 42, 47), underline: Reset, modifier: NONE,
        x: 87, y: 3, fg: Rgb(169, 242, 204), bg: Rgb(0, 82, 55), underline: Reset, modifier: NONE,
        x: 98, y: 3, fg: Rgb(226, 226, 233), bg: Rgb(42, 49, 59), underline: Reset, modifier: NONE,
        x: 4, y: 4, fg: Rgb(196, 198, 207), bg: Rgb(42, 49, 59), underline: Reset, modifier: NONE,
        x: 12, y: 4, fg: Rgb(226, 226, 233), bg: Rgb(40, 42, 47), underline: Reset, modifier: NONE,
        x: 14, y: 4, fg: Rgb(226, 226, 233), bg: Rgb(40, 42, 47), underline: Reset, modifier: BOLD,
        x: 32, y: 4, fg: Rgb(226, 226, 233), bg: Rgb(40, 42, 47), underline: Reset, modifier: NONE,
        x: 87, y: 4, fg: Rgb(196, 198, 207), bg: Rgb(42, 49, 59), underline: Reset, modifier: NONE,
        x: 98, y: 4, fg: Rgb(226, 226, 233), bg: Rgb(42, 49, 59), underline: Reset, modifier: NONE,
        x: 0, y: 5, fg: Rgb(226, 226, 233), bg: Rgb(25, 28, 32), underline: Reset, modifier: NONE,
        x: 2, y: 5, fg: Rgb(196, 198, 207), bg: Rgb(25, 28, 32), underline: Reset, modifier: NONE,
        x: 3, y: 5, fg: Rgb(226, 226, 233), bg: Rgb(25, 28, 32), underline: Reset, modifier: NONE,
        x: 4, y: 5, fg: Rgb(196, 198, 207), bg: Rgb(25, 28, 32), underline: Reset, modifier: NONE,
        x: 10, y: 5, fg: Rgb(226, 226, 233), bg: Rgb(25, 28, 32), underline: Reset, modifier: BOLD,
        x: 12, y: 5, fg: Rgb(226, 226, 233), bg: Rgb(40, 42, 47), underline: Reset, modifier: BOLD,
        x: 85, y: 5, fg: Rgb(226, 226, 233), bg: Rgb(40, 42, 47), underline: Reset, modifier: NONE,
        x: 87, y: 5, fg: Rgb(217, 227, 249), bg: Rgb(62, 71, 88), underline: Reset, modifier: NONE,
        x: 98, y: 5, fg: Rgb(226, 226, 233), bg: Rgb(25, 28, 32), underline: Reset, modifier: NONE,
        x: 4, y: 6, fg: Rgb(196, 198, 207), bg: Rgb(25, 28, 32), underline: Reset, modifier: NONE,
        x: 12, y: 6, fg: Rgb(226, 226, 233), bg: Rgb(40, 42, 47), underline: Reset, modifier: NONE,
        x: 14, y: 6, fg: Rgb(169, 199, 255), bg: Rgb(40, 42, 47), underline: Reset, modifier: BOLD,
        x: 25, y: 6, fg: Rgb(226, 226, 233), bg: Rgb(40, 42, 47), underline: Reset, modifier: NONE,
        x: 87, y: 6, fg: Rgb(196, 198, 207), bg: Rgb(25, 28, 32), underline: Reset, modifier: NONE,
        x: 98, y: 6, fg: Rgb(226, 226, 233), bg: Rgb(25, 28, 32), underline: Reset, modifier: NONE,
        x: 12, y: 7, fg: Rgb(226, 226, 233), bg: Rgb(40, 42, 47), underline: Reset, modifier: NONE,
        x: 14, y: 7, fg: Rgb(169, 199, 255), bg: Rgb(40, 42, 47), underline: Reset, modifier: BOLD,
        x: 25, y: 7, fg: Rgb(226, 226, 233), bg: Rgb(40, 42, 47), underline: Reset, modifier: NONE,
        x: 87, y: 7, fg: Rgb(226, 226, 233), bg: Rgb(25, 28, 32), underline: Reset, modifier: NONE,
        x: 2, y: 8, fg: Rgb(226, 226, 233), bg: Rgb(25, 28, 32), underline: Reset, modifier: BOLD,
        x: 12, y: 8, fg: Rgb(226, 226, 233), bg: Rgb(40, 42, 47), underline: Reset, modifier: BOLD,
        x: 14, y: 8, fg: Rgb(169, 199, 255), bg: Rgb(40, 42, 47), underline: Reset, modifier: BOLD,
        x: 25, y: 8, fg: Rgb(226, 226, 233), bg: Rgb(40, 42, 47), underline: Reset, modifier: NONE,
        x: 87, y: 8, fg: Rgb(226, 226, 233), bg: Rgb(25, 28, 32), underline: Reset, modifier: NONE,
        x: 2, y: 9, fg: Rgb(110, 219, 169), bg: Rgb(25, 28, 32), underline: Reset, modifier: NONE,
        x: 3, y: 9, fg: Rgb(226, 226, 233), bg: Rgb(25, 28, 32), underline: Reset, modifier: NONE,
        x: 4, y: 9, fg: Rgb(226, 226, 233), bg: Rgb(25, 28, 32), underline: Reset, modifier: BOLD,
        x: 12, y: 9, fg: Rgb(226, 226, 233), bg: Rgb(40, 42, 47), underline: Reset, modifier: BOLD,
        x: 14, y: 9, fg: Rgb(169, 199, 255), bg: Rgb(40, 42, 47), underline: Reset, modifier: BOLD,
        x: 25, y: 9, fg: Rgb(226, 226, 233), bg: Rgb(40, 42, 47), underline: Reset, modifier: BOLD,
        x: 44, y: 9, fg: Rgb(226, 226, 233), bg: Rgb(40, 42, 47), underline: Reset, modifier: NONE,
        x: 87, y: 9, fg: Rgb(255, 218, 214), bg: Rgb(147, 0, 10), underline: Reset, modifier: NONE,
        x: 98, y: 9, fg: Rgb(226, 226, 233), bg: Rgb(25, 28, 32), underline: Reset, modifier: NONE,
        x: 4, y: 10, fg: Rgb(196, 198, 207), bg: Rgb(25, 28, 32), underline: Reset, modifier: NONE,
        x: 12, y: 10, fg: Rgb(226, 226, 233), bg: Rgb(40, 42, 47), underline: Reset, modifier: NONE,
        x: 14, y: 10, fg: Rgb(169, 199, 255), bg: Rgb(40, 42, 47), underline: Reset, modifier: BOLD,
        x: 25, y: 10, fg: Rgb(226, 226, 233), bg: Rgb(40, 42, 47), underline: Reset, modifier: NONE,
        x: 87, y: 10, fg: Rgb(196, 198, 207), bg: Rgb(25, 28, 32), underline: Reset, modifier: NONE,
        x: 98, y: 10, fg: Rgb(226, 226, 233), bg: Rgb(25, 28, 32), underline: Reset, modifier: NONE,
        x: 2, y: 11, fg: Rgb(110, 219, 169), bg: Rgb(25, 28, 32), underline: Reset, modifier: NONE,
        x: 3, y: 11, fg: Rgb(226, 226, 233), bg: Rgb(25, 28, 32), underline: Reset, modifier: NONE,
        x: 4, y: 11, fg: Rgb(226, 226, 233), bg: Rgb(25, 28, 32), underline: Reset, modifier: BOLD,
        x: 12, y: 11, fg: Rgb(226, 226, 233), bg: Rgb(40, 42, 47), underline: Reset, modifier: BOLD,
        x: 14, y: 11, fg: Rgb(169, 199, 255), bg: Rgb(40, 42, 47), underline: Reset, modifier: BOLD,
        x: 25, y: 11, fg: Rgb(226, 226, 233), bg: Rgb(40, 42, 47), underline: Reset, modifier: BOLD,
        x: 35, y: 11, fg: Rgb(226, 226, 233), bg: Rgb(40, 42, 47), underline: Reset, modifier: NONE,
        x: 87, y: 11, fg: Rgb(255, 218, 214), bg: Rgb(147, 0, 10), underline: Reset, modifier: NONE,
        x: 97, y: 11, fg: Rgb(226, 226, 233), bg: Rgb(25, 28, 32), underline: Reset, modifier: NONE,
        x: 4, y: 12, fg: Rgb(196, 198, 207), bg: Rgb(25, 28, 32), underline: Reset, modifier: NONE,
        x: 12, y: 12, fg: Rgb(226, 226, 233), bg: Rgb(40, 42, 47), underline: Reset, modifier: NONE,
        x: 14, y: 12, fg: Rgb(169, 199, 255), bg: Rgb(40, 42, 47), underline: Reset, modifier: BOLD,
        x: 25, y: 12, fg: Rgb(226, 226, 233), bg: Rgb(40, 42, 47), underline: Reset, modifier: NONE,
        x: 87, y: 12, fg: Rgb(196, 198, 207), bg: Rgb(25, 28, 32), underline: Reset, modifier: NONE,
        x: 98, y: 12, fg: Rgb(226, 226, 233), bg: Rgb(25, 28, 32), underline: Reset, modifier: NONE,
        x: 12, y: 13, fg: Rgb(226, 226, 233), bg: Rgb(40, 42, 47), underline: Reset, modifier: NONE,
        x: 14, y: 13, fg: Rgb(169, 199, 255), bg: Rgb(40, 42, 47), underline: Reset, modifier: BOLD,
        x: 25, y: 13, fg: Rgb(226, 226, 233), bg: Rgb(40, 42, 47), underline: Reset, modifier: NONE,
        x: 87, y: 13, fg: Rgb(226, 226, 233), bg: Rgb(25, 28, 32), underline: Reset, modifier: NONE,
        x: 12, y: 14, fg: Rgb(226, 226, 233), bg: Rgb(40, 42, 47), underline: Reset, modifier: NONE,
        x: 14, y: 14, fg: Rgb(169, 199, 255), bg: Rgb(40, 42, 47), underline: Reset, modifier: BOLD,
        x: 25, y: 14, fg: Rgb(226, 226, 233), bg: Rgb(40, 42, 47), underline: Reset, modifier: NONE,
        x: 87, y: 14, fg: Rgb(226, 226, 233), bg: Rgb(25, 28, 32), underline: Reset, modifier: NONE,
        x: 12, y: 15, fg: Rgb(226, 226, 233), bg: Rgb(40, 42, 47), underline: Reset, modifier: NONE,
        x: 14, y: 15, fg: Rgb(169, 199, 255), bg: Rgb(40, 42, 47), underline: Reset, modifier: BOLD,
        x: 25, y: 15, fg: Rgb(226, 226, 233), bg: Rgb(40, 42, 47), underline: Reset, modifier: NONE,
        x: 87, y: 15, fg: Rgb(226, 226, 233), bg: Rgb(25, 28, 32), underline: Reset, modifier: NONE,
        x: 12, y: 16, fg: Rgb(226, 226, 233), bg: Rgb(40, 42, 47), underline: Reset, modifier: NONE,
        x: 14, y: 16, fg: Rgb(169, 199, 255), bg: Rgb(40, 42, 47), underline: Reset, modifier: BOLD,
        x: 25, y: 16, fg: Rgb(226, 226, 233), bg: Rgb(40, 42, 47), underline: Reset, modifier: NONE,
        x: 87, y: 16, fg: Rgb(226, 226, 233), bg: Rgb(25, 28, 32), underline: Reset, modifier: NONE,
        x: 12, y: 17, fg: Rgb(226, 226, 233), bg: Rgb(40, 42, 47), underline: Reset, modifier: NONE,
        x: 14, y: 17, fg: Rgb(169, 199, 255), bg: Rgb(40, 42, 47), underline: Reset, modifier: BOLD,
        x: 25, y: 17, fg: Rgb(226, 226, 233), bg: Rgb(40, 42, 47), underline: Reset, modifier: NONE,
        x: 87, y: 17, fg: Rgb(226, 226, 233), bg: Rgb(25, 28, 32), underline: Reset, modifier: NONE,
        x: 12, y: 18, fg: Rgb(226, 226, 233), bg: Rgb(40, 42, 47), underline: Reset, modifier: NONE,
        x: 14, y: 18, fg: Rgb(169, 199, 255), bg: Rgb(40, 42, 47), underline: Reset, modifier: BOLD,
        x: 25, y: 18, fg: Rgb(226, 226, 233), bg: Rgb(40, 42, 47), underline: Reset, modifier: NONE,
        x: 87, y: 18, fg: Rgb(226, 226, 233), bg: Rgb(25, 28, 32), underline: Reset, modifier: NONE,
        x: 12, y: 19, fg: Rgb(226, 226, 233), bg: Rgb(40, 42, 47), underline: Reset, modifier: NONE,
        x: 14, y: 19, fg: Rgb(169, 199, 255), bg: Rgb(40, 42, 47), underline: Reset, modifier: BOLD,
        x: 25, y: 19, fg: Rgb(226, 226, 233), bg: Rgb(40, 42, 47), underline: Reset, modifier: NONE,
        x: 87, y: 19, fg: Rgb(226, 226, 233), bg: Rgb(25, 28, 32), underline: Reset, modifier: NONE,
        x: 12, y: 20, fg: Rgb(226, 226, 233), bg: Rgb(40, 42, 47), underline: Reset, modifier: NONE,
        x: 14, y: 20, fg: Rgb(169, 199, 255), bg: Rgb(40, 42, 47), underline: Reset, modifier: BOLD,
        x: 25, y: 20, fg: Rgb(226, 226, 233), bg: Rgb(40, 42, 47), underline: Reset, modifier: NONE,
        x: 87, y: 20, fg: Rgb(226, 226, 233), bg: Rgb(25, 28, 32), underline: Reset, modifier: NONE,
        x: 12, y: 21, fg: Rgb(226, 226, 233), bg: Rgb(40, 42, 47), underline: Reset, modifier: NONE,
        x: 14, y: 21, fg: Rgb(169, 199, 255), bg: Rgb(40, 42, 47), underline: Reset, modifier: BOLD,
        x: 25, y: 21, fg: Rgb(226, 226, 233), bg: Rgb(40, 42, 47), underline: Reset, modifier: NONE,
        x: 87, y: 21, fg: Rgb(226, 226, 233), bg: Rgb(25, 28, 32), underline: Reset, modifier: NONE,
        x: 12, y: 22, fg: Rgb(226, 226, 233), bg: Rgb(40, 42, 47), underline: Reset, modifier: NONE,
        x: 14, y: 22, fg: Rgb(169, 199, 255), bg: Rgb(40, 42, 47), underline: Reset, modifier: BOLD,
        x: 25, y: 22, fg: Rgb(226, 226, 233), bg: Rgb(40, 42, 47), underline: Reset, modifier: NONE,
        x: 87, y: 22, fg: Rgb(226, 226, 233), bg: Rgb(25, 28, 32), underline: Reset, modifier: NONE,
        x: 12, y: 23, fg: Rgb(226, 226, 233), bg: Rgb(40, 42, 47), underline: Reset, modifier: NONE,
        x: 14, y: 23, fg: Rgb(169, 199, 255), bg: Rgb(40, 42, 47), underline: Reset, modifier: BOLD,
        x: 25, y: 23, fg: Rgb(226, 226, 233), bg: Rgb(40, 42, 47), underline: Reset, modifier: NONE,
        x: 87, y: 23, fg: Rgb(226, 226, 233), bg: Rgb(25, 28, 32), underline: Reset, modifier: NONE,
        x: 12, y: 24, fg: Rgb(226, 226, 233), bg: Rgb(40, 42, 47), underline: Reset, modifier: NONE,
        x: 14, y: 24, fg: Rgb(169, 199, 255), bg: Rgb(40, 42, 47), underline: Reset, modifier: BOLD,
        x: 25, y: 24, fg: Rgb(226, 226, 233), bg: Rgb(40, 42, 47), underline: Reset, modifier: NONE,
        x: 87, y: 24, fg: Rgb(226, 226, 233), bg: Rgb(25, 28, 32), underline: Reset, modifier: NONE,
        x: 12, y: 25, fg: Rgb(226, 226, 233), bg: Rgb(40, 42, 47), underline: Reset, modifier: NONE,
        x: 14, y: 25, fg: Rgb(169, 199, 255), bg: Rgb(40, 42, 47), underline: Reset, modifier: BOLD,
        x: 25, y: 25, fg: Rgb(226, 226, 233), bg: Rgb(40, 42, 47), underline: Reset, modifier: NONE,
        x: 87, y: 25, fg: Rgb(226, 226, 233), bg: Rgb(25, 28, 32), underline: Reset, modifier: NONE,
        x: 12, y: 26, fg: Rgb(226, 226, 233), bg: Rgb(40, 42, 47), underline: Reset, modifier: NONE,
        x: 87, y: 26, fg: Rgb(226, 226, 233), bg: Rgb(25, 28, 32), underline: Reset, modifier: NONE,
        x: 0, y: 29, fg: Rgb(226, 226, 233), bg: Rgb(29, 32, 36), underline: Reset, modifier: NONE,
        x: 76, y: 29, fg: Rgb(196, 198, 207), bg: Rgb(29, 32, 36), underline: Reset, modifier: NONE,
        x: 89, y: 29, fg: Rgb(226, 226, 233), bg: Rgb(29, 32, 36), underline: Reset, modifier: NONE,
        x: 92, y: 29, fg: Rgb(169, 199, 255), bg: Rgb(29, 32, 36), underline: Reset, modifier: NONE,
        x: 93, y: 29, fg: Rgb(196, 198, 207), bg: Rgb(29, 32, 36), underline: Reset, modifier: NONE,
        x: 98, y: 29, fg: Rgb(226, 226, 233), bg: Rgb(29, 32, 36), underline: Reset, modifier: NONE,
    ]
}
