---
source: crates/app/src/snapshot_tests.rs
expression: render(&state)
---
Buffer {
    area: Rect { x: 0, y: 0, width: 100, height: 30 },
    content: [
        "  ghtui   Home   gold-silver-copper/ghtui                                                 @octocat  ",
        "────────────────────────────────────────────────────────────────────────────────────────────────────",
        "   tui   github   rust                                                                              ",
        "  ● Rust   ⚖ MIT   412 commits on main                                                              ",
        "                                                                                                    ",
        "   octocat  Browse GitHub like the website                                        fedcba9 · 2h ago  ",
        "                                                                                                    ",
        "    ▸ .github                                                                                       ",
        "    ▸ crates                                                                                        ",
        "      Cargo.toml                                                                            1.5 KB  ",
        "      README.md                                                                             2.2 KB  ",
        "                                                                                                    ",
        "   ☰ README.md                                                                                     ", // hidden by multi-width symbols: [(4, " ")]
        "                                                                                                    ",
        "   # ghtui                                                                                          ",
        "                                                                                                    ",
        "   A keyboard-driven terminal client for GitHub, with a diff viewer that goes beyond GitHub's.      ",
        "                                                                                                    ",
        "   ## Install                                                                                       ",
        "                                                                                                    ",
        "                                                                                                    ",
        "     cargo install ghtui                                                                            ",
        "                                                                                                    ",
        "  ☑ Browse repositories, issues and pull requests                                                   ",
        "  ☐ Actions                                                                                         ",
        "                                                                                                    ",
        "  │ Everything is a link: press Enter to follow it.                                                 ",
        "                                                                                                    ",
        "────────────────────────────────────────────────────────────────────────────────────────────────────",
        "                                                                            API 4987/5000   ? help  ",
    ],
    styles: [
        x: 0, y: 0, fg: Indexed(254), bg: Indexed(234), underline: Reset, modifier: NONE,
        x: 2, y: 0, fg: Indexed(153), bg: Indexed(234), underline: Reset, modifier: BOLD,
        x: 7, y: 0, fg: Indexed(254), bg: Indexed(234), underline: Reset, modifier: NONE,
        x: 9, y: 0, fg: Indexed(252), bg: Indexed(234), underline: Reset, modifier: NONE,
        x: 15, y: 0, fg: Indexed(254), bg: Indexed(234), underline: Reset, modifier: NONE,
        x: 16, y: 0, fg: Indexed(254), bg: Indexed(238), underline: Reset, modifier: BOLD,
        x: 42, y: 0, fg: Indexed(254), bg: Indexed(234), underline: Reset, modifier: NONE,
        x: 90, y: 0, fg: Indexed(252), bg: Indexed(234), underline: Reset, modifier: NONE,
        x: 98, y: 0, fg: Indexed(254), bg: Indexed(234), underline: Reset, modifier: NONE,
        x: 0, y: 1, fg: Indexed(240), bg: Indexed(234), underline: Reset, modifier: NONE,
        x: 0, y: 2, fg: Indexed(254), bg: Indexed(234), underline: Reset, modifier: NONE,
        x: 2, y: 2, fg: Indexed(189), bg: Indexed(24), underline: Reset, modifier: NONE,
        x: 7, y: 2, fg: Indexed(254), bg: Indexed(234), underline: Reset, modifier: NONE,
        x: 8, y: 2, fg: Indexed(189), bg: Indexed(24), underline: Reset, modifier: NONE,
        x: 16, y: 2, fg: Indexed(254), bg: Indexed(234), underline: Reset, modifier: NONE,
        x: 17, y: 2, fg: Indexed(189), bg: Indexed(24), underline: Reset, modifier: NONE,
        x: 23, y: 2, fg: Indexed(254), bg: Indexed(234), underline: Reset, modifier: NONE,
        x: 2, y: 3, fg: Indexed(153), bg: Indexed(234), underline: Reset, modifier: NONE,
        x: 4, y: 3, fg: Indexed(254), bg: Indexed(234), underline: Reset, modifier: NONE,
        x: 11, y: 3, fg: Indexed(252), bg: Indexed(234), underline: Reset, modifier: NONE,
        x: 34, y: 3, fg: Indexed(189), bg: Indexed(234), underline: Reset, modifier: NONE,
        x: 38, y: 3, fg: Indexed(254), bg: Indexed(234), underline: Reset, modifier: NONE,
        x: 3, y: 5, fg: Indexed(254), bg: Indexed(234), underline: Reset, modifier: BOLD,
        x: 10, y: 5, fg: Indexed(254), bg: Indexed(234), underline: Reset, modifier: NONE,
        x: 82, y: 5, fg: Indexed(252), bg: Indexed(234), underline: Reset, modifier: NONE,
        x: 98, y: 5, fg: Indexed(254), bg: Indexed(234), underline: Reset, modifier: NONE,
        x: 4, y: 7, fg: Indexed(153), bg: Indexed(234), underline: Reset, modifier: NONE,
        x: 6, y: 7, fg: Indexed(254), bg: Indexed(234), underline: Reset, modifier: BOLD,
        x: 13, y: 7, fg: Indexed(254), bg: Indexed(234), underline: Reset, modifier: NONE,
        x: 4, y: 8, fg: Indexed(153), bg: Indexed(234), underline: Reset, modifier: NONE,
        x: 6, y: 8, fg: Indexed(254), bg: Indexed(234), underline: Reset, modifier: BOLD,
        x: 12, y: 8, fg: Indexed(254), bg: Indexed(234), underline: Reset, modifier: NONE,
        x: 4, y: 9, fg: Indexed(153), bg: Indexed(234), underline: Reset, modifier: NONE,
        x: 6, y: 9, fg: Indexed(254), bg: Indexed(234), underline: Reset, modifier: NONE,
        x: 92, y: 9, fg: Indexed(252), bg: Indexed(234), underline: Reset, modifier: NONE,
        x: 98, y: 9, fg: Indexed(254), bg: Indexed(234), underline: Reset, modifier: NONE,
        x: 4, y: 10, fg: Indexed(153), bg: Indexed(234), underline: Reset, modifier: NONE,
        x: 6, y: 10, fg: Indexed(254), bg: Indexed(234), underline: Reset, modifier: NONE,
        x: 92, y: 10, fg: Indexed(252), bg: Indexed(234), underline: Reset, modifier: NONE,
        x: 98, y: 10, fg: Indexed(254), bg: Indexed(234), underline: Reset, modifier: NONE,
        x: 3, y: 12, fg: Indexed(252), bg: Indexed(234), underline: Reset, modifier: NONE,
        x: 4, y: 12, fg: Reset, bg: Reset, underline: Reset, modifier: NONE,
        x: 5, y: 12, fg: Indexed(252), bg: Indexed(234), underline: Reset, modifier: NONE,
        x: 6, y: 12, fg: Indexed(254), bg: Indexed(234), underline: Reset, modifier: BOLD,
        x: 15, y: 12, fg: Indexed(254), bg: Indexed(234), underline: Reset, modifier: NONE,
        x: 3, y: 14, fg: Indexed(252), bg: Indexed(234), underline: Reset, modifier: NONE,
        x: 5, y: 14, fg: Indexed(254), bg: Indexed(234), underline: Reset, modifier: BOLD,
        x: 10, y: 14, fg: Indexed(254), bg: Indexed(234), underline: Reset, modifier: NONE,
        x: 5, y: 16, fg: Indexed(254), bg: Indexed(234), underline: Reset, modifier: BOLD,
        x: 20, y: 16, fg: Indexed(254), bg: Indexed(234), underline: Reset, modifier: NONE,
        x: 41, y: 16, fg: Indexed(153), bg: Indexed(234), underline: Reset, modifier: UNDERLINED,
        x: 47, y: 16, fg: Indexed(254), bg: Indexed(234), underline: Reset, modifier: NONE,
        x: 78, y: 16, fg: Indexed(153), bg: Indexed(234), underline: Reset, modifier: UNDERLINED,
        x: 93, y: 16, fg: Indexed(254), bg: Indexed(234), underline: Reset, modifier: NONE,
        x: 3, y: 18, fg: Indexed(252), bg: Indexed(234), underline: Reset, modifier: NONE,
        x: 6, y: 18, fg: Indexed(254), bg: Indexed(234), underline: Reset, modifier: BOLD,
        x: 13, y: 18, fg: Indexed(254), bg: Indexed(234), underline: Reset, modifier: NONE,
        x: 2, y: 20, fg: Indexed(254), bg: Indexed(233), underline: Reset, modifier: NONE,
        x: 98, y: 20, fg: Indexed(254), bg: Indexed(234), underline: Reset, modifier: NONE,
        x: 2, y: 21, fg: Indexed(254), bg: Indexed(233), underline: Reset, modifier: NONE,
        x: 5, y: 21, fg: Indexed(116), bg: Indexed(233), underline: Reset, modifier: NONE,
        x: 10, y: 21, fg: Indexed(254), bg: Indexed(233), underline: Reset, modifier: NONE,
        x: 98, y: 21, fg: Indexed(254), bg: Indexed(234), underline: Reset, modifier: NONE,
        x: 2, y: 22, fg: Indexed(254), bg: Indexed(233), underline: Reset, modifier: NONE,
        x: 98, y: 22, fg: Indexed(254), bg: Indexed(234), underline: Reset, modifier: NONE,
        x: 2, y: 23, fg: Indexed(86), bg: Indexed(234), underline: Reset, modifier: NONE,
        x: 4, y: 23, fg: Indexed(254), bg: Indexed(234), underline: Reset, modifier: NONE,
        x: 2, y: 24, fg: Indexed(252), bg: Indexed(234), underline: Reset, modifier: NONE,
        x: 4, y: 24, fg: Indexed(254), bg: Indexed(234), underline: Reset, modifier: NONE,
        x: 0, y: 26, fg: Indexed(254), bg: Indexed(236), underline: Reset, modifier: NONE,
        x: 2, y: 26, fg: Indexed(252), bg: Indexed(236), underline: Reset, modifier: NONE,
        x: 4, y: 26, fg: Indexed(254), bg: Indexed(236), underline: Reset, modifier: NONE,
        x: 32, y: 26, fg: Indexed(189), bg: Indexed(236), underline: Reset, modifier: NONE,
        x: 37, y: 26, fg: Indexed(254), bg: Indexed(236), underline: Reset, modifier: NONE,
        x: 0, y: 27, fg: Indexed(254), bg: Indexed(234), underline: Reset, modifier: NONE,
        x: 0, y: 28, fg: Indexed(240), bg: Indexed(234), underline: Reset, modifier: NONE,
        x: 0, y: 29, fg: Indexed(254), bg: Indexed(234), underline: Reset, modifier: NONE,
        x: 76, y: 29, fg: Indexed(252), bg: Indexed(234), underline: Reset, modifier: NONE,
        x: 89, y: 29, fg: Indexed(254), bg: Indexed(234), underline: Reset, modifier: NONE,
        x: 92, y: 29, fg: Indexed(153), bg: Indexed(234), underline: Reset, modifier: NONE,
        x: 93, y: 29, fg: Indexed(252), bg: Indexed(234), underline: Reset, modifier: NONE,
        x: 98, y: 29, fg: Indexed(254), bg: Indexed(234), underline: Reset, modifier: NONE,
    ]
}
