---
source: crates/app/src/snapshot_tests.rs
assertion_line: 656
expression: render(&state)
---
Buffer {
    area: Rect { x: 0, y: 0, width: 100, height: 30 },
    content: [
        "  ◆ ghtui   gold-silver-copper / ghtui          Here you can                                 1/26   ",
        "   <> Code   ◉ Issues  7    ⇄ Pull requests  3                                                      ",
        "──━━━━━━━━━───────────────────────────────────  This page                                          ─",
        "                                              ▌      ↵   Open ghtui/.github                         ",
        "  gold-silver-copper / ghtui   Public                /   Search or jump to…                        ▐",
        "                                                     f   Go to file                                ▐",
        "  A keyboard-driven terminal client for GitHub       b   Switch branches or tags                   ▐",
        "  ↗ https://ghtui.dev                                s   Star                                      ▐",
        "                                                Go                                                 ▐",
        "   tui   github   rust                               →   Next tab                                  ▐",
        "                                                     o   Open the selection on GitHub              ▐",
        "  ⚖ MIT license   ☆ 1.2k stars   ◉ 18 watching       y   Copy the selection's link                 ▐",
        "                                                     i   Follow any link by its letters            ▐",
        "   ⎇ main ▾                                          u   Up a level                                ▐",
        "                                                   esc   Back                                      ▐",
        "  ╭─ octocat  Browse GitHub like the website ─   alt-→   Forward (nothing to go forward to)        ▐",
        "  │▌▸ .github     Run CI on macOS too                H   Home                                      ▐",
        "  │ ▸ crates      Browse GitHub like the websi       r   Refresh                                   ▐",
        "  │ · Cargo.toml  Bump ratatui to 0.30               :   Command palette                           ▐",
        "  │ · README.md   Document the keys                      Recent messages and errors (nothing yet)  ▐",
        "  ╰───────────────────────────────────────────  Tabs                                               ▐",
        "                                                     T   Open in a new tab                          ",
        "  ╭─ ☰ README.md ────────────────────────────  Keys                                                ", // hidden by multi-width symbols: [(6, " ")]
        "  │ ghtui                                            ↓   Move down                                  ",
        "  │ ──────────────────────────────────────────       ↑   Move up                                    ",
        "  │                                               home   Go to top                                  ",
        "  │ A keyboard-driven terminal client for GitH     end   Go to bottom                               ",
        "  │                                               pgdn   Page down                                  ",
        "  │ Install                                                                                         ",
        "  ↵ run   key run it   / filter   esc close                                          API 4987/5000  ",
    ],
    styles: [
        x: 0, y: 0, fg: Rgb(226, 226, 233), bg: Rgb(29, 32, 36), underline: Reset, modifier: NONE,
        x: 2, y: 0, fg: Rgb(169, 199, 255), bg: Rgb(29, 32, 36), underline: Reset, modifier: BOLD,
        x: 9, y: 0, fg: Rgb(226, 226, 233), bg: Rgb(29, 32, 36), underline: Reset, modifier: NONE,
        x: 30, y: 0, fg: Rgb(196, 198, 207), bg: Rgb(29, 32, 36), underline: Reset, modifier: NONE,
        x: 33, y: 0, fg: Rgb(226, 226, 233), bg: Rgb(29, 32, 36), underline: Reset, modifier: BOLD,
        x: 38, y: 0, fg: Rgb(226, 226, 233), bg: Rgb(29, 32, 36), underline: Reset, modifier: NONE,
        x: 46, y: 0, fg: Rgb(226, 226, 233), bg: Rgb(40, 42, 47), underline: Reset, modifier: NONE,
        x: 48, y: 0, fg: Rgb(226, 226, 233), bg: Rgb(40, 42, 47), underline: Reset, modifier: BOLD,
        x: 60, y: 0, fg: Rgb(226, 226, 233), bg: Rgb(40, 42, 47), underline: Reset, modifier: NONE,
        x: 93, y: 0, fg: Rgb(196, 198, 207), bg: Rgb(40, 42, 47), underline: Reset, modifier: NONE,
        x: 97, y: 0, fg: Rgb(226, 226, 233), bg: Rgb(40, 42, 47), underline: Reset, modifier: NONE,
        x: 99, y: 0, fg: Rgb(226, 226, 233), bg: Rgb(29, 32, 36), underline: Reset, modifier: NONE,
        x: 2, y: 1, fg: Rgb(196, 198, 207), bg: Rgb(29, 32, 36), underline: Reset, modifier: NONE,
        x: 6, y: 1, fg: Rgb(226, 226, 233), bg: Rgb(29, 32, 36), underline: Reset, modifier: BOLD,
        x: 10, y: 1, fg: Rgb(226, 226, 233), bg: Rgb(29, 32, 36), underline: Reset, modifier: NONE,
        x: 12, y: 1, fg: Rgb(196, 198, 207), bg: Rgb(29, 32, 36), underline: Reset, modifier: NONE,
        x: 15, y: 1, fg: Rgb(226, 226, 233), bg: Rgb(29, 32, 36), underline: Reset, modifier: NONE,
        x: 22, y: 1, fg: Rgb(226, 226, 233), bg: Rgb(51, 53, 58), underline: Reset, modifier: NONE,
        x: 25, y: 1, fg: Rgb(226, 226, 233), bg: Rgb(29, 32, 36), underline: Reset, modifier: NONE,
        x: 27, y: 1, fg: Rgb(196, 198, 207), bg: Rgb(29, 32, 36), underline: Reset, modifier: NONE,
        x: 30, y: 1, fg: Rgb(226, 226, 233), bg: Rgb(29, 32, 36), underline: Reset, modifier: NONE,
        x: 44, y: 1, fg: Rgb(226, 226, 233), bg: Rgb(51, 53, 58), underline: Reset, modifier: NONE,
        x: 46, y: 1, fg: Rgb(226, 226, 233), bg: Rgb(40, 42, 47), underline: Reset, modifier: NONE,
        x: 99, y: 1, fg: Rgb(226, 226, 233), bg: Rgb(29, 32, 36), underline: Reset, modifier: NONE,
        x: 0, y: 2, fg: Rgb(72, 76, 83), bg: Rgb(29, 32, 36), underline: Reset, modifier: NONE,
        x: 2, y: 2, fg: Rgb(169, 199, 255), bg: Rgb(29, 32, 36), underline: Reset, modifier: NONE,
        x: 11, y: 2, fg: Rgb(72, 76, 83), bg: Rgb(29, 32, 36), underline: Reset, modifier: NONE,
        x: 46, y: 2, fg: Rgb(226, 226, 233), bg: Rgb(40, 42, 47), underline: Reset, modifier: NONE,
        x: 48, y: 2, fg: Rgb(196, 198, 207), bg: Rgb(40, 42, 47), underline: Reset, modifier: BOLD,
        x: 57, y: 2, fg: Rgb(226, 226, 233), bg: Rgb(40, 42, 47), underline: Reset, modifier: NONE,
        x: 99, y: 2, fg: Rgb(72, 76, 83), bg: Rgb(29, 32, 36), underline: Reset, modifier: NONE,
        x: 0, y: 3, fg: Rgb(226, 226, 233), bg: Rgb(25, 28, 32), underline: Reset, modifier: NONE,
        x: 46, y: 3, fg: Rgb(169, 199, 255), bg: Rgb(58, 64, 76), underline: Reset, modifier: NONE,
        x: 47, y: 3, fg: Rgb(226, 226, 233), bg: Rgb(58, 64, 76), underline: Reset, modifier: NONE,
        x: 48, y: 3, fg: Rgb(169, 199, 255), bg: Rgb(58, 64, 76), underline: Reset, modifier: BOLD,
        x: 57, y: 3, fg: Rgb(226, 226, 233), bg: Rgb(58, 64, 76), underline: Reset, modifier: NONE,
        x: 99, y: 3, fg: Rgb(226, 226, 233), bg: Rgb(25, 28, 32), underline: Reset, modifier: NONE,
        x: 2, y: 4, fg: Rgb(169, 199, 255), bg: Rgb(25, 28, 32), underline: Reset, modifier: NONE,
        x: 20, y: 4, fg: Rgb(196, 198, 207), bg: Rgb(25, 28, 32), underline: Reset, modifier: NONE,
        x: 23, y: 4, fg: Rgb(226, 226, 233), bg: Rgb(25, 28, 32), underline: Reset, modifier: BOLD,
        x: 28, y: 4, fg: Rgb(226, 226, 233), bg: Rgb(25, 28, 32), underline: Reset, modifier: NONE,
        x: 30, y: 4, fg: Rgb(217, 227, 249), bg: Rgb(62, 71, 88), underline: Reset, modifier: NONE,
        x: 38, y: 4, fg: Rgb(226, 226, 233), bg: Rgb(25, 28, 32), underline: Reset, modifier: NONE,
        x: 46, y: 4, fg: Rgb(226, 226, 233), bg: Rgb(40, 42, 47), underline: Reset, modifier: NONE,
        x: 48, y: 4, fg: Rgb(169, 199, 255), bg: Rgb(40, 42, 47), underline: Reset, modifier: BOLD,
        x: 57, y: 4, fg: Rgb(226, 226, 233), bg: Rgb(40, 42, 47), underline: Reset, modifier: NONE,
        x: 99, y: 4, fg: Rgb(72, 76, 83), bg: Rgb(25, 28, 32), underline: Reset, modifier: NONE,
        x: 0, y: 5, fg: Rgb(226, 226, 233), bg: Rgb(25, 28, 32), underline: Reset, modifier: NONE,
        x: 46, y: 5, fg: Rgb(226, 226, 233), bg: Rgb(40, 42, 47), underline: Reset, modifier: NONE,
        x: 48, y: 5, fg: Rgb(169, 199, 255), bg: Rgb(40, 42, 47), underline: Reset, modifier: BOLD,
        x: 57, y: 5, fg: Rgb(226, 226, 233), bg: Rgb(40, 42, 47), underline: Reset, modifier: NONE,
        x: 99, y: 5, fg: Rgb(72, 76, 83), bg: Rgb(25, 28, 32), underline: Reset, modifier: NONE,
        x: 0, y: 6, fg: Rgb(226, 226, 233), bg: Rgb(25, 28, 32), underline: Reset, modifier: NONE,
        x: 46, y: 6, fg: Rgb(226, 226, 233), bg: Rgb(40, 42, 47), underline: Reset, modifier: NONE,
        x: 48, y: 6, fg: Rgb(169, 199, 255), bg: Rgb(40, 42, 47), underline: Reset, modifier: BOLD,
        x: 57, y: 6, fg: Rgb(226, 226, 233), bg: Rgb(40, 42, 47), underline: Reset, modifier: NONE,
        x: 99, y: 6, fg: Rgb(72, 76, 83), bg: Rgb(25, 28, 32), underline: Reset, modifier: NONE,
        x: 0, y: 7, fg: Rgb(226, 226, 233), bg: Rgb(25, 28, 32), underline: Reset, modifier: NONE,
        x: 2, y: 7, fg: Rgb(196, 198, 207), bg: Rgb(25, 28, 32), underline: Reset, modifier: NONE,
        x: 4, y: 7, fg: Rgb(169, 199, 255), bg: Rgb(25, 28, 32), underline: Reset, modifier: NONE,
        x: 21, y: 7, fg: Rgb(226, 226, 233), bg: Rgb(25, 28, 32), underline: Reset, modifier: NONE,
        x: 46, y: 7, fg: Rgb(226, 226, 233), bg: Rgb(40, 42, 47), underline: Reset, modifier: NONE,
        x: 48, y: 7, fg: Rgb(169, 199, 255), bg: Rgb(40, 42, 47), underline: Reset, modifier: BOLD,
        x: 57, y: 7, fg: Rgb(226, 226, 233), bg: Rgb(40, 42, 47), underline: Reset, modifier: NONE,
        x: 99, y: 7, fg: Rgb(72, 76, 83), bg: Rgb(25, 28, 32), underline: Reset, modifier: NONE,
        x: 0, y: 8, fg: Rgb(226, 226, 233), bg: Rgb(25, 28, 32), underline: Reset, modifier: NONE,
        x: 46, y: 8, fg: Rgb(226, 226, 233), bg: Rgb(40, 42, 47), underline: Reset, modifier: NONE,
        x: 48, y: 8, fg: Rgb(196, 198, 207), bg: Rgb(40, 42, 47), underline: Reset, modifier: BOLD,
        x: 50, y: 8, fg: Rgb(226, 226, 233), bg: Rgb(40, 42, 47), underline: Reset, modifier: NONE,
        x: 99, y: 8, fg: Rgb(72, 76, 83), bg: Rgb(25, 28, 32), underline: Reset, modifier: NONE,
        x: 0, y: 9, fg: Rgb(226, 226, 233), bg: Rgb(25, 28, 32), underline: Reset, modifier: NONE,
        x: 2, y: 9, fg: Rgb(214, 227, 255), bg: Rgb(38, 71, 119), underline: Reset, modifier: NONE,
        x: 7, y: 9, fg: Rgb(226, 226, 233), bg: Rgb(25, 28, 32), underline: Reset, modifier: NONE,
        x: 8, y: 9, fg: Rgb(214, 227, 255), bg: Rgb(38, 71, 119), underline: Reset, modifier: NONE,
        x: 16, y: 9, fg: Rgb(226, 226, 233), bg: Rgb(25, 28, 32), underline: Reset, modifier: NONE,
        x: 17, y: 9, fg: Rgb(214, 227, 255), bg: Rgb(38, 71, 119), underline: Reset, modifier: NONE,
        x: 23, y: 9, fg: Rgb(226, 226, 233), bg: Rgb(25, 28, 32), underline: Reset, modifier: NONE,
        x: 46, y: 9, fg: Rgb(226, 226, 233), bg: Rgb(40, 42, 47), underline: Reset, modifier: NONE,
        x: 48, y: 9, fg: Rgb(169, 199, 255), bg: Rgb(40, 42, 47), underline: Reset, modifier: BOLD,
        x: 57, y: 9, fg: Rgb(226, 226, 233), bg: Rgb(40, 42, 47), underline: Reset, modifier: NONE,
        x: 99, y: 9, fg: Rgb(72, 76, 83), bg: Rgb(25, 28, 32), underline: Reset, modifier: NONE,
        x: 0, y: 10, fg: Rgb(226, 226, 233), bg: Rgb(25, 28, 32), underline: Reset, modifier: NONE,
        x: 46, y: 10, fg: Rgb(226, 226, 233), bg: Rgb(40, 42, 47), underline: Reset, modifier: NONE,
        x: 48, y: 10, fg: Rgb(169, 199, 255), bg: Rgb(40, 42, 47), underline: Reset, modifier: BOLD,
        x: 57, y: 10, fg: Rgb(226, 226, 233), bg: Rgb(40, 42, 47), underline: Reset, modifier: NONE,
        x: 99, y: 10, fg: Rgb(72, 76, 83), bg: Rgb(25, 28, 32), underline: Reset, modifier: NONE,
        x: 0, y: 11, fg: Rgb(226, 226, 233), bg: Rgb(25, 28, 32), underline: Reset, modifier: NONE,
        x: 2, y: 11, fg: Rgb(196, 198, 207), bg: Rgb(25, 28, 32), underline: Reset, modifier: NONE,
        x: 46, y: 11, fg: Rgb(226, 226, 233), bg: Rgb(40, 42, 47), underline: Reset, modifier: NONE,
        x: 48, y: 11, fg: Rgb(169, 199, 255), bg: Rgb(40, 42, 47), underline: Reset, modifier: BOLD,
        x: 57, y: 11, fg: Rgb(226, 226, 233), bg: Rgb(40, 42, 47), underline: Reset, modifier: NONE,
        x: 99, y: 11, fg: Rgb(72, 76, 83), bg: Rgb(25, 28, 32), underline: Reset, modifier: NONE,
        x: 0, y: 12, fg: Rgb(226, 226, 233), bg: Rgb(25, 28, 32), underline: Reset, modifier: NONE,
        x: 46, y: 12, fg: Rgb(226, 226, 233), bg: Rgb(40, 42, 47), underline: Reset, modifier: NONE,
        x: 48, y: 12, fg: Rgb(169, 199, 255), bg: Rgb(40, 42, 47), underline: Reset, modifier: BOLD,
        x: 57, y: 12, fg: Rgb(226, 226, 233), bg: Rgb(40, 42, 47), underline: Reset, modifier: NONE,
        x: 99, y: 12, fg: Rgb(72, 76, 83), bg: Rgb(25, 28, 32), underline: Reset, modifier: NONE,
        x: 0, y: 13, fg: Rgb(226, 226, 233), bg: Rgb(25, 28, 32), underline: Reset, modifier: NONE,
        x: 2, y: 13, fg: Rgb(226, 226, 233), bg: Rgb(40, 42, 47), underline: Reset, modifier: NONE,
        x: 12, y: 13, fg: Rgb(226, 226, 233), bg: Rgb(25, 28, 32), underline: Reset, modifier: NONE,
        x: 46, y: 13, fg: Rgb(226, 226, 233), bg: Rgb(40, 42, 47), underline: Reset, modifier: NONE,
        x: 48, y: 13, fg: Rgb(169, 199, 255), bg: Rgb(40, 42, 47), underline: Reset, modifier: BOLD,
        x: 57, y: 13, fg: Rgb(226, 226, 233), bg: Rgb(40, 42, 47), underline: Reset, modifier: NONE,
        x: 99, y: 13, fg: Rgb(72, 76, 83), bg: Rgb(25, 28, 32), underline: Reset, modifier: NONE,
        x: 0, y: 14, fg: Rgb(226, 226, 233), bg: Rgb(25, 28, 32), underline: Reset, modifier: NONE,
        x: 46, y: 14, fg: Rgb(226, 226, 233), bg: Rgb(40, 42, 47), underline: Reset, modifier: NONE,
        x: 48, y: 14, fg: Rgb(169, 199, 255), bg: Rgb(40, 42, 47), underline: Reset, modifier: BOLD,
        x: 57, y: 14, fg: Rgb(226, 226, 233), bg: Rgb(40, 42, 47), underline: Reset, modifier: NONE,
        x: 99, y: 14, fg: Rgb(72, 76, 83), bg: Rgb(25, 28, 32), underline: Reset, modifier: NONE,
        x: 0, y: 15, fg: Rgb(226, 226, 233), bg: Rgb(25, 28, 32), underline: Reset, modifier: NONE,
        x: 2, y: 15, fg: Rgb(72, 76, 83), bg: Rgb(25, 28, 32), underline: Reset, modifier: NONE,
        x: 4, y: 15, fg: Rgb(226, 226, 233), bg: Rgb(25, 28, 32), underline: Reset, modifier: NONE,
        x: 5, y: 15, fg: Rgb(226, 226, 233), bg: Rgb(25, 28, 32), underline: Reset, modifier: BOLD,
        x: 12, y: 15, fg: Rgb(226, 226, 233), bg: Rgb(25, 28, 32), underline: Reset, modifier: NONE,
        x: 45, y: 15, fg: Rgb(72, 76, 83), bg: Rgb(25, 28, 32), underline: Reset, modifier: NONE,
        x: 46, y: 15, fg: Rgb(226, 226, 233), bg: Rgb(40, 42, 47), underline: Reset, modifier: NONE,
        x: 48, y: 15, fg: Rgb(196, 198, 207), bg: Rgb(40, 42, 47), underline: Reset, modifier: NONE,
        x: 91, y: 15, fg: Rgb(226, 226, 233), bg: Rgb(40, 42, 47), underline: Reset, modifier: NONE,
        x: 99, y: 15, fg: Rgb(72, 76, 83), bg: Rgb(25, 28, 32), underline: Reset, modifier: NONE,
        x: 0, y: 16, fg: Rgb(226, 226, 233), bg: Rgb(25, 28, 32), underline: Reset, modifier: NONE,
        x: 2, y: 16, fg: Rgb(72, 76, 83), bg: Rgb(25, 28, 32), underline: Reset, modifier: NONE,
        x: 3, y: 16, fg: Rgb(169, 199, 255), bg: Rgb(42, 49, 59), underline: Reset, modifier: NONE,
        x: 13, y: 16, fg: Rgb(226, 226, 233), bg: Rgb(42, 49, 59), underline: Reset, modifier: NONE,
        x: 18, y: 16, fg: Rgb(196, 198, 207), bg: Rgb(42, 49, 59), underline: Reset, modifier: NONE,
        x: 37, y: 16, fg: Rgb(226, 226, 233), bg: Rgb(42, 49, 59), underline: Reset, modifier: NONE,
        x: 46, y: 16, fg: Rgb(226, 226, 233), bg: Rgb(40, 42, 47), underline: Reset, modifier: NONE,
        x: 48, y: 16, fg: Rgb(169, 199, 255), bg: Rgb(40, 42, 47), underline: Reset, modifier: BOLD,
        x: 57, y: 16, fg: Rgb(226, 226, 233), bg: Rgb(40, 42, 47), underline: Reset, modifier: NONE,
        x: 99, y: 16, fg: Rgb(72, 76, 83), bg: Rgb(25, 28, 32), underline: Reset, modifier: NONE,
        x: 0, y: 17, fg: Rgb(226, 226, 233), bg: Rgb(25, 28, 32), underline: Reset, modifier: NONE,
        x: 2, y: 17, fg: Rgb(72, 76, 83), bg: Rgb(25, 28, 32), underline: Reset, modifier: NONE,
        x: 3, y: 17, fg: Rgb(226, 226, 233), bg: Rgb(25, 28, 32), underline: Reset, modifier: NONE,
        x: 4, y: 17, fg: Rgb(169, 199, 255), bg: Rgb(25, 28, 32), underline: Reset, modifier: NONE,
        x: 12, y: 17, fg: Rgb(226, 226, 233), bg: Rgb(25, 28, 32), underline: Reset, modifier: NONE,
        x: 18, y: 17, fg: Rgb(196, 198, 207), bg: Rgb(25, 28, 32), underline: Reset, modifier: NONE,
        x: 46, y: 17, fg: Rgb(226, 226, 233), bg: Rgb(40, 42, 47), underline: Reset, modifier: NONE,
        x: 48, y: 17, fg: Rgb(169, 199, 255), bg: Rgb(40, 42, 47), underline: Reset, modifier: BOLD,
        x: 57, y: 17, fg: Rgb(226, 226, 233), bg: Rgb(40, 42, 47), underline: Reset, modifier: NONE,
        x: 99, y: 17, fg: Rgb(72, 76, 83), bg: Rgb(25, 28, 32), underline: Reset, modifier: NONE,
        x: 0, y: 18, fg: Rgb(226, 226, 233), bg: Rgb(25, 28, 32), underline: Reset, modifier: NONE,
        x: 2, y: 18, fg: Rgb(72, 76, 83), bg: Rgb(25, 28, 32), underline: Reset, modifier: NONE,
        x: 3, y: 18, fg: Rgb(226, 226, 233), bg: Rgb(25, 28, 32), underline: Reset, modifier: NONE,
        x: 4, y: 18, fg: Rgb(196, 198, 207), bg: Rgb(25, 28, 32), underline: Reset, modifier: NONE,
        x: 6, y: 18, fg: Rgb(226, 226, 233), bg: Rgb(25, 28, 32), underline: Reset, modifier: NONE,
        x: 18, y: 18, fg: Rgb(196, 198, 207), bg: Rgb(25, 28, 32), underline: Reset, modifier: NONE,
        x: 38, y: 18, fg: Rgb(226, 226, 233), bg: Rgb(25, 28, 32), underline: Reset, modifier: NONE,
        x: 46, y: 18, fg: Rgb(226, 226, 233), bg: Rgb(40, 42, 47), underline: Reset, modifier: NONE,
        x: 48, y: 18, fg: Rgb(169, 199, 255), bg: Rgb(40, 42, 47), underline: Reset, modifier: BOLD,
        x: 57, y: 18, fg: Rgb(226, 226, 233), bg: Rgb(40, 42, 47), underline: Reset, modifier: NONE,
        x: 99, y: 18, fg: Rgb(72, 76, 83), bg: Rgb(25, 28, 32), underline: Reset, modifier: NONE,
        x: 0, y: 19, fg: Rgb(226, 226, 233), bg: Rgb(25, 28, 32), underline: Reset, modifier: NONE,
        x: 2, y: 19, fg: Rgb(72, 76, 83), bg: Rgb(25, 28, 32), underline: Reset, modifier: NONE,
        x: 3, y: 19, fg: Rgb(226, 226, 233), bg: Rgb(25, 28, 32), underline: Reset, modifier: NONE,
        x: 4, y: 19, fg: Rgb(196, 198, 207), bg: Rgb(25, 28, 32), underline: Reset, modifier: NONE,
        x: 6, y: 19, fg: Rgb(226, 226, 233), bg: Rgb(25, 28, 32), underline: Reset, modifier: NONE,
        x: 18, y: 19, fg: Rgb(196, 198, 207), bg: Rgb(25, 28, 32), underline: Reset, modifier: NONE,
        x: 35, y: 19, fg: Rgb(226, 226, 233), bg: Rgb(25, 28, 32), underline: Reset, modifier: NONE,
        x: 46, y: 19, fg: Rgb(226, 226, 233), bg: Rgb(40, 42, 47), underline: Reset, modifier: NONE,
        x: 48, y: 19, fg: Rgb(196, 198, 207), bg: Rgb(40, 42, 47), underline: Reset, modifier: NONE,
        x: 97, y: 19, fg: Rgb(226, 226, 233), bg: Rgb(40, 42, 47), underline: Reset, modifier: NONE,
        x: 99, y: 19, fg: Rgb(72, 76, 83), bg: Rgb(25, 28, 32), underline: Reset, modifier: NONE,
        x: 0, y: 20, fg: Rgb(226, 226, 233), bg: Rgb(25, 28, 32), underline: Reset, modifier: NONE,
        x: 2, y: 20, fg: Rgb(72, 76, 83), bg: Rgb(25, 28, 32), underline: Reset, modifier: NONE,
        x: 46, y: 20, fg: Rgb(226, 226, 233), bg: Rgb(40, 42, 47), underline: Reset, modifier: NONE,
        x: 48, y: 20, fg: Rgb(196, 198, 207), bg: Rgb(40, 42, 47), underline: Reset, modifier: BOLD,
        x: 52, y: 20, fg: Rgb(226, 226, 233), bg: Rgb(40, 42, 47), underline: Reset, modifier: NONE,
        x: 99, y: 20, fg: Rgb(72, 76, 83), bg: Rgb(25, 28, 32), underline: Reset, modifier: NONE,
        x: 0, y: 21, fg: Rgb(226, 226, 233), bg: Rgb(25, 28, 32), underline: Reset, modifier: NONE,
        x: 46, y: 21, fg: Rgb(226, 226, 233), bg: Rgb(40, 42, 47), underline: Reset, modifier: NONE,
        x: 48, y: 21, fg: Rgb(169, 199, 255), bg: Rgb(40, 42, 47), underline: Reset, modifier: BOLD,
        x: 57, y: 21, fg: Rgb(226, 226, 233), bg: Rgb(40, 42, 47), underline: Reset, modifier: NONE,
        x: 99, y: 21, fg: Rgb(226, 226, 233), bg: Rgb(25, 28, 32), underline: Reset, modifier: NONE,
        x: 2, y: 22, fg: Rgb(72, 76, 83), bg: Rgb(25, 28, 32), underline: Reset, modifier: NONE,
        x: 4, y: 22, fg: Rgb(226, 226, 233), bg: Rgb(25, 28, 32), underline: Reset, modifier: NONE,
        x: 5, y: 22, fg: Rgb(226, 226, 233), bg: Rgb(25, 28, 32), underline: Reset, modifier: BOLD,
        x: 6, y: 22, fg: Reset, bg: Reset, underline: Reset, modifier: NONE,
        x: 7, y: 22, fg: Rgb(226, 226, 233), bg: Rgb(25, 28, 32), underline: Reset, modifier: BOLD,
        x: 17, y: 22, fg: Rgb(226, 226, 233), bg: Rgb(25, 28, 32), underline: Reset, modifier: NONE,
        x: 18, y: 22, fg: Rgb(72, 76, 83), bg: Rgb(25, 28, 32), underline: Reset, modifier: NONE,
        x: 46, y: 22, fg: Rgb(226, 226, 233), bg: Rgb(40, 42, 47), underline: Reset, modifier: NONE,
        x: 48, y: 22, fg: Rgb(196, 198, 207), bg: Rgb(40, 42, 47), underline: Reset, modifier: BOLD,
        x: 52, y: 22, fg: Rgb(226, 226, 233), bg: Rgb(40, 42, 47), underline: Reset, modifier: NONE,
        x: 99, y: 22, fg: Rgb(226, 226, 233), bg: Rgb(25, 28, 32), underline: Reset, modifier: NONE,
        x: 2, y: 23, fg: Rgb(72, 76, 83), bg: Rgb(25, 28, 32), underline: Reset, modifier: NONE,
        x: 3, y: 23, fg: Rgb(226, 226, 233), bg: Rgb(25, 28, 32), underline: Reset, modifier: NONE,
        x: 4, y: 23, fg: Rgb(226, 226, 233), bg: Rgb(25, 28, 32), underline: Reset, modifier: BOLD,
        x: 9, y: 23, fg: Rgb(226, 226, 233), bg: Rgb(25, 28, 32), underline: Reset, modifier: NONE,
        x: 46, y: 23, fg: Rgb(226, 226, 233), bg: Rgb(40, 42, 47), underline: Reset, modifier: NONE,
        x: 48, y: 23, fg: Rgb(169, 199, 255), bg: Rgb(40, 42, 47), underline: Reset, modifier: BOLD,
        x: 57, y: 23, fg: Rgb(226, 226, 233), bg: Rgb(40, 42, 47), underline: Reset, modifier: NONE,
        x: 99, y: 23, fg: Rgb(226, 226, 233), bg: Rgb(25, 28, 32), underline: Reset, modifier: NONE,
        x: 2, y: 24, fg: Rgb(72, 76, 83), bg: Rgb(25, 28, 32), underline: Reset, modifier: NONE,
        x: 3, y: 24, fg: Rgb(226, 226, 233), bg: Rgb(25, 28, 32), underline: Reset, modifier: NONE,
        x: 4, y: 24, fg: Rgb(196, 198, 207), bg: Rgb(25, 28, 32), underline: Reset, modifier: NONE,
        x: 46, y: 24, fg: Rgb(226, 226, 233), bg: Rgb(40, 42, 47), underline: Reset, modifier: NONE,
        x: 48, y: 24, fg: Rgb(169, 199, 255), bg: Rgb(40, 42, 47), underline: Reset, modifier: BOLD,
        x: 57, y: 24, fg: Rgb(226, 226, 233), bg: Rgb(40, 42, 47), underline: Reset, modifier: NONE,
        x: 99, y: 24, fg: Rgb(226, 226, 233), bg: Rgb(25, 28, 32), underline: Reset, modifier: NONE,
        x: 2, y: 25, fg: Rgb(72, 76, 83), bg: Rgb(25, 28, 32), underline: Reset, modifier: NONE,
        x: 3, y: 25, fg: Rgb(226, 226, 233), bg: Rgb(25, 28, 32), underline: Reset, modifier: NONE,
        x: 46, y: 25, fg: Rgb(226, 226, 233), bg: Rgb(40, 42, 47), underline: Reset, modifier: NONE,
        x: 48, y: 25, fg: Rgb(169, 199, 255), bg: Rgb(40, 42, 47), underline: Reset, modifier: BOLD,
        x: 57, y: 25, fg: Rgb(226, 226, 233), bg: Rgb(40, 42, 47), underline: Reset, modifier: NONE,
        x: 99, y: 25, fg: Rgb(226, 226, 233), bg: Rgb(25, 28, 32), underline: Reset, modifier: NONE,
        x: 2, y: 26, fg: Rgb(72, 76, 83), bg: Rgb(25, 28, 32), underline: Reset, modifier: NONE,
        x: 3, y: 26, fg: Rgb(226, 226, 233), bg: Rgb(25, 28, 32), underline: Reset, modifier: NONE,
        x: 6, y: 26, fg: Rgb(226, 226, 233), bg: Rgb(25, 28, 32), underline: Reset, modifier: BOLD,
        x: 21, y: 26, fg: Rgb(226, 226, 233), bg: Rgb(25, 28, 32), underline: Reset, modifier: NONE,
        x: 42, y: 26, fg: Rgb(169, 199, 255), bg: Rgb(25, 28, 32), underline: Reset, modifier: NONE,
        x: 46, y: 26, fg: Rgb(226, 226, 233), bg: Rgb(40, 42, 47), underline: Reset, modifier: NONE,
        x: 48, y: 26, fg: Rgb(169, 199, 255), bg: Rgb(40, 42, 47), underline: Reset, modifier: BOLD,
        x: 57, y: 26, fg: Rgb(226, 226, 233), bg: Rgb(40, 42, 47), underline: Reset, modifier: NONE,
        x: 99, y: 26, fg: Rgb(226, 226, 233), bg: Rgb(25, 28, 32), underline: Reset, modifier: NONE,
        x: 2, y: 27, fg: Rgb(72, 76, 83), bg: Rgb(25, 28, 32), underline: Reset, modifier: NONE,
        x: 3, y: 27, fg: Rgb(226, 226, 233), bg: Rgb(25, 28, 32), underline: Reset, modifier: NONE,
        x: 46, y: 27, fg: Rgb(226, 226, 233), bg: Rgb(40, 42, 47), underline: Reset, modifier: NONE,
        x: 48, y: 27, fg: Rgb(169, 199, 255), bg: Rgb(40, 42, 47), underline: Reset, modifier: BOLD,
        x: 57, y: 27, fg: Rgb(226, 226, 233), bg: Rgb(40, 42, 47), underline: Reset, modifier: NONE,
        x: 99, y: 27, fg: Rgb(226, 226, 233), bg: Rgb(25, 28, 32), underline: Reset, modifier: NONE,
        x: 2, y: 28, fg: Rgb(72, 76, 83), bg: Rgb(25, 28, 32), underline: Reset, modifier: NONE,
        x: 3, y: 28, fg: Rgb(226, 226, 233), bg: Rgb(25, 28, 32), underline: Reset, modifier: NONE,
        x: 4, y: 28, fg: Rgb(226, 226, 233), bg: Rgb(25, 28, 32), underline: Reset, modifier: BOLD,
        x: 11, y: 28, fg: Rgb(226, 226, 233), bg: Rgb(25, 28, 32), underline: Reset, modifier: NONE,
        x: 46, y: 28, fg: Rgb(226, 226, 233), bg: Rgb(40, 42, 47), underline: Reset, modifier: NONE,
        x: 99, y: 28, fg: Rgb(226, 226, 233), bg: Rgb(25, 28, 32), underline: Reset, modifier: NONE,
        x: 0, y: 29, fg: Rgb(226, 226, 233), bg: Rgb(29, 32, 36), underline: Reset, modifier: NONE,
        x: 2, y: 29, fg: Rgb(169, 199, 255), bg: Rgb(29, 32, 36), underline: Reset, modifier: BOLD,
        x: 3, y: 29, fg: Rgb(196, 198, 207), bg: Rgb(29, 32, 36), underline: Reset, modifier: NONE,
        x: 7, y: 29, fg: Rgb(226, 226, 233), bg: Rgb(29, 32, 36), underline: Reset, modifier: NONE,
        x: 10, y: 29, fg: Rgb(169, 199, 255), bg: Rgb(29, 32, 36), underline: Reset, modifier: BOLD,
        x: 13, y: 29, fg: Rgb(196, 198, 207), bg: Rgb(29, 32, 36), underline: Reset, modifier: NONE,
        x: 20, y: 29, fg: Rgb(226, 226, 233), bg: Rgb(29, 32, 36), underline: Reset, modifier: NONE,
        x: 23, y: 29, fg: Rgb(169, 199, 255), bg: Rgb(29, 32, 36), underline: Reset, modifier: BOLD,
        x: 24, y: 29, fg: Rgb(196, 198, 207), bg: Rgb(29, 32, 36), underline: Reset, modifier: NONE,
        x: 31, y: 29, fg: Rgb(226, 226, 233), bg: Rgb(29, 32, 36), underline: Reset, modifier: NONE,
        x: 34, y: 29, fg: Rgb(169, 199, 255), bg: Rgb(29, 32, 36), underline: Reset, modifier: BOLD,
        x: 37, y: 29, fg: Rgb(196, 198, 207), bg: Rgb(29, 32, 36), underline: Reset, modifier: NONE,
        x: 43, y: 29, fg: Rgb(226, 226, 233), bg: Rgb(29, 32, 36), underline: Reset, modifier: NONE,
        x: 85, y: 29, fg: Rgb(196, 198, 207), bg: Rgb(29, 32, 36), underline: Reset, modifier: NONE,
        x: 98, y: 29, fg: Rgb(226, 226, 233), bg: Rgb(29, 32, 36), underline: Reset, modifier: NONE,
    ]
}
