---
source: crates/app/src/snapshot_tests.rs
assertion_line: 497
expression: "render(&sized(state, 100, 80))"
---
Buffer {
    area: Rect { x: 0, y: 0, width: 100, height: 80 },
    content: [
        "  ◆ ghtui   octocat                                    ⌕ Type / to search                 @octocat  ",
        "   ◫ Overview   ▤ Repositories  8    ☆ Stars  120                                                   ",
        "──━━━━━━━━━━━━──────────────────────────────────────────────────────────────────────────────────────",
        "────────────────────────────────────────────────────────────────────────────────────────────────────",
        "  The Octocat  octocat                                                                              ",
        "  🐙 Reviewing pull requests                                                                        ", // hidden by multi-width symbols: [(3, " ")]
        "  Eight arms, one keyboard.                                                                         ",
        "  ⚇ 21.4k followers · 9 following   ◆ @github   ⌖ San Francisco   they/them   ↗                     ",
        "  https://github.blog                                                                               ",
        "  ↗ @octocat@hachyderm.io                                                                           ",
        "  Organizations  github · ratatui                                                                   ",
        "                                                                                                    ",
        "  ╭─ octocat/octocat / README.md ───────────────────────────────────────────────────────────────╮   ",
        "  │ Hi there 👋                                                                                 │   ", // hidden by multi-width symbols: [(14, " ")]
        "  │                                                                                             │   ",
        "  │ I'm the Octocat. I like terminals.                                                          │   ",
        "  ╰─────────────────────────────────────────────────────────────────────────────────────────────╯   ",
        "                                                                                                    ",
        "  ╭─ Pinned ────────────────────────────────────────────────────────────────────────────────────╮   ",
        "  │▌octocat/Hello-World                                                                  ☆ 3.1k │   ",
        "  │▌A keyboard-driven terminal client for GitHub                                                │   ",
        "  │▌● Rust   ⑂ 155   Updated 1d ago                                                             │   ",
        "  ╰─────────────────────────────────────────────────────────────────────────────────────────────╯   ",
        "                                                                                                    ",
        "  1,234 contributions in the last year                                                              ",
        "      Oct Nov  Dec Jan Feb Mar  Apr May  Jun Jul Aug  Sep                                           ",
        "      ■■■■■■■■■■■■■■■■■■■■■■■■■■■■■■■■■■■■■■■■■■■■■■■■■■■■■                                         ",
        "  Mon ■■■■■■■■■■■■■■■■■■■■■■■■■■■■■■■■■■■■■■■■■■■■■■■■■■■■■                                         ",
        "      ■■■■■■■■■■■■■■■■■■■■■■■■■■■■■■■■■■■■■■■■■■■■■■■■■■■■■                                         ",
        "  Wed ■■■■■■■■■■■■■■■■■■■■■■■■■■■■■■■■■■■■■■■■■■■■■■■■■■■■                                          ",
        "      ■■■■■■■■■■■■■■■■■■■■■■■■■■■■■■■■■■■■■■■■■■■■■■■■■■■■                                          ",
        "  Fri ■■■■■■■■■■■■■■■■■■■■■■■■■■■■■■■■■■■■■■■■■■■■■■■■■■■■                                          ",
        "      ■■■■■■■■■■■■■■■■■■■■■■■■■■■■■■■■■■■■■■■■■■■■■■■■■■■■                                          ",
        "      Less ■■■■■ More                                                                               ",
        "                                                                                                    ",
        "  Contribution activity                                                                             ",
        "                                                                                                    ",
        "  Oct 2026                                                                                          ",
        "  ◷ Created 45 commits in 2 repositories                                                            ",
        "      gold-silver-copper/ghtui  42 commits                                                          ",
        "      ratatui/ratatui  3 commits                                                                    ",
        "  ⇄ Opened 1 pull request                                                                           ",
        "      gold-silver-copper/ghtui#12  Theme: generate syntax palette from seed                         ",
        "  ◎ Reviewed 1 pull request                                                                         ",
        "      ratatui/ratatui#1900  Add a scrollbar widget                                                  ",
        "                                                                                                    ",
        "  Sep 2026                                                                                          ",
        "  ◷ Created 17 commits in 1 repository                                                              ",
        "      gold-silver-copper/ghtui  17 commits                                                          ",
        "  ◉ Opened 1 issue                                                                                  ",
        "      ratatui/ratatui#1888  Unicode width of emoji in tables                                        ",
        "                                                                                                    ",
        "                                                                                                    ",
        "                                                                                                    ",
        "                                                                                                    ",
        "                                                                                                    ",
        "                                                                                                    ",
        "                                                                                                    ",
        "                                                                                                    ",
        "                                                                                                    ",
        "                                                                                                    ",
        "                                                                                                    ",
        "                                                                                                    ",
        "                                                                                                    ",
        "                                                                                                    ",
        "                                                                                                    ",
        "                                                                                                    ",
        "                                                                                                    ",
        "                                                                                                    ",
        "                                                                                                    ",
        "                                                                                                    ",
        "                                                                                                    ",
        "                                                                                                    ",
        "                                                                                                    ",
        "                                                                                                    ",
        "                                                                                                    ",
        "                                                                                                    ",
        "                                                                                                    ",
        "────────────────────────────────────────────────────────────────────────────────────────────────────",
        "  space menu   ↵ open   / search   ←→ tabs   o browser   y copy link   i links       API 4987/5000  ",
    ],
    styles: [
        x: 0, y: 0, fg: Indexed(254), bg: Indexed(234), underline: Reset, modifier: NONE,
        x: 2, y: 0, fg: Indexed(153), bg: Indexed(234), underline: Reset, modifier: BOLD,
        x: 9, y: 0, fg: Indexed(254), bg: Indexed(234), underline: Reset, modifier: NONE,
        x: 12, y: 0, fg: Indexed(254), bg: Indexed(234), underline: Reset, modifier: BOLD,
        x: 19, y: 0, fg: Indexed(254), bg: Indexed(234), underline: Reset, modifier: NONE,
        x: 54, y: 0, fg: Indexed(254), bg: Indexed(237), underline: Reset, modifier: NONE,
        x: 55, y: 0, fg: Indexed(252), bg: Indexed(237), underline: Reset, modifier: NONE,
        x: 73, y: 0, fg: Indexed(254), bg: Indexed(237), underline: Reset, modifier: NONE,
        x: 87, y: 0, fg: Indexed(254), bg: Indexed(234), underline: Reset, modifier: NONE,
        x: 90, y: 0, fg: Indexed(252), bg: Indexed(234), underline: Reset, modifier: NONE,
        x: 98, y: 0, fg: Indexed(254), bg: Indexed(234), underline: Reset, modifier: NONE,
        x: 2, y: 1, fg: Indexed(252), bg: Indexed(234), underline: Reset, modifier: NONE,
        x: 5, y: 1, fg: Indexed(254), bg: Indexed(234), underline: Reset, modifier: BOLD,
        x: 13, y: 1, fg: Indexed(254), bg: Indexed(234), underline: Reset, modifier: NONE,
        x: 15, y: 1, fg: Indexed(252), bg: Indexed(234), underline: Reset, modifier: NONE,
        x: 18, y: 1, fg: Indexed(254), bg: Indexed(234), underline: Reset, modifier: NONE,
        x: 31, y: 1, fg: Indexed(254), bg: Indexed(237), underline: Reset, modifier: NONE,
        x: 34, y: 1, fg: Indexed(254), bg: Indexed(234), underline: Reset, modifier: NONE,
        x: 36, y: 1, fg: Indexed(252), bg: Indexed(234), underline: Reset, modifier: NONE,
        x: 39, y: 1, fg: Indexed(254), bg: Indexed(234), underline: Reset, modifier: NONE,
        x: 45, y: 1, fg: Indexed(254), bg: Indexed(237), underline: Reset, modifier: NONE,
        x: 50, y: 1, fg: Indexed(254), bg: Indexed(234), underline: Reset, modifier: NONE,
        x: 0, y: 2, fg: Indexed(240), bg: Indexed(234), underline: Reset, modifier: NONE,
        x: 2, y: 2, fg: Indexed(153), bg: Indexed(234), underline: Reset, modifier: NONE,
        x: 14, y: 2, fg: Indexed(240), bg: Indexed(234), underline: Reset, modifier: NONE,
        x: 0, y: 4, fg: Indexed(254), bg: Indexed(234), underline: Reset, modifier: NONE,
        x: 2, y: 4, fg: Indexed(254), bg: Indexed(234), underline: Reset, modifier: BOLD,
        x: 13, y: 4, fg: Indexed(252), bg: Indexed(234), underline: Reset, modifier: NONE,
        x: 22, y: 4, fg: Indexed(254), bg: Indexed(234), underline: Reset, modifier: NONE,
        x: 2, y: 5, fg: Indexed(252), bg: Indexed(234), underline: Reset, modifier: NONE,
        x: 3, y: 5, fg: Reset, bg: Reset, underline: Reset, modifier: NONE,
        x: 4, y: 5, fg: Indexed(252), bg: Indexed(234), underline: Reset, modifier: NONE,
        x: 28, y: 5, fg: Indexed(254), bg: Indexed(234), underline: Reset, modifier: NONE,
        x: 2, y: 7, fg: Indexed(252), bg: Indexed(234), underline: Reset, modifier: NONE,
        x: 79, y: 7, fg: Indexed(254), bg: Indexed(234), underline: Reset, modifier: NONE,
        x: 2, y: 8, fg: Indexed(153), bg: Indexed(234), underline: Reset, modifier: NONE,
        x: 21, y: 8, fg: Indexed(254), bg: Indexed(234), underline: Reset, modifier: NONE,
        x: 2, y: 9, fg: Indexed(252), bg: Indexed(234), underline: Reset, modifier: NONE,
        x: 4, y: 9, fg: Indexed(153), bg: Indexed(234), underline: Reset, modifier: NONE,
        x: 25, y: 9, fg: Indexed(254), bg: Indexed(234), underline: Reset, modifier: NONE,
        x: 2, y: 10, fg: Indexed(252), bg: Indexed(234), underline: Reset, modifier: NONE,
        x: 17, y: 10, fg: Indexed(153), bg: Indexed(234), underline: Reset, modifier: NONE,
        x: 23, y: 10, fg: Indexed(252), bg: Indexed(234), underline: Reset, modifier: NONE,
        x: 26, y: 10, fg: Indexed(153), bg: Indexed(234), underline: Reset, modifier: NONE,
        x: 33, y: 10, fg: Indexed(254), bg: Indexed(234), underline: Reset, modifier: NONE,
        x: 2, y: 12, fg: Indexed(240), bg: Indexed(234), underline: Reset, modifier: NONE,
        x: 4, y: 12, fg: Indexed(254), bg: Indexed(234), underline: Reset, modifier: NONE,
        x: 5, y: 12, fg: Indexed(252), bg: Indexed(234), underline: Reset, modifier: NONE,
        x: 32, y: 12, fg: Indexed(254), bg: Indexed(234), underline: Reset, modifier: NONE,
        x: 33, y: 12, fg: Indexed(240), bg: Indexed(234), underline: Reset, modifier: NONE,
        x: 97, y: 12, fg: Indexed(254), bg: Indexed(234), underline: Reset, modifier: NONE,
        x: 2, y: 13, fg: Indexed(240), bg: Indexed(234), underline: Reset, modifier: NONE,
        x: 3, y: 13, fg: Indexed(254), bg: Indexed(234), underline: Reset, modifier: NONE,
        x: 4, y: 13, fg: Indexed(153), bg: Indexed(234), underline: Reset, modifier: BOLD,
        x: 14, y: 13, fg: Reset, bg: Reset, underline: Reset, modifier: NONE,
        x: 15, y: 13, fg: Indexed(254), bg: Indexed(234), underline: Reset, modifier: NONE,
        x: 96, y: 13, fg: Indexed(240), bg: Indexed(234), underline: Reset, modifier: NONE,
        x: 97, y: 13, fg: Indexed(254), bg: Indexed(234), underline: Reset, modifier: NONE,
        x: 2, y: 14, fg: Indexed(240), bg: Indexed(234), underline: Reset, modifier: NONE,
        x: 3, y: 14, fg: Indexed(254), bg: Indexed(234), underline: Reset, modifier: NONE,
        x: 96, y: 14, fg: Indexed(240), bg: Indexed(234), underline: Reset, modifier: NONE,
        x: 97, y: 14, fg: Indexed(254), bg: Indexed(234), underline: Reset, modifier: NONE,
        x: 2, y: 15, fg: Indexed(240), bg: Indexed(234), underline: Reset, modifier: NONE,
        x: 3, y: 15, fg: Indexed(254), bg: Indexed(234), underline: Reset, modifier: NONE,
        x: 28, y: 15, fg: Indexed(254), bg: Indexed(234), underline: Reset, modifier: BOLD,
        x: 37, y: 15, fg: Indexed(254), bg: Indexed(234), underline: Reset, modifier: NONE,
        x: 96, y: 15, fg: Indexed(240), bg: Indexed(234), underline: Reset, modifier: NONE,
        x: 97, y: 15, fg: Indexed(254), bg: Indexed(234), underline: Reset, modifier: NONE,
        x: 2, y: 16, fg: Indexed(240), bg: Indexed(234), underline: Reset, modifier: NONE,
        x: 97, y: 16, fg: Indexed(254), bg: Indexed(234), underline: Reset, modifier: NONE,
        x: 2, y: 18, fg: Indexed(240), bg: Indexed(234), underline: Reset, modifier: NONE,
        x: 4, y: 18, fg: Indexed(254), bg: Indexed(234), underline: Reset, modifier: NONE,
        x: 5, y: 18, fg: Indexed(254), bg: Indexed(234), underline: Reset, modifier: BOLD,
        x: 11, y: 18, fg: Indexed(254), bg: Indexed(234), underline: Reset, modifier: NONE,
        x: 12, y: 18, fg: Indexed(240), bg: Indexed(234), underline: Reset, modifier: NONE,
        x: 97, y: 18, fg: Indexed(254), bg: Indexed(234), underline: Reset, modifier: NONE,
        x: 2, y: 19, fg: Indexed(240), bg: Indexed(234), underline: Reset, modifier: NONE,
        x: 3, y: 19, fg: Indexed(153), bg: Indexed(236), underline: Reset, modifier: NONE,
        x: 23, y: 19, fg: Indexed(254), bg: Indexed(236), underline: Reset, modifier: NONE,
        x: 89, y: 19, fg: Indexed(252), bg: Indexed(236), underline: Reset, modifier: NONE,
        x: 95, y: 19, fg: Indexed(254), bg: Indexed(236), underline: Reset, modifier: NONE,
        x: 96, y: 19, fg: Indexed(240), bg: Indexed(234), underline: Reset, modifier: NONE,
        x: 97, y: 19, fg: Indexed(254), bg: Indexed(234), underline: Reset, modifier: NONE,
        x: 2, y: 20, fg: Indexed(240), bg: Indexed(234), underline: Reset, modifier: NONE,
        x: 3, y: 20, fg: Indexed(153), bg: Indexed(236), underline: Reset, modifier: NONE,
        x: 4, y: 20, fg: Indexed(254), bg: Indexed(236), underline: Reset, modifier: NONE,
        x: 96, y: 20, fg: Indexed(240), bg: Indexed(234), underline: Reset, modifier: NONE,
        x: 97, y: 20, fg: Indexed(254), bg: Indexed(234), underline: Reset, modifier: NONE,
        x: 2, y: 21, fg: Indexed(240), bg: Indexed(234), underline: Reset, modifier: NONE,
        x: 3, y: 21, fg: Indexed(153), bg: Indexed(236), underline: Reset, modifier: NONE,
        x: 6, y: 21, fg: Indexed(252), bg: Indexed(236), underline: Reset, modifier: NONE,
        x: 35, y: 21, fg: Indexed(254), bg: Indexed(236), underline: Reset, modifier: NONE,
        x: 96, y: 21, fg: Indexed(240), bg: Indexed(234), underline: Reset, modifier: NONE,
        x: 97, y: 21, fg: Indexed(254), bg: Indexed(234), underline: Reset, modifier: NONE,
        x: 2, y: 22, fg: Indexed(240), bg: Indexed(234), underline: Reset, modifier: NONE,
        x: 97, y: 22, fg: Indexed(254), bg: Indexed(234), underline: Reset, modifier: NONE,
        x: 2, y: 24, fg: Indexed(254), bg: Indexed(234), underline: Reset, modifier: BOLD,
        x: 38, y: 24, fg: Indexed(254), bg: Indexed(234), underline: Reset, modifier: NONE,
        x: 2, y: 25, fg: Indexed(252), bg: Indexed(234), underline: Reset, modifier: NONE,
        x: 59, y: 25, fg: Indexed(254), bg: Indexed(234), underline: Reset, modifier: NONE,
        x: 2, y: 26, fg: Indexed(252), bg: Indexed(234), underline: Reset, modifier: NONE,
        x: 6, y: 26, fg: Indexed(237), bg: Indexed(234), underline: Reset, modifier: NONE,
        x: 7, y: 26, fg: Indexed(25), bg: Indexed(234), underline: Reset, modifier: NONE,
        x: 8, y: 26, fg: Indexed(237), bg: Indexed(234), underline: Reset, modifier: NONE,
        x: 9, y: 26, fg: Indexed(61), bg: Indexed(234), underline: Reset, modifier: NONE,
        x: 10, y: 26, fg: Indexed(237), bg: Indexed(234), underline: Reset, modifier: NONE,
        x: 11, y: 26, fg: Indexed(61), bg: Indexed(234), underline: Reset, modifier: NONE,
        x: 12, y: 26, fg: Indexed(237), bg: Indexed(234), underline: Reset, modifier: NONE,
        x: 13, y: 26, fg: Indexed(75), bg: Indexed(234), underline: Reset, modifier: NONE,
        x: 14, y: 26, fg: Indexed(237), bg: Indexed(234), underline: Reset, modifier: NONE,
        x: 15, y: 26, fg: Indexed(153), bg: Indexed(234), underline: Reset, modifier: NONE,
        x: 16, y: 26, fg: Indexed(25), bg: Indexed(234), underline: Reset, modifier: NONE,
        x: 17, y: 26, fg: Indexed(237), bg: Indexed(234), underline: Reset, modifier: NONE,
        x: 18, y: 26, fg: Indexed(25), bg: Indexed(234), underline: Reset, modifier: NONE,
        x: 19, y: 26, fg: Indexed(237), bg: Indexed(234), underline: Reset, modifier: NONE,
        x: 20, y: 26, fg: Indexed(61), bg: Indexed(234), underline: Reset, modifier: NONE,
        x: 21, y: 26, fg: Indexed(237), bg: Indexed(234), underline: Reset, modifier: NONE,
        x: 22, y: 26, fg: Indexed(61), bg: Indexed(234), underline: Reset, modifier: NONE,
        x: 23, y: 26, fg: Indexed(237), bg: Indexed(234), underline: Reset, modifier: NONE,
        x: 24, y: 26, fg: Indexed(75), bg: Indexed(234), underline: Reset, modifier: NONE,
        x: 25, y: 26, fg: Indexed(237), bg: Indexed(234), underline: Reset, modifier: NONE,
        x: 26, y: 26, fg: Indexed(153), bg: Indexed(234), underline: Reset, modifier: NONE,
        x: 27, y: 26, fg: Indexed(25), bg: Indexed(234), underline: Reset, modifier: NONE,
        x: 28, y: 26, fg: Indexed(237), bg: Indexed(234), underline: Reset, modifier: NONE,
        x: 29, y: 26, fg: Indexed(25), bg: Indexed(234), underline: Reset, modifier: NONE,
        x: 30, y: 26, fg: Indexed(237), bg: Indexed(234), underline: Reset, modifier: NONE,
        x: 31, y: 26, fg: Indexed(61), bg: Indexed(234), underline: Reset, modifier: NONE,
        x: 32, y: 26, fg: Indexed(237), bg: Indexed(234), underline: Reset, modifier: NONE,
        x: 33, y: 26, fg: Indexed(61), bg: Indexed(234), underline: Reset, modifier: NONE,
        x: 34, y: 26, fg: Indexed(237), bg: Indexed(234), underline: Reset, modifier: NONE,
        x: 35, y: 26, fg: Indexed(75), bg: Indexed(234), underline: Reset, modifier: NONE,
        x: 36, y: 26, fg: Indexed(237), bg: Indexed(234), underline: Reset, modifier: NONE,
        x: 37, y: 26, fg: Indexed(153), bg: Indexed(234), underline: Reset, modifier: NONE,
        x: 38, y: 26, fg: Indexed(25), bg: Indexed(234), underline: Reset, modifier: NONE,
        x: 39, y: 26, fg: Indexed(237), bg: Indexed(234), underline: Reset, modifier: NONE,
        x: 40, y: 26, fg: Indexed(25), bg: Indexed(234), underline: Reset, modifier: NONE,
        x: 41, y: 26, fg: Indexed(237), bg: Indexed(234), underline: Reset, modifier: NONE,
        x: 42, y: 26, fg: Indexed(61), bg: Indexed(234), underline: Reset, modifier: NONE,
        x: 43, y: 26, fg: Indexed(237), bg: Indexed(234), underline: Reset, modifier: NONE,
        x: 44, y: 26, fg: Indexed(61), bg: Indexed(234), underline: Reset, modifier: NONE,
        x: 45, y: 26, fg: Indexed(237), bg: Indexed(234), underline: Reset, modifier: NONE,
        x: 46, y: 26, fg: Indexed(75), bg: Indexed(234), underline: Reset, modifier: NONE,
        x: 47, y: 26, fg: Indexed(237), bg: Indexed(234), underline: Reset, modifier: NONE,
        x: 48, y: 26, fg: Indexed(153), bg: Indexed(234), underline: Reset, modifier: NONE,
        x: 49, y: 26, fg: Indexed(25), bg: Indexed(234), underline: Reset, modifier: NONE,
        x: 50, y: 26, fg: Indexed(237), bg: Indexed(234), underline: Reset, modifier: NONE,
        x: 51, y: 26, fg: Indexed(25), bg: Indexed(234), underline: Reset, modifier: NONE,
        x: 52, y: 26, fg: Indexed(237), bg: Indexed(234), underline: Reset, modifier: NONE,
        x: 53, y: 26, fg: Indexed(61), bg: Indexed(234), underline: Reset, modifier: NONE,
        x: 54, y: 26, fg: Indexed(237), bg: Indexed(234), underline: Reset, modifier: NONE,
        x: 55, y: 26, fg: Indexed(61), bg: Indexed(234), underline: Reset, modifier: NONE,
        x: 56, y: 26, fg: Indexed(237), bg: Indexed(234), underline: Reset, modifier: NONE,
        x: 57, y: 26, fg: Indexed(75), bg: Indexed(234), underline: Reset, modifier: NONE,
        x: 58, y: 26, fg: Indexed(237), bg: Indexed(234), underline: Reset, modifier: NONE,
        x: 59, y: 26, fg: Indexed(254), bg: Indexed(234), underline: Reset, modifier: NONE,
        x: 2, y: 27, fg: Indexed(252), bg: Indexed(234), underline: Reset, modifier: NONE,
        x: 6, y: 27, fg: Indexed(237), bg: Indexed(234), underline: Reset, modifier: NONE,
        x: 7, y: 27, fg: Indexed(153), bg: Indexed(234), underline: Reset, modifier: NONE,
        x: 8, y: 27, fg: Indexed(25), bg: Indexed(234), underline: Reset, modifier: NONE,
        x: 9, y: 27, fg: Indexed(237), bg: Indexed(234), underline: Reset, modifier: NONE,
        x: 10, y: 27, fg: Indexed(25), bg: Indexed(234), underline: Reset, modifier: NONE,
        x: 11, y: 27, fg: Indexed(237), bg: Indexed(234), underline: Reset, modifier: NONE,
        x: 12, y: 27, fg: Indexed(61), bg: Indexed(234), underline: Reset, modifier: NONE,
        x: 13, y: 27, fg: Indexed(237), bg: Indexed(234), underline: Reset, modifier: NONE,
        x: 14, y: 27, fg: Indexed(61), bg: Indexed(234), underline: Reset, modifier: NONE,
        x: 15, y: 27, fg: Indexed(237), bg: Indexed(234), underline: Reset, modifier: NONE,
        x: 16, y: 27, fg: Indexed(75), bg: Indexed(234), underline: Reset, modifier: NONE,
        x: 17, y: 27, fg: Indexed(237), bg: Indexed(234), underline: Reset, modifier: NONE,
        x: 18, y: 27, fg: Indexed(153), bg: Indexed(234), underline: Reset, modifier: NONE,
        x: 19, y: 27, fg: Indexed(25), bg: Indexed(234), underline: Reset, modifier: NONE,
        x: 20, y: 27, fg: Indexed(237), bg: Indexed(234), underline: Reset, modifier: NONE,
        x: 21, y: 27, fg: Indexed(25), bg: Indexed(234), underline: Reset, modifier: NONE,
        x: 22, y: 27, fg: Indexed(237), bg: Indexed(234), underline: Reset, modifier: NONE,
        x: 23, y: 27, fg: Indexed(61), bg: Indexed(234), underline: Reset, modifier: NONE,
        x: 24, y: 27, fg: Indexed(237), bg: Indexed(234), underline: Reset, modifier: NONE,
        x: 25, y: 27, fg: Indexed(61), bg: Indexed(234), underline: Reset, modifier: NONE,
        x: 26, y: 27, fg: Indexed(237), bg: Indexed(234), underline: Reset, modifier: NONE,
        x: 27, y: 27, fg: Indexed(75), bg: Indexed(234), underline: Reset, modifier: NONE,
        x: 28, y: 27, fg: Indexed(237), bg: Indexed(234), underline: Reset, modifier: NONE,
        x: 29, y: 27, fg: Indexed(153), bg: Indexed(234), underline: Reset, modifier: NONE,
        x: 30, y: 27, fg: Indexed(25), bg: Indexed(234), underline: Reset, modifier: NONE,
        x: 31, y: 27, fg: Indexed(237), bg: Indexed(234), underline: Reset, modifier: NONE,
        x: 32, y: 27, fg: Indexed(25), bg: Indexed(234), underline: Reset, modifier: NONE,
        x: 33, y: 27, fg: Indexed(237), bg: Indexed(234), underline: Reset, modifier: NONE,
        x: 34, y: 27, fg: Indexed(61), bg: Indexed(234), underline: Reset, modifier: NONE,
        x: 35, y: 27, fg: Indexed(237), bg: Indexed(234), underline: Reset, modifier: NONE,
        x: 36, y: 27, fg: Indexed(61), bg: Indexed(234), underline: Reset, modifier: NONE,
        x: 37, y: 27, fg: Indexed(237), bg: Indexed(234), underline: Reset, modifier: NONE,
        x: 38, y: 27, fg: Indexed(75), bg: Indexed(234), underline: Reset, modifier: NONE,
        x: 39, y: 27, fg: Indexed(237), bg: Indexed(234), underline: Reset, modifier: NONE,
        x: 40, y: 27, fg: Indexed(153), bg: Indexed(234), underline: Reset, modifier: NONE,
        x: 41, y: 27, fg: Indexed(25), bg: Indexed(234), underline: Reset, modifier: NONE,
        x: 42, y: 27, fg: Indexed(237), bg: Indexed(234), underline: Reset, modifier: NONE,
        x: 43, y: 27, fg: Indexed(25), bg: Indexed(234), underline: Reset, modifier: NONE,
        x: 44, y: 27, fg: Indexed(237), bg: Indexed(234), underline: Reset, modifier: NONE,
        x: 45, y: 27, fg: Indexed(61), bg: Indexed(234), underline: Reset, modifier: NONE,
        x: 46, y: 27, fg: Indexed(237), bg: Indexed(234), underline: Reset, modifier: NONE,
        x: 47, y: 27, fg: Indexed(61), bg: Indexed(234), underline: Reset, modifier: NONE,
        x: 48, y: 27, fg: Indexed(237), bg: Indexed(234), underline: Reset, modifier: NONE,
        x: 49, y: 27, fg: Indexed(75), bg: Indexed(234), underline: Reset, modifier: NONE,
        x: 50, y: 27, fg: Indexed(237), bg: Indexed(234), underline: Reset, modifier: NONE,
        x: 51, y: 27, fg: Indexed(153), bg: Indexed(234), underline: Reset, modifier: NONE,
        x: 52, y: 27, fg: Indexed(25), bg: Indexed(234), underline: Reset, modifier: NONE,
        x: 53, y: 27, fg: Indexed(237), bg: Indexed(234), underline: Reset, modifier: NONE,
        x: 54, y: 27, fg: Indexed(25), bg: Indexed(234), underline: Reset, modifier: NONE,
        x: 55, y: 27, fg: Indexed(237), bg: Indexed(234), underline: Reset, modifier: NONE,
        x: 56, y: 27, fg: Indexed(61), bg: Indexed(234), underline: Reset, modifier: NONE,
        x: 57, y: 27, fg: Indexed(237), bg: Indexed(234), underline: Reset, modifier: NONE,
        x: 58, y: 27, fg: Indexed(61), bg: Indexed(234), underline: Reset, modifier: NONE,
        x: 59, y: 27, fg: Indexed(254), bg: Indexed(234), underline: Reset, modifier: NONE,
        x: 2, y: 28, fg: Indexed(252), bg: Indexed(234), underline: Reset, modifier: NONE,
        x: 6, y: 28, fg: Indexed(61), bg: Indexed(234), underline: Reset, modifier: NONE,
        x: 7, y: 28, fg: Indexed(237), bg: Indexed(234), underline: Reset, modifier: NONE,
        x: 8, y: 28, fg: Indexed(75), bg: Indexed(234), underline: Reset, modifier: NONE,
        x: 9, y: 28, fg: Indexed(237), bg: Indexed(234), underline: Reset, modifier: NONE,
        x: 10, y: 28, fg: Indexed(153), bg: Indexed(234), underline: Reset, modifier: NONE,
        x: 11, y: 28, fg: Indexed(25), bg: Indexed(234), underline: Reset, modifier: NONE,
        x: 12, y: 28, fg: Indexed(237), bg: Indexed(234), underline: Reset, modifier: NONE,
        x: 13, y: 28, fg: Indexed(25), bg: Indexed(234), underline: Reset, modifier: NONE,
        x: 14, y: 28, fg: Indexed(237), bg: Indexed(234), underline: Reset, modifier: NONE,
        x: 15, y: 28, fg: Indexed(61), bg: Indexed(234), underline: Reset, modifier: NONE,
        x: 16, y: 28, fg: Indexed(237), bg: Indexed(234), underline: Reset, modifier: NONE,
        x: 17, y: 28, fg: Indexed(61), bg: Indexed(234), underline: Reset, modifier: NONE,
        x: 18, y: 28, fg: Indexed(237), bg: Indexed(234), underline: Reset, modifier: NONE,
        x: 19, y: 28, fg: Indexed(75), bg: Indexed(234), underline: Reset, modifier: NONE,
        x: 20, y: 28, fg: Indexed(237), bg: Indexed(234), underline: Reset, modifier: NONE,
        x: 21, y: 28, fg: Indexed(153), bg: Indexed(234), underline: Reset, modifier: NONE,
        x: 22, y: 28, fg: Indexed(25), bg: Indexed(234), underline: Reset, modifier: NONE,
        x: 23, y: 28, fg: Indexed(237), bg: Indexed(234), underline: Reset, modifier: NONE,
        x: 24, y: 28, fg: Indexed(25), bg: Indexed(234), underline: Reset, modifier: NONE,
        x: 25, y: 28, fg: Indexed(237), bg: Indexed(234), underline: Reset, modifier: NONE,
        x: 26, y: 28, fg: Indexed(61), bg: Indexed(234), underline: Reset, modifier: NONE,
        x: 27, y: 28, fg: Indexed(237), bg: Indexed(234), underline: Reset, modifier: NONE,
        x: 28, y: 28, fg: Indexed(61), bg: Indexed(234), underline: Reset, modifier: NONE,
        x: 29, y: 28, fg: Indexed(237), bg: Indexed(234), underline: Reset, modifier: NONE,
        x: 30, y: 28, fg: Indexed(75), bg: Indexed(234), underline: Reset, modifier: NONE,
        x: 31, y: 28, fg: Indexed(237), bg: Indexed(234), underline: Reset, modifier: NONE,
        x: 32, y: 28, fg: Indexed(153), bg: Indexed(234), underline: Reset, modifier: NONE,
        x: 33, y: 28, fg: Indexed(25), bg: Indexed(234), underline: Reset, modifier: NONE,
        x: 34, y: 28, fg: Indexed(237), bg: Indexed(234), underline: Reset, modifier: NONE,
        x: 35, y: 28, fg: Indexed(25), bg: Indexed(234), underline: Reset, modifier: NONE,
        x: 36, y: 28, fg: Indexed(237), bg: Indexed(234), underline: Reset, modifier: NONE,
        x: 37, y: 28, fg: Indexed(61), bg: Indexed(234), underline: Reset, modifier: NONE,
        x: 38, y: 28, fg: Indexed(237), bg: Indexed(234), underline: Reset, modifier: NONE,
        x: 39, y: 28, fg: Indexed(61), bg: Indexed(234), underline: Reset, modifier: NONE,
        x: 40, y: 28, fg: Indexed(237), bg: Indexed(234), underline: Reset, modifier: NONE,
        x: 41, y: 28, fg: Indexed(75), bg: Indexed(234), underline: Reset, modifier: NONE,
        x: 42, y: 28, fg: Indexed(237), bg: Indexed(234), underline: Reset, modifier: NONE,
        x: 43, y: 28, fg: Indexed(153), bg: Indexed(234), underline: Reset, modifier: NONE,
        x: 44, y: 28, fg: Indexed(25), bg: Indexed(234), underline: Reset, modifier: NONE,
        x: 45, y: 28, fg: Indexed(237), bg: Indexed(234), underline: Reset, modifier: NONE,
        x: 46, y: 28, fg: Indexed(25), bg: Indexed(234), underline: Reset, modifier: NONE,
        x: 47, y: 28, fg: Indexed(237), bg: Indexed(234), underline: Reset, modifier: NONE,
        x: 48, y: 28, fg: Indexed(61), bg: Indexed(234), underline: Reset, modifier: NONE,
        x: 49, y: 28, fg: Indexed(237), bg: Indexed(234), underline: Reset, modifier: NONE,
        x: 50, y: 28, fg: Indexed(61), bg: Indexed(234), underline: Reset, modifier: NONE,
        x: 51, y: 28, fg: Indexed(237), bg: Indexed(234), underline: Reset, modifier: NONE,
        x: 52, y: 28, fg: Indexed(75), bg: Indexed(234), underline: Reset, modifier: NONE,
        x: 53, y: 28, fg: Indexed(237), bg: Indexed(234), underline: Reset, modifier: NONE,
        x: 54, y: 28, fg: Indexed(153), bg: Indexed(234), underline: Reset, modifier: NONE,
        x: 55, y: 28, fg: Indexed(25), bg: Indexed(234), underline: Reset, modifier: NONE,
        x: 56, y: 28, fg: Indexed(237), bg: Indexed(234), underline: Reset, modifier: NONE,
        x: 57, y: 28, fg: Indexed(25), bg: Indexed(234), underline: Reset, modifier: NONE,
        x: 58, y: 28, fg: Indexed(237), bg: Indexed(234), underline: Reset, modifier: NONE,
        x: 59, y: 28, fg: Indexed(254), bg: Indexed(234), underline: Reset, modifier: NONE,
        x: 2, y: 29, fg: Indexed(252), bg: Indexed(234), underline: Reset, modifier: NONE,
        x: 6, y: 29, fg: Indexed(237), bg: Indexed(234), underline: Reset, modifier: NONE,
        x: 7, y: 29, fg: Indexed(61), bg: Indexed(234), underline: Reset, modifier: NONE,
        x: 8, y: 29, fg: Indexed(237), bg: Indexed(234), underline: Reset, modifier: NONE,
        x: 9, y: 29, fg: Indexed(61), bg: Indexed(234), underline: Reset, modifier: NONE,
        x: 10, y: 29, fg: Indexed(237), bg: Indexed(234), underline: Reset, modifier: NONE,
        x: 11, y: 29, fg: Indexed(75), bg: Indexed(234), underline: Reset, modifier: NONE,
        x: 12, y: 29, fg: Indexed(237), bg: Indexed(234), underline: Reset, modifier: NONE,
        x: 13, y: 29, fg: Indexed(153), bg: Indexed(234), underline: Reset, modifier: NONE,
        x: 14, y: 29, fg: Indexed(25), bg: Indexed(234), underline: Reset, modifier: NONE,
        x: 15, y: 29, fg: Indexed(237), bg: Indexed(234), underline: Reset, modifier: NONE,
        x: 16, y: 29, fg: Indexed(25), bg: Indexed(234), underline: Reset, modifier: NONE,
        x: 17, y: 29, fg: Indexed(237), bg: Indexed(234), underline: Reset, modifier: NONE,
        x: 18, y: 29, fg: Indexed(61), bg: Indexed(234), underline: Reset, modifier: NONE,
        x: 19, y: 29, fg: Indexed(237), bg: Indexed(234), underline: Reset, modifier: NONE,
        x: 20, y: 29, fg: Indexed(61), bg: Indexed(234), underline: Reset, modifier: NONE,
        x: 21, y: 29, fg: Indexed(237), bg: Indexed(234), underline: Reset, modifier: NONE,
        x: 22, y: 29, fg: Indexed(75), bg: Indexed(234), underline: Reset, modifier: NONE,
        x: 23, y: 29, fg: Indexed(237), bg: Indexed(234), underline: Reset, modifier: NONE,
        x: 24, y: 29, fg: Indexed(153), bg: Indexed(234), underline: Reset, modifier: NONE,
        x: 25, y: 29, fg: Indexed(25), bg: Indexed(234), underline: Reset, modifier: NONE,
        x: 26, y: 29, fg: Indexed(237), bg: Indexed(234), underline: Reset, modifier: NONE,
        x: 27, y: 29, fg: Indexed(25), bg: Indexed(234), underline: Reset, modifier: NONE,
        x: 28, y: 29, fg: Indexed(237), bg: Indexed(234), underline: Reset, modifier: NONE,
        x: 29, y: 29, fg: Indexed(61), bg: Indexed(234), underline: Reset, modifier: NONE,
        x: 30, y: 29, fg: Indexed(237), bg: Indexed(234), underline: Reset, modifier: NONE,
        x: 31, y: 29, fg: Indexed(61), bg: Indexed(234), underline: Reset, modifier: NONE,
        x: 32, y: 29, fg: Indexed(237), bg: Indexed(234), underline: Reset, modifier: NONE,
        x: 33, y: 29, fg: Indexed(75), bg: Indexed(234), underline: Reset, modifier: NONE,
        x: 34, y: 29, fg: Indexed(237), bg: Indexed(234), underline: Reset, modifier: NONE,
        x: 35, y: 29, fg: Indexed(153), bg: Indexed(234), underline: Reset, modifier: NONE,
        x: 36, y: 29, fg: Indexed(25), bg: Indexed(234), underline: Reset, modifier: NONE,
        x: 37, y: 29, fg: Indexed(237), bg: Indexed(234), underline: Reset, modifier: NONE,
        x: 38, y: 29, fg: Indexed(25), bg: Indexed(234), underline: Reset, modifier: NONE,
        x: 39, y: 29, fg: Indexed(237), bg: Indexed(234), underline: Reset, modifier: NONE,
        x: 40, y: 29, fg: Indexed(61), bg: Indexed(234), underline: Reset, modifier: NONE,
        x: 41, y: 29, fg: Indexed(237), bg: Indexed(234), underline: Reset, modifier: NONE,
        x: 42, y: 29, fg: Indexed(61), bg: Indexed(234), underline: Reset, modifier: NONE,
        x: 43, y: 29, fg: Indexed(237), bg: Indexed(234), underline: Reset, modifier: NONE,
        x: 44, y: 29, fg: Indexed(75), bg: Indexed(234), underline: Reset, modifier: NONE,
        x: 45, y: 29, fg: Indexed(237), bg: Indexed(234), underline: Reset, modifier: NONE,
        x: 46, y: 29, fg: Indexed(153), bg: Indexed(234), underline: Reset, modifier: NONE,
        x: 47, y: 29, fg: Indexed(25), bg: Indexed(234), underline: Reset, modifier: NONE,
        x: 48, y: 29, fg: Indexed(237), bg: Indexed(234), underline: Reset, modifier: NONE,
        x: 49, y: 29, fg: Indexed(25), bg: Indexed(234), underline: Reset, modifier: NONE,
        x: 50, y: 29, fg: Indexed(237), bg: Indexed(234), underline: Reset, modifier: NONE,
        x: 51, y: 29, fg: Indexed(61), bg: Indexed(234), underline: Reset, modifier: NONE,
        x: 52, y: 29, fg: Indexed(237), bg: Indexed(234), underline: Reset, modifier: NONE,
        x: 53, y: 29, fg: Indexed(61), bg: Indexed(234), underline: Reset, modifier: NONE,
        x: 54, y: 29, fg: Indexed(237), bg: Indexed(234), underline: Reset, modifier: NONE,
        x: 55, y: 29, fg: Indexed(75), bg: Indexed(234), underline: Reset, modifier: NONE,
        x: 56, y: 29, fg: Indexed(237), bg: Indexed(234), underline: Reset, modifier: NONE,
        x: 57, y: 29, fg: Indexed(153), bg: Indexed(234), underline: Reset, modifier: NONE,
        x: 58, y: 29, fg: Indexed(252), bg: Indexed(234), underline: Reset, modifier: NONE,
        x: 59, y: 29, fg: Indexed(254), bg: Indexed(234), underline: Reset, modifier: NONE,
        x: 2, y: 30, fg: Indexed(252), bg: Indexed(234), underline: Reset, modifier: NONE,
        x: 6, y: 30, fg: Indexed(25), bg: Indexed(234), underline: Reset, modifier: NONE,
        x: 7, y: 30, fg: Indexed(237), bg: Indexed(234), underline: Reset, modifier: NONE,
        x: 8, y: 30, fg: Indexed(25), bg: Indexed(234), underline: Reset, modifier: NONE,
        x: 9, y: 30, fg: Indexed(237), bg: Indexed(234), underline: Reset, modifier: NONE,
        x: 10, y: 30, fg: Indexed(61), bg: Indexed(234), underline: Reset, modifier: NONE,
        x: 11, y: 30, fg: Indexed(237), bg: Indexed(234), underline: Reset, modifier: NONE,
        x: 12, y: 30, fg: Indexed(61), bg: Indexed(234), underline: Reset, modifier: NONE,
        x: 13, y: 30, fg: Indexed(237), bg: Indexed(234), underline: Reset, modifier: NONE,
        x: 14, y: 30, fg: Indexed(75), bg: Indexed(234), underline: Reset, modifier: NONE,
        x: 15, y: 30, fg: Indexed(237), bg: Indexed(234), underline: Reset, modifier: NONE,
        x: 16, y: 30, fg: Indexed(153), bg: Indexed(234), underline: Reset, modifier: NONE,
        x: 17, y: 30, fg: Indexed(25), bg: Indexed(234), underline: Reset, modifier: NONE,
        x: 18, y: 30, fg: Indexed(237), bg: Indexed(234), underline: Reset, modifier: NONE,
        x: 19, y: 30, fg: Indexed(25), bg: Indexed(234), underline: Reset, modifier: NONE,
        x: 20, y: 30, fg: Indexed(237), bg: Indexed(234), underline: Reset, modifier: NONE,
        x: 21, y: 30, fg: Indexed(61), bg: Indexed(234), underline: Reset, modifier: NONE,
        x: 22, y: 30, fg: Indexed(237), bg: Indexed(234), underline: Reset, modifier: NONE,
        x: 23, y: 30, fg: Indexed(61), bg: Indexed(234), underline: Reset, modifier: NONE,
        x: 24, y: 30, fg: Indexed(237), bg: Indexed(234), underline: Reset, modifier: NONE,
        x: 25, y: 30, fg: Indexed(75), bg: Indexed(234), underline: Reset, modifier: NONE,
        x: 26, y: 30, fg: Indexed(237), bg: Indexed(234), underline: Reset, modifier: NONE,
        x: 27, y: 30, fg: Indexed(153), bg: Indexed(234), underline: Reset, modifier: NONE,
        x: 28, y: 30, fg: Indexed(25), bg: Indexed(234), underline: Reset, modifier: NONE,
        x: 29, y: 30, fg: Indexed(237), bg: Indexed(234), underline: Reset, modifier: NONE,
        x: 30, y: 30, fg: Indexed(25), bg: Indexed(234), underline: Reset, modifier: NONE,
        x: 31, y: 30, fg: Indexed(237), bg: Indexed(234), underline: Reset, modifier: NONE,
        x: 32, y: 30, fg: Indexed(61), bg: Indexed(234), underline: Reset, modifier: NONE,
        x: 33, y: 30, fg: Indexed(237), bg: Indexed(234), underline: Reset, modifier: NONE,
        x: 34, y: 30, fg: Indexed(61), bg: Indexed(234), underline: Reset, modifier: NONE,
        x: 35, y: 30, fg: Indexed(237), bg: Indexed(234), underline: Reset, modifier: NONE,
        x: 36, y: 30, fg: Indexed(75), bg: Indexed(234), underline: Reset, modifier: NONE,
        x: 37, y: 30, fg: Indexed(237), bg: Indexed(234), underline: Reset, modifier: NONE,
        x: 38, y: 30, fg: Indexed(153), bg: Indexed(234), underline: Reset, modifier: NONE,
        x: 39, y: 30, fg: Indexed(25), bg: Indexed(234), underline: Reset, modifier: NONE,
        x: 40, y: 30, fg: Indexed(237), bg: Indexed(234), underline: Reset, modifier: NONE,
        x: 41, y: 30, fg: Indexed(25), bg: Indexed(234), underline: Reset, modifier: NONE,
        x: 42, y: 30, fg: Indexed(237), bg: Indexed(234), underline: Reset, modifier: NONE,
        x: 43, y: 30, fg: Indexed(61), bg: Indexed(234), underline: Reset, modifier: NONE,
        x: 44, y: 30, fg: Indexed(237), bg: Indexed(234), underline: Reset, modifier: NONE,
        x: 45, y: 30, fg: Indexed(61), bg: Indexed(234), underline: Reset, modifier: NONE,
        x: 46, y: 30, fg: Indexed(237), bg: Indexed(234), underline: Reset, modifier: NONE,
        x: 47, y: 30, fg: Indexed(75), bg: Indexed(234), underline: Reset, modifier: NONE,
        x: 48, y: 30, fg: Indexed(237), bg: Indexed(234), underline: Reset, modifier: NONE,
        x: 49, y: 30, fg: Indexed(153), bg: Indexed(234), underline: Reset, modifier: NONE,
        x: 50, y: 30, fg: Indexed(25), bg: Indexed(234), underline: Reset, modifier: NONE,
        x: 51, y: 30, fg: Indexed(237), bg: Indexed(234), underline: Reset, modifier: NONE,
        x: 52, y: 30, fg: Indexed(25), bg: Indexed(234), underline: Reset, modifier: NONE,
        x: 53, y: 30, fg: Indexed(237), bg: Indexed(234), underline: Reset, modifier: NONE,
        x: 54, y: 30, fg: Indexed(61), bg: Indexed(234), underline: Reset, modifier: NONE,
        x: 55, y: 30, fg: Indexed(237), bg: Indexed(234), underline: Reset, modifier: NONE,
        x: 56, y: 30, fg: Indexed(61), bg: Indexed(234), underline: Reset, modifier: NONE,
        x: 57, y: 30, fg: Indexed(237), bg: Indexed(234), underline: Reset, modifier: NONE,
        x: 58, y: 30, fg: Indexed(252), bg: Indexed(234), underline: Reset, modifier: NONE,
        x: 59, y: 30, fg: Indexed(254), bg: Indexed(234), underline: Reset, modifier: NONE,
        x: 2, y: 31, fg: Indexed(252), bg: Indexed(234), underline: Reset, modifier: NONE,
        x: 6, y: 31, fg: Indexed(75), bg: Indexed(234), underline: Reset, modifier: NONE,
        x: 7, y: 31, fg: Indexed(237), bg: Indexed(234), underline: Reset, modifier: NONE,
        x: 8, y: 31, fg: Indexed(153), bg: Indexed(234), underline: Reset, modifier: NONE,
        x: 9, y: 31, fg: Indexed(25), bg: Indexed(234), underline: Reset, modifier: NONE,
        x: 10, y: 31, fg: Indexed(237), bg: Indexed(234), underline: Reset, modifier: NONE,
        x: 11, y: 31, fg: Indexed(25), bg: Indexed(234), underline: Reset, modifier: NONE,
        x: 12, y: 31, fg: Indexed(237), bg: Indexed(234), underline: Reset, modifier: NONE,
        x: 13, y: 31, fg: Indexed(61), bg: Indexed(234), underline: Reset, modifier: NONE,
        x: 14, y: 31, fg: Indexed(237), bg: Indexed(234), underline: Reset, modifier: NONE,
        x: 15, y: 31, fg: Indexed(61), bg: Indexed(234), underline: Reset, modifier: NONE,
        x: 16, y: 31, fg: Indexed(237), bg: Indexed(234), underline: Reset, modifier: NONE,
        x: 17, y: 31, fg: Indexed(75), bg: Indexed(234), underline: Reset, modifier: NONE,
        x: 18, y: 31, fg: Indexed(237), bg: Indexed(234), underline: Reset, modifier: NONE,
        x: 19, y: 31, fg: Indexed(153), bg: Indexed(234), underline: Reset, modifier: NONE,
        x: 20, y: 31, fg: Indexed(25), bg: Indexed(234), underline: Reset, modifier: NONE,
        x: 21, y: 31, fg: Indexed(237), bg: Indexed(234), underline: Reset, modifier: NONE,
        x: 22, y: 31, fg: Indexed(25), bg: Indexed(234), underline: Reset, modifier: NONE,
        x: 23, y: 31, fg: Indexed(237), bg: Indexed(234), underline: Reset, modifier: NONE,
        x: 24, y: 31, fg: Indexed(61), bg: Indexed(234), underline: Reset, modifier: NONE,
        x: 25, y: 31, fg: Indexed(237), bg: Indexed(234), underline: Reset, modifier: NONE,
        x: 26, y: 31, fg: Indexed(61), bg: Indexed(234), underline: Reset, modifier: NONE,
        x: 27, y: 31, fg: Indexed(237), bg: Indexed(234), underline: Reset, modifier: NONE,
        x: 28, y: 31, fg: Indexed(75), bg: Indexed(234), underline: Reset, modifier: NONE,
        x: 29, y: 31, fg: Indexed(237), bg: Indexed(234), underline: Reset, modifier: NONE,
        x: 30, y: 31, fg: Indexed(153), bg: Indexed(234), underline: Reset, modifier: NONE,
        x: 31, y: 31, fg: Indexed(25), bg: Indexed(234), underline: Reset, modifier: NONE,
        x: 32, y: 31, fg: Indexed(237), bg: Indexed(234), underline: Reset, modifier: NONE,
        x: 33, y: 31, fg: Indexed(25), bg: Indexed(234), underline: Reset, modifier: NONE,
        x: 34, y: 31, fg: Indexed(237), bg: Indexed(234), underline: Reset, modifier: NONE,
        x: 35, y: 31, fg: Indexed(61), bg: Indexed(234), underline: Reset, modifier: NONE,
        x: 36, y: 31, fg: Indexed(237), bg: Indexed(234), underline: Reset, modifier: NONE,
        x: 37, y: 31, fg: Indexed(61), bg: Indexed(234), underline: Reset, modifier: NONE,
        x: 38, y: 31, fg: Indexed(237), bg: Indexed(234), underline: Reset, modifier: NONE,
        x: 39, y: 31, fg: Indexed(75), bg: Indexed(234), underline: Reset, modifier: NONE,
        x: 40, y: 31, fg: Indexed(237), bg: Indexed(234), underline: Reset, modifier: NONE,
        x: 41, y: 31, fg: Indexed(153), bg: Indexed(234), underline: Reset, modifier: NONE,
        x: 42, y: 31, fg: Indexed(25), bg: Indexed(234), underline: Reset, modifier: NONE,
        x: 43, y: 31, fg: Indexed(237), bg: Indexed(234), underline: Reset, modifier: NONE,
        x: 44, y: 31, fg: Indexed(25), bg: Indexed(234), underline: Reset, modifier: NONE,
        x: 45, y: 31, fg: Indexed(237), bg: Indexed(234), underline: Reset, modifier: NONE,
        x: 46, y: 31, fg: Indexed(61), bg: Indexed(234), underline: Reset, modifier: NONE,
        x: 47, y: 31, fg: Indexed(237), bg: Indexed(234), underline: Reset, modifier: NONE,
        x: 48, y: 31, fg: Indexed(61), bg: Indexed(234), underline: Reset, modifier: NONE,
        x: 49, y: 31, fg: Indexed(237), bg: Indexed(234), underline: Reset, modifier: NONE,
        x: 50, y: 31, fg: Indexed(75), bg: Indexed(234), underline: Reset, modifier: NONE,
        x: 51, y: 31, fg: Indexed(237), bg: Indexed(234), underline: Reset, modifier: NONE,
        x: 52, y: 31, fg: Indexed(153), bg: Indexed(234), underline: Reset, modifier: NONE,
        x: 53, y: 31, fg: Indexed(25), bg: Indexed(234), underline: Reset, modifier: NONE,
        x: 54, y: 31, fg: Indexed(237), bg: Indexed(234), underline: Reset, modifier: NONE,
        x: 55, y: 31, fg: Indexed(25), bg: Indexed(234), underline: Reset, modifier: NONE,
        x: 56, y: 31, fg: Indexed(237), bg: Indexed(234), underline: Reset, modifier: NONE,
        x: 57, y: 31, fg: Indexed(61), bg: Indexed(234), underline: Reset, modifier: NONE,
        x: 58, y: 31, fg: Indexed(252), bg: Indexed(234), underline: Reset, modifier: NONE,
        x: 59, y: 31, fg: Indexed(254), bg: Indexed(234), underline: Reset, modifier: NONE,
        x: 2, y: 32, fg: Indexed(252), bg: Indexed(234), underline: Reset, modifier: NONE,
        x: 6, y: 32, fg: Indexed(237), bg: Indexed(234), underline: Reset, modifier: NONE,
        x: 7, y: 32, fg: Indexed(61), bg: Indexed(234), underline: Reset, modifier: NONE,
        x: 8, y: 32, fg: Indexed(237), bg: Indexed(234), underline: Reset, modifier: NONE,
        x: 9, y: 32, fg: Indexed(75), bg: Indexed(234), underline: Reset, modifier: NONE,
        x: 10, y: 32, fg: Indexed(237), bg: Indexed(234), underline: Reset, modifier: NONE,
        x: 11, y: 32, fg: Indexed(153), bg: Indexed(234), underline: Reset, modifier: NONE,
        x: 12, y: 32, fg: Indexed(25), bg: Indexed(234), underline: Reset, modifier: NONE,
        x: 13, y: 32, fg: Indexed(237), bg: Indexed(234), underline: Reset, modifier: NONE,
        x: 14, y: 32, fg: Indexed(25), bg: Indexed(234), underline: Reset, modifier: NONE,
        x: 15, y: 32, fg: Indexed(237), bg: Indexed(234), underline: Reset, modifier: NONE,
        x: 16, y: 32, fg: Indexed(61), bg: Indexed(234), underline: Reset, modifier: NONE,
        x: 17, y: 32, fg: Indexed(237), bg: Indexed(234), underline: Reset, modifier: NONE,
        x: 18, y: 32, fg: Indexed(61), bg: Indexed(234), underline: Reset, modifier: NONE,
        x: 19, y: 32, fg: Indexed(237), bg: Indexed(234), underline: Reset, modifier: NONE,
        x: 20, y: 32, fg: Indexed(75), bg: Indexed(234), underline: Reset, modifier: NONE,
        x: 21, y: 32, fg: Indexed(237), bg: Indexed(234), underline: Reset, modifier: NONE,
        x: 22, y: 32, fg: Indexed(153), bg: Indexed(234), underline: Reset, modifier: NONE,
        x: 23, y: 32, fg: Indexed(25), bg: Indexed(234), underline: Reset, modifier: NONE,
        x: 24, y: 32, fg: Indexed(237), bg: Indexed(234), underline: Reset, modifier: NONE,
        x: 25, y: 32, fg: Indexed(25), bg: Indexed(234), underline: Reset, modifier: NONE,
        x: 26, y: 32, fg: Indexed(237), bg: Indexed(234), underline: Reset, modifier: NONE,
        x: 27, y: 32, fg: Indexed(61), bg: Indexed(234), underline: Reset, modifier: NONE,
        x: 28, y: 32, fg: Indexed(237), bg: Indexed(234), underline: Reset, modifier: NONE,
        x: 29, y: 32, fg: Indexed(61), bg: Indexed(234), underline: Reset, modifier: NONE,
        x: 30, y: 32, fg: Indexed(237), bg: Indexed(234), underline: Reset, modifier: NONE,
        x: 31, y: 32, fg: Indexed(75), bg: Indexed(234), underline: Reset, modifier: NONE,
        x: 32, y: 32, fg: Indexed(237), bg: Indexed(234), underline: Reset, modifier: NONE,
        x: 33, y: 32, fg: Indexed(153), bg: Indexed(234), underline: Reset, modifier: NONE,
        x: 34, y: 32, fg: Indexed(25), bg: Indexed(234), underline: Reset, modifier: NONE,
        x: 35, y: 32, fg: Indexed(237), bg: Indexed(234), underline: Reset, modifier: NONE,
        x: 36, y: 32, fg: Indexed(25), bg: Indexed(234), underline: Reset, modifier: NONE,
        x: 37, y: 32, fg: Indexed(237), bg: Indexed(234), underline: Reset, modifier: NONE,
        x: 38, y: 32, fg: Indexed(61), bg: Indexed(234), underline: Reset, modifier: NONE,
        x: 39, y: 32, fg: Indexed(237), bg: Indexed(234), underline: Reset, modifier: NONE,
        x: 40, y: 32, fg: Indexed(61), bg: Indexed(234), underline: Reset, modifier: NONE,
        x: 41, y: 32, fg: Indexed(237), bg: Indexed(234), underline: Reset, modifier: NONE,
        x: 42, y: 32, fg: Indexed(75), bg: Indexed(234), underline: Reset, modifier: NONE,
        x: 43, y: 32, fg: Indexed(237), bg: Indexed(234), underline: Reset, modifier: NONE,
        x: 44, y: 32, fg: Indexed(153), bg: Indexed(234), underline: Reset, modifier: NONE,
        x: 45, y: 32, fg: Indexed(25), bg: Indexed(234), underline: Reset, modifier: NONE,
        x: 46, y: 32, fg: Indexed(237), bg: Indexed(234), underline: Reset, modifier: NONE,
        x: 47, y: 32, fg: Indexed(25), bg: Indexed(234), underline: Reset, modifier: NONE,
        x: 48, y: 32, fg: Indexed(237), bg: Indexed(234), underline: Reset, modifier: NONE,
        x: 49, y: 32, fg: Indexed(61), bg: Indexed(234), underline: Reset, modifier: NONE,
        x: 50, y: 32, fg: Indexed(237), bg: Indexed(234), underline: Reset, modifier: NONE,
        x: 51, y: 32, fg: Indexed(61), bg: Indexed(234), underline: Reset, modifier: NONE,
        x: 52, y: 32, fg: Indexed(237), bg: Indexed(234), underline: Reset, modifier: NONE,
        x: 53, y: 32, fg: Indexed(75), bg: Indexed(234), underline: Reset, modifier: NONE,
        x: 54, y: 32, fg: Indexed(237), bg: Indexed(234), underline: Reset, modifier: NONE,
        x: 55, y: 32, fg: Indexed(153), bg: Indexed(234), underline: Reset, modifier: NONE,
        x: 56, y: 32, fg: Indexed(25), bg: Indexed(234), underline: Reset, modifier: NONE,
        x: 57, y: 32, fg: Indexed(237), bg: Indexed(234), underline: Reset, modifier: NONE,
        x: 58, y: 32, fg: Indexed(252), bg: Indexed(234), underline: Reset, modifier: NONE,
        x: 59, y: 32, fg: Indexed(254), bg: Indexed(234), underline: Reset, modifier: NONE,
        x: 2, y: 33, fg: Indexed(252), bg: Indexed(234), underline: Reset, modifier: NONE,
        x: 11, y: 33, fg: Indexed(237), bg: Indexed(234), underline: Reset, modifier: NONE,
        x: 12, y: 33, fg: Indexed(25), bg: Indexed(234), underline: Reset, modifier: NONE,
        x: 13, y: 33, fg: Indexed(61), bg: Indexed(234), underline: Reset, modifier: NONE,
        x: 14, y: 33, fg: Indexed(75), bg: Indexed(234), underline: Reset, modifier: NONE,
        x: 15, y: 33, fg: Indexed(153), bg: Indexed(234), underline: Reset, modifier: NONE,
        x: 16, y: 33, fg: Indexed(252), bg: Indexed(234), underline: Reset, modifier: NONE,
        x: 21, y: 33, fg: Indexed(254), bg: Indexed(234), underline: Reset, modifier: NONE,
        x: 2, y: 35, fg: Indexed(254), bg: Indexed(234), underline: Reset, modifier: BOLD,
        x: 23, y: 35, fg: Indexed(254), bg: Indexed(234), underline: Reset, modifier: NONE,
        x: 2, y: 37, fg: Indexed(153), bg: Indexed(234), underline: Reset, modifier: BOLD,
        x: 10, y: 37, fg: Indexed(254), bg: Indexed(234), underline: Reset, modifier: NONE,
        x: 2, y: 39, fg: Indexed(252), bg: Indexed(234), underline: Reset, modifier: NONE,
        x: 6, y: 39, fg: Indexed(153), bg: Indexed(234), underline: Reset, modifier: NONE,
        x: 30, y: 39, fg: Indexed(252), bg: Indexed(234), underline: Reset, modifier: NONE,
        x: 42, y: 39, fg: Indexed(254), bg: Indexed(234), underline: Reset, modifier: NONE,
        x: 2, y: 40, fg: Indexed(252), bg: Indexed(234), underline: Reset, modifier: NONE,
        x: 6, y: 40, fg: Indexed(153), bg: Indexed(234), underline: Reset, modifier: NONE,
        x: 21, y: 40, fg: Indexed(252), bg: Indexed(234), underline: Reset, modifier: NONE,
        x: 32, y: 40, fg: Indexed(254), bg: Indexed(234), underline: Reset, modifier: NONE,
        x: 6, y: 42, fg: Indexed(252), bg: Indexed(234), underline: Reset, modifier: NONE,
        x: 35, y: 42, fg: Indexed(153), bg: Indexed(234), underline: Reset, modifier: NONE,
        x: 75, y: 42, fg: Indexed(254), bg: Indexed(234), underline: Reset, modifier: NONE,
        x: 6, y: 44, fg: Indexed(252), bg: Indexed(234), underline: Reset, modifier: NONE,
        x: 28, y: 44, fg: Indexed(153), bg: Indexed(234), underline: Reset, modifier: NONE,
        x: 50, y: 44, fg: Indexed(254), bg: Indexed(234), underline: Reset, modifier: NONE,
        x: 2, y: 46, fg: Indexed(153), bg: Indexed(234), underline: Reset, modifier: BOLD,
        x: 10, y: 46, fg: Indexed(254), bg: Indexed(234), underline: Reset, modifier: NONE,
        x: 2, y: 48, fg: Indexed(252), bg: Indexed(234), underline: Reset, modifier: NONE,
        x: 6, y: 48, fg: Indexed(153), bg: Indexed(234), underline: Reset, modifier: NONE,
        x: 30, y: 48, fg: Indexed(252), bg: Indexed(234), underline: Reset, modifier: NONE,
        x: 42, y: 48, fg: Indexed(254), bg: Indexed(234), underline: Reset, modifier: NONE,
        x: 6, y: 50, fg: Indexed(252), bg: Indexed(234), underline: Reset, modifier: NONE,
        x: 28, y: 50, fg: Indexed(153), bg: Indexed(234), underline: Reset, modifier: NONE,
        x: 60, y: 50, fg: Indexed(254), bg: Indexed(234), underline: Reset, modifier: NONE,
        x: 0, y: 78, fg: Indexed(240), bg: Indexed(234), underline: Reset, modifier: NONE,
        x: 0, y: 79, fg: Indexed(254), bg: Indexed(234), underline: Reset, modifier: NONE,
        x: 2, y: 79, fg: Indexed(153), bg: Indexed(234), underline: Reset, modifier: BOLD,
        x: 7, y: 79, fg: Indexed(252), bg: Indexed(234), underline: Reset, modifier: NONE,
        x: 12, y: 79, fg: Indexed(254), bg: Indexed(234), underline: Reset, modifier: NONE,
        x: 15, y: 79, fg: Indexed(153), bg: Indexed(234), underline: Reset, modifier: BOLD,
        x: 16, y: 79, fg: Indexed(252), bg: Indexed(234), underline: Reset, modifier: NONE,
        x: 21, y: 79, fg: Indexed(254), bg: Indexed(234), underline: Reset, modifier: NONE,
        x: 24, y: 79, fg: Indexed(153), bg: Indexed(234), underline: Reset, modifier: BOLD,
        x: 25, y: 79, fg: Indexed(252), bg: Indexed(234), underline: Reset, modifier: NONE,
        x: 32, y: 79, fg: Indexed(254), bg: Indexed(234), underline: Reset, modifier: NONE,
        x: 35, y: 79, fg: Indexed(153), bg: Indexed(234), underline: Reset, modifier: BOLD,
        x: 37, y: 79, fg: Indexed(252), bg: Indexed(234), underline: Reset, modifier: NONE,
        x: 42, y: 79, fg: Indexed(254), bg: Indexed(234), underline: Reset, modifier: NONE,
        x: 45, y: 79, fg: Indexed(153), bg: Indexed(234), underline: Reset, modifier: BOLD,
        x: 46, y: 79, fg: Indexed(252), bg: Indexed(234), underline: Reset, modifier: NONE,
        x: 54, y: 79, fg: Indexed(254), bg: Indexed(234), underline: Reset, modifier: NONE,
        x: 57, y: 79, fg: Indexed(153), bg: Indexed(234), underline: Reset, modifier: BOLD,
        x: 58, y: 79, fg: Indexed(252), bg: Indexed(234), underline: Reset, modifier: NONE,
        x: 68, y: 79, fg: Indexed(254), bg: Indexed(234), underline: Reset, modifier: NONE,
        x: 71, y: 79, fg: Indexed(153), bg: Indexed(234), underline: Reset, modifier: BOLD,
        x: 72, y: 79, fg: Indexed(252), bg: Indexed(234), underline: Reset, modifier: NONE,
        x: 78, y: 79, fg: Indexed(254), bg: Indexed(234), underline: Reset, modifier: NONE,
        x: 85, y: 79, fg: Indexed(252), bg: Indexed(234), underline: Reset, modifier: NONE,
        x: 98, y: 79, fg: Indexed(254), bg: Indexed(234), underline: Reset, modifier: NONE,
    ]
}
