---
source: crates/app/src/snapshot_tests.rs
expression: render(&state)
---
Buffer {
    area: Rect { x: 0, y: 0, width: 100, height: 30 },
    content: [
        "  ◆ ghtui   Home                       ⌕ Type   Here you can                                        ",
        "                                                                                                    ",
        "  ╭─ Review requests  2 ──────────────────────  This page                                           ",
        "  │▌⇄ Add a virtualized list widget for very l▌      ↵   Open ratatui/ratatui#1820                  ",
        "  │▌  ratatui/ratatui#1820 updated 3h ago by o       /   Search or jump to…                         ",
        "  ├───────────────────────────────────────────  Go                                                  ",
        "  │ ⇢ Fix waker leak in the multi-thread sched       o   Open the selection on GitHub               ",
        "  │   tokio-rs/tokio#7001 updated 3h ago by oc       y   Copy the selection's link                  ",
        "  ╰───────────────────────────────────────────       i   Follow any link by its letters             ",
        "                                                     u   Up a level                                 ",
        "  ╭─ Your pull requests  2 of 31 ─────────────     esc   Back (this is the first page)              ",
        "  │ ⇄ Theme: generate syntax palette from seed   alt-→   Forward (nothing to go forward to)         ",
        "  │   gold-silver-copper/ghtui#12 updated 3h a       H   Home                                       ",
        "  ├───────────────────────────────────────────       r   Refresh                                    ",
        "  │ ⇄ Cache GraphQL responses in redb                :   Command palette                            ",
        "  │   gold-silver-copper/ghtui#9 updated 3h ag           Recent messages and errors (nothing yet)   ",
        "  ├───────────────────────────────────────────  Tabs                                                ",
        "  │ … 29 more on GitHub                              T   Open in a new tab                          ",
        "  ╰───────────────────────────────────────────  Keys                                                ",
        "                                                     ↓   Move down                                  ",
        "  ╭─ Your repositories ───────────────────────       ↑   Move up                                    ",
        "  │ gold-silver-copper/ghtui                      home   Go to top                                  ",
        "  │ A keyboard-driven terminal client for GitH     end   Go to bottom                               ",
        "  │ ● Rust   ⑂ 61   Updated 1d ago                pgdn   Page down                                  ",
        "  ├───────────────────────────────────────────    pgup   Page up                                    ",
        "  │ gold-silver-copper/fux                      ctrl-d   Half page down                             ",
        "  │ A keyboard-driven terminal client for GitH  ctrl-u   Half page up                               ",
        "  │ ● Rust   ⑂ 4   Updated 1d ago                    q   Quit                                       ",
        "  ╰───────────────────────────────────────────                                                      ",
        "  ↵ run   key run it   / filter   esc close                                          API 4987/5000  ",
    ],
    styles: [
        x: 0, y: 0, fg: Rgb(226, 226, 233), bg: Rgb(29, 32, 36), underline: Reset, modifier: NONE,
        x: 2, y: 0, fg: Rgb(169, 199, 255), bg: Rgb(29, 32, 36), underline: Reset, modifier: BOLD,
        x: 9, y: 0, fg: Rgb(226, 226, 233), bg: Rgb(29, 32, 36), underline: Reset, modifier: NONE,
        x: 12, y: 0, fg: Rgb(226, 226, 233), bg: Rgb(29, 32, 36), underline: Reset, modifier: BOLD,
        x: 16, y: 0, fg: Rgb(226, 226, 233), bg: Rgb(29, 32, 36), underline: Reset, modifier: NONE,
        x: 38, y: 0, fg: Rgb(226, 226, 233), bg: Rgb(51, 53, 58), underline: Reset, modifier: NONE,
        x: 39, y: 0, fg: Rgb(196, 198, 207), bg: Rgb(51, 53, 58), underline: Reset, modifier: NONE,
        x: 46, y: 0, fg: Rgb(226, 226, 233), bg: Rgb(40, 42, 47), underline: Reset, modifier: NONE,
        x: 48, y: 0, fg: Rgb(226, 226, 233), bg: Rgb(40, 42, 47), underline: Reset, modifier: BOLD,
        x: 60, y: 0, fg: Rgb(226, 226, 233), bg: Rgb(40, 42, 47), underline: Reset, modifier: NONE,
        x: 99, y: 0, fg: Rgb(226, 226, 233), bg: Rgb(29, 32, 36), underline: Reset, modifier: NONE,
        x: 0, y: 1, fg: Rgb(226, 226, 233), bg: Rgb(25, 28, 32), underline: Reset, modifier: NONE,
        x: 46, y: 1, fg: Rgb(226, 226, 233), bg: Rgb(40, 42, 47), underline: Reset, modifier: NONE,
        x: 99, y: 1, fg: Rgb(226, 226, 233), bg: Rgb(25, 28, 32), underline: Reset, modifier: NONE,
        x: 2, y: 2, fg: Rgb(72, 76, 83), bg: Rgb(25, 28, 32), underline: Reset, modifier: NONE,
        x: 4, y: 2, fg: Rgb(226, 226, 233), bg: Rgb(25, 28, 32), underline: Reset, modifier: NONE,
        x: 5, y: 2, fg: Rgb(226, 226, 233), bg: Rgb(25, 28, 32), underline: Reset, modifier: BOLD,
        x: 20, y: 2, fg: Rgb(196, 198, 207), bg: Rgb(25, 28, 32), underline: Reset, modifier: NONE,
        x: 23, y: 2, fg: Rgb(226, 226, 233), bg: Rgb(25, 28, 32), underline: Reset, modifier: NONE,
        x: 24, y: 2, fg: Rgb(72, 76, 83), bg: Rgb(25, 28, 32), underline: Reset, modifier: NONE,
        x: 46, y: 2, fg: Rgb(226, 226, 233), bg: Rgb(40, 42, 47), underline: Reset, modifier: NONE,
        x: 48, y: 2, fg: Rgb(196, 198, 207), bg: Rgb(40, 42, 47), underline: Reset, modifier: BOLD,
        x: 57, y: 2, fg: Rgb(226, 226, 233), bg: Rgb(40, 42, 47), underline: Reset, modifier: NONE,
        x: 99, y: 2, fg: Rgb(226, 226, 233), bg: Rgb(25, 28, 32), underline: Reset, modifier: NONE,
        x: 2, y: 3, fg: Rgb(72, 76, 83), bg: Rgb(25, 28, 32), underline: Reset, modifier: NONE,
        x: 3, y: 3, fg: Rgb(169, 199, 255), bg: Rgb(42, 49, 59), underline: Reset, modifier: NONE,
        x: 4, y: 3, fg: Rgb(110, 219, 169), bg: Rgb(42, 49, 59), underline: Reset, modifier: NONE,
        x: 6, y: 3, fg: Rgb(226, 226, 233), bg: Rgb(42, 49, 59), underline: Reset, modifier: BOLD,
        x: 46, y: 3, fg: Rgb(169, 199, 255), bg: Rgb(58, 64, 76), underline: Reset, modifier: NONE,
        x: 47, y: 3, fg: Rgb(226, 226, 233), bg: Rgb(58, 64, 76), underline: Reset, modifier: NONE,
        x: 48, y: 3, fg: Rgb(169, 199, 255), bg: Rgb(58, 64, 76), underline: Reset, modifier: BOLD,
        x: 57, y: 3, fg: Rgb(226, 226, 233), bg: Rgb(58, 64, 76), underline: Reset, modifier: NONE,
        x: 99, y: 3, fg: Rgb(226, 226, 233), bg: Rgb(25, 28, 32), underline: Reset, modifier: NONE,
        x: 2, y: 4, fg: Rgb(72, 76, 83), bg: Rgb(25, 28, 32), underline: Reset, modifier: NONE,
        x: 3, y: 4, fg: Rgb(169, 199, 255), bg: Rgb(42, 49, 59), underline: Reset, modifier: NONE,
        x: 4, y: 4, fg: Rgb(226, 226, 233), bg: Rgb(42, 49, 59), underline: Reset, modifier: NONE,
        x: 6, y: 4, fg: Rgb(196, 198, 207), bg: Rgb(42, 49, 59), underline: Reset, modifier: NONE,
        x: 46, y: 4, fg: Rgb(226, 226, 233), bg: Rgb(40, 42, 47), underline: Reset, modifier: NONE,
        x: 48, y: 4, fg: Rgb(169, 199, 255), bg: Rgb(40, 42, 47), underline: Reset, modifier: BOLD,
        x: 57, y: 4, fg: Rgb(226, 226, 233), bg: Rgb(40, 42, 47), underline: Reset, modifier: NONE,
        x: 99, y: 4, fg: Rgb(226, 226, 233), bg: Rgb(25, 28, 32), underline: Reset, modifier: NONE,
        x: 2, y: 5, fg: Rgb(72, 76, 83), bg: Rgb(25, 28, 32), underline: Reset, modifier: NONE,
        x: 46, y: 5, fg: Rgb(226, 226, 233), bg: Rgb(40, 42, 47), underline: Reset, modifier: NONE,
        x: 48, y: 5, fg: Rgb(196, 198, 207), bg: Rgb(40, 42, 47), underline: Reset, modifier: BOLD,
        x: 50, y: 5, fg: Rgb(226, 226, 233), bg: Rgb(40, 42, 47), underline: Reset, modifier: NONE,
        x: 99, y: 5, fg: Rgb(226, 226, 233), bg: Rgb(25, 28, 32), underline: Reset, modifier: NONE,
        x: 2, y: 6, fg: Rgb(72, 76, 83), bg: Rgb(25, 28, 32), underline: Reset, modifier: NONE,
        x: 3, y: 6, fg: Rgb(226, 226, 233), bg: Rgb(25, 28, 32), underline: Reset, modifier: NONE,
        x: 4, y: 6, fg: Rgb(196, 198, 207), bg: Rgb(25, 28, 32), underline: Reset, modifier: NONE,
        x: 6, y: 6, fg: Rgb(226, 226, 233), bg: Rgb(25, 28, 32), underline: Reset, modifier: BOLD,
        x: 46, y: 6, fg: Rgb(226, 226, 233), bg: Rgb(40, 42, 47), underline: Reset, modifier: NONE,
        x: 48, y: 6, fg: Rgb(169, 199, 255), bg: Rgb(40, 42, 47), underline: Reset, modifier: BOLD,
        x: 57, y: 6, fg: Rgb(226, 226, 233), bg: Rgb(40, 42, 47), underline: Reset, modifier: NONE,
        x: 99, y: 6, fg: Rgb(226, 226, 233), bg: Rgb(25, 28, 32), underline: Reset, modifier: NONE,
        x: 2, y: 7, fg: Rgb(72, 76, 83), bg: Rgb(25, 28, 32), underline: Reset, modifier: NONE,
        x: 3, y: 7, fg: Rgb(226, 226, 233), bg: Rgb(25, 28, 32), underline: Reset, modifier: NONE,
        x: 6, y: 7, fg: Rgb(196, 198, 207), bg: Rgb(25, 28, 32), underline: Reset, modifier: NONE,
        x: 46, y: 7, fg: Rgb(226, 226, 233), bg: Rgb(40, 42, 47), underline: Reset, modifier: NONE,
        x: 48, y: 7, fg: Rgb(169, 199, 255), bg: Rgb(40, 42, 47), underline: Reset, modifier: BOLD,
        x: 57, y: 7, fg: Rgb(226, 226, 233), bg: Rgb(40, 42, 47), underline: Reset, modifier: NONE,
        x: 99, y: 7, fg: Rgb(226, 226, 233), bg: Rgb(25, 28, 32), underline: Reset, modifier: NONE,
        x: 2, y: 8, fg: Rgb(72, 76, 83), bg: Rgb(25, 28, 32), underline: Reset, modifier: NONE,
        x: 46, y: 8, fg: Rgb(226, 226, 233), bg: Rgb(40, 42, 47), underline: Reset, modifier: NONE,
        x: 48, y: 8, fg: Rgb(169, 199, 255), bg: Rgb(40, 42, 47), underline: Reset, modifier: BOLD,
        x: 57, y: 8, fg: Rgb(226, 226, 233), bg: Rgb(40, 42, 47), underline: Reset, modifier: NONE,
        x: 99, y: 8, fg: Rgb(226, 226, 233), bg: Rgb(25, 28, 32), underline: Reset, modifier: NONE,
        x: 46, y: 9, fg: Rgb(226, 226, 233), bg: Rgb(40, 42, 47), underline: Reset, modifier: NONE,
        x: 48, y: 9, fg: Rgb(169, 199, 255), bg: Rgb(40, 42, 47), underline: Reset, modifier: BOLD,
        x: 57, y: 9, fg: Rgb(226, 226, 233), bg: Rgb(40, 42, 47), underline: Reset, modifier: NONE,
        x: 99, y: 9, fg: Rgb(226, 226, 233), bg: Rgb(25, 28, 32), underline: Reset, modifier: NONE,
        x: 2, y: 10, fg: Rgb(72, 76, 83), bg: Rgb(25, 28, 32), underline: Reset, modifier: NONE,
        x: 4, y: 10, fg: Rgb(226, 226, 233), bg: Rgb(25, 28, 32), underline: Reset, modifier: NONE,
        x: 5, y: 10, fg: Rgb(226, 226, 233), bg: Rgb(25, 28, 32), underline: Reset, modifier: BOLD,
        x: 23, y: 10, fg: Rgb(196, 198, 207), bg: Rgb(25, 28, 32), underline: Reset, modifier: NONE,
        x: 32, y: 10, fg: Rgb(226, 226, 233), bg: Rgb(25, 28, 32), underline: Reset, modifier: NONE,
        x: 33, y: 10, fg: Rgb(72, 76, 83), bg: Rgb(25, 28, 32), underline: Reset, modifier: NONE,
        x: 46, y: 10, fg: Rgb(226, 226, 233), bg: Rgb(40, 42, 47), underline: Reset, modifier: NONE,
        x: 48, y: 10, fg: Rgb(196, 198, 207), bg: Rgb(40, 42, 47), underline: Reset, modifier: NONE,
        x: 86, y: 10, fg: Rgb(226, 226, 233), bg: Rgb(40, 42, 47), underline: Reset, modifier: NONE,
        x: 99, y: 10, fg: Rgb(226, 226, 233), bg: Rgb(25, 28, 32), underline: Reset, modifier: NONE,
        x: 2, y: 11, fg: Rgb(72, 76, 83), bg: Rgb(25, 28, 32), underline: Reset, modifier: NONE,
        x: 3, y: 11, fg: Rgb(226, 226, 233), bg: Rgb(25, 28, 32), underline: Reset, modifier: NONE,
        x: 4, y: 11, fg: Rgb(110, 219, 169), bg: Rgb(25, 28, 32), underline: Reset, modifier: NONE,
        x: 6, y: 11, fg: Rgb(226, 226, 233), bg: Rgb(25, 28, 32), underline: Reset, modifier: BOLD,
        x: 46, y: 11, fg: Rgb(226, 226, 233), bg: Rgb(40, 42, 47), underline: Reset, modifier: NONE,
        x: 48, y: 11, fg: Rgb(196, 198, 207), bg: Rgb(40, 42, 47), underline: Reset, modifier: NONE,
        x: 91, y: 11, fg: Rgb(226, 226, 233), bg: Rgb(40, 42, 47), underline: Reset, modifier: NONE,
        x: 99, y: 11, fg: Rgb(226, 226, 233), bg: Rgb(25, 28, 32), underline: Reset, modifier: NONE,
        x: 2, y: 12, fg: Rgb(72, 76, 83), bg: Rgb(25, 28, 32), underline: Reset, modifier: NONE,
        x: 3, y: 12, fg: Rgb(226, 226, 233), bg: Rgb(25, 28, 32), underline: Reset, modifier: NONE,
        x: 6, y: 12, fg: Rgb(196, 198, 207), bg: Rgb(25, 28, 32), underline: Reset, modifier: NONE,
        x: 46, y: 12, fg: Rgb(226, 226, 233), bg: Rgb(40, 42, 47), underline: Reset, modifier: NONE,
        x: 48, y: 12, fg: Rgb(169, 199, 255), bg: Rgb(40, 42, 47), underline: Reset, modifier: BOLD,
        x: 57, y: 12, fg: Rgb(226, 226, 233), bg: Rgb(40, 42, 47), underline: Reset, modifier: NONE,
        x: 99, y: 12, fg: Rgb(226, 226, 233), bg: Rgb(25, 28, 32), underline: Reset, modifier: NONE,
        x: 2, y: 13, fg: Rgb(72, 76, 83), bg: Rgb(25, 28, 32), underline: Reset, modifier: NONE,
        x: 46, y: 13, fg: Rgb(226, 226, 233), bg: Rgb(40, 42, 47), underline: Reset, modifier: NONE,
        x: 48, y: 13, fg: Rgb(169, 199, 255), bg: Rgb(40, 42, 47), underline: Reset, modifier: BOLD,
        x: 57, y: 13, fg: Rgb(226, 226, 233), bg: Rgb(40, 42, 47), underline: Reset, modifier: NONE,
        x: 99, y: 13, fg: Rgb(226, 226, 233), bg: Rgb(25, 28, 32), underline: Reset, modifier: NONE,
        x: 2, y: 14, fg: Rgb(72, 76, 83), bg: Rgb(25, 28, 32), underline: Reset, modifier: NONE,
        x: 3, y: 14, fg: Rgb(226, 226, 233), bg: Rgb(25, 28, 32), underline: Reset, modifier: NONE,
        x: 4, y: 14, fg: Rgb(110, 219, 169), bg: Rgb(25, 28, 32), underline: Reset, modifier: NONE,
        x: 6, y: 14, fg: Rgb(226, 226, 233), bg: Rgb(25, 28, 32), underline: Reset, modifier: BOLD,
        x: 37, y: 14, fg: Rgb(226, 226, 233), bg: Rgb(25, 28, 32), underline: Reset, modifier: NONE,
        x: 46, y: 14, fg: Rgb(226, 226, 233), bg: Rgb(40, 42, 47), underline: Reset, modifier: NONE,
        x: 48, y: 14, fg: Rgb(169, 199, 255), bg: Rgb(40, 42, 47), underline: Reset, modifier: BOLD,
        x: 57, y: 14, fg: Rgb(226, 226, 233), bg: Rgb(40, 42, 47), underline: Reset, modifier: NONE,
        x: 99, y: 14, fg: Rgb(226, 226, 233), bg: Rgb(25, 28, 32), underline: Reset, modifier: NONE,
        x: 2, y: 15, fg: Rgb(72, 76, 83), bg: Rgb(25, 28, 32), underline: Reset, modifier: NONE,
        x: 3, y: 15, fg: Rgb(226, 226, 233), bg: Rgb(25, 28, 32), underline: Reset, modifier: NONE,
        x: 6, y: 15, fg: Rgb(196, 198, 207), bg: Rgb(25, 28, 32), underline: Reset, modifier: NONE,
        x: 46, y: 15, fg: Rgb(226, 226, 233), bg: Rgb(40, 42, 47), underline: Reset, modifier: NONE,
        x: 48, y: 15, fg: Rgb(196, 198, 207), bg: Rgb(40, 42, 47), underline: Reset, modifier: NONE,
        x: 97, y: 15, fg: Rgb(226, 226, 233), bg: Rgb(40, 42, 47), underline: Reset, modifier: NONE,
        x: 99, y: 15, fg: Rgb(226, 226, 233), bg: Rgb(25, 28, 32), underline: Reset, modifier: NONE,
        x: 2, y: 16, fg: Rgb(72, 76, 83), bg: Rgb(25, 28, 32), underline: Reset, modifier: NONE,
        x: 46, y: 16, fg: Rgb(226, 226, 233), bg: Rgb(40, 42, 47), underline: Reset, modifier: NONE,
        x: 48, y: 16, fg: Rgb(196, 198, 207), bg: Rgb(40, 42, 47), underline: Reset, modifier: BOLD,
        x: 52, y: 16, fg: Rgb(226, 226, 233), bg: Rgb(40, 42, 47), underline: Reset, modifier: NONE,
        x: 99, y: 16, fg: Rgb(226, 226, 233), bg: Rgb(25, 28, 32), underline: Reset, modifier: NONE,
        x: 2, y: 17, fg: Rgb(72, 76, 83), bg: Rgb(25, 28, 32), underline: Reset, modifier: NONE,
        x: 3, y: 17, fg: Rgb(226, 226, 233), bg: Rgb(25, 28, 32), underline: Reset, modifier: NONE,
        x: 4, y: 17, fg: Rgb(169, 199, 255), bg: Rgb(25, 28, 32), underline: Reset, modifier: NONE,
        x: 23, y: 17, fg: Rgb(226, 226, 233), bg: Rgb(25, 28, 32), underline: Reset, modifier: NONE,
        x: 46, y: 17, fg: Rgb(226, 226, 233), bg: Rgb(40, 42, 47), underline: Reset, modifier: NONE,
        x: 48, y: 17, fg: Rgb(169, 199, 255), bg: Rgb(40, 42, 47), underline: Reset, modifier: BOLD,
        x: 57, y: 17, fg: Rgb(226, 226, 233), bg: Rgb(40, 42, 47), underline: Reset, modifier: NONE,
        x: 99, y: 17, fg: Rgb(226, 226, 233), bg: Rgb(25, 28, 32), underline: Reset, modifier: NONE,
        x: 2, y: 18, fg: Rgb(72, 76, 83), bg: Rgb(25, 28, 32), underline: Reset, modifier: NONE,
        x: 46, y: 18, fg: Rgb(226, 226, 233), bg: Rgb(40, 42, 47), underline: Reset, modifier: NONE,
        x: 48, y: 18, fg: Rgb(196, 198, 207), bg: Rgb(40, 42, 47), underline: Reset, modifier: BOLD,
        x: 52, y: 18, fg: Rgb(226, 226, 233), bg: Rgb(40, 42, 47), underline: Reset, modifier: NONE,
        x: 99, y: 18, fg: Rgb(226, 226, 233), bg: Rgb(25, 28, 32), underline: Reset, modifier: NONE,
        x: 46, y: 19, fg: Rgb(226, 226, 233), bg: Rgb(40, 42, 47), underline: Reset, modifier: NONE,
        x: 48, y: 19, fg: Rgb(169, 199, 255), bg: Rgb(40, 42, 47), underline: Reset, modifier: BOLD,
        x: 57, y: 19, fg: Rgb(226, 226, 233), bg: Rgb(40, 42, 47), underline: Reset, modifier: NONE,
        x: 99, y: 19, fg: Rgb(226, 226, 233), bg: Rgb(25, 28, 32), underline: Reset, modifier: NONE,
        x: 2, y: 20, fg: Rgb(72, 76, 83), bg: Rgb(25, 28, 32), underline: Reset, modifier: NONE,
        x: 4, y: 20, fg: Rgb(226, 226, 233), bg: Rgb(25, 28, 32), underline: Reset, modifier: NONE,
        x: 5, y: 20, fg: Rgb(226, 226, 233), bg: Rgb(25, 28, 32), underline: Reset, modifier: BOLD,
        x: 22, y: 20, fg: Rgb(226, 226, 233), bg: Rgb(25, 28, 32), underline: Reset, modifier: NONE,
        x: 23, y: 20, fg: Rgb(72, 76, 83), bg: Rgb(25, 28, 32), underline: Reset, modifier: NONE,
        x: 46, y: 20, fg: Rgb(226, 226, 233), bg: Rgb(40, 42, 47), underline: Reset, modifier: NONE,
        x: 48, y: 20, fg: Rgb(169, 199, 255), bg: Rgb(40, 42, 47), underline: Reset, modifier: BOLD,
        x: 57, y: 20, fg: Rgb(226, 226, 233), bg: Rgb(40, 42, 47), underline: Reset, modifier: NONE,
        x: 99, y: 20, fg: Rgb(226, 226, 233), bg: Rgb(25, 28, 32), underline: Reset, modifier: NONE,
        x: 2, y: 21, fg: Rgb(72, 76, 83), bg: Rgb(25, 28, 32), underline: Reset, modifier: NONE,
        x: 3, y: 21, fg: Rgb(226, 226, 233), bg: Rgb(25, 28, 32), underline: Reset, modifier: NONE,
        x: 4, y: 21, fg: Rgb(169, 199, 255), bg: Rgb(25, 28, 32), underline: Reset, modifier: NONE,
        x: 28, y: 21, fg: Rgb(226, 226, 233), bg: Rgb(25, 28, 32), underline: Reset, modifier: NONE,
        x: 46, y: 21, fg: Rgb(226, 226, 233), bg: Rgb(40, 42, 47), underline: Reset, modifier: NONE,
        x: 48, y: 21, fg: Rgb(169, 199, 255), bg: Rgb(40, 42, 47), underline: Reset, modifier: BOLD,
        x: 57, y: 21, fg: Rgb(226, 226, 233), bg: Rgb(40, 42, 47), underline: Reset, modifier: NONE,
        x: 99, y: 21, fg: Rgb(226, 226, 233), bg: Rgb(25, 28, 32), underline: Reset, modifier: NONE,
        x: 2, y: 22, fg: Rgb(72, 76, 83), bg: Rgb(25, 28, 32), underline: Reset, modifier: NONE,
        x: 3, y: 22, fg: Rgb(226, 226, 233), bg: Rgb(25, 28, 32), underline: Reset, modifier: NONE,
        x: 46, y: 22, fg: Rgb(226, 226, 233), bg: Rgb(40, 42, 47), underline: Reset, modifier: NONE,
        x: 48, y: 22, fg: Rgb(169, 199, 255), bg: Rgb(40, 42, 47), underline: Reset, modifier: BOLD,
        x: 57, y: 22, fg: Rgb(226, 226, 233), bg: Rgb(40, 42, 47), underline: Reset, modifier: NONE,
        x: 99, y: 22, fg: Rgb(226, 226, 233), bg: Rgb(25, 28, 32), underline: Reset, modifier: NONE,
        x: 2, y: 23, fg: Rgb(72, 76, 83), bg: Rgb(25, 28, 32), underline: Reset, modifier: NONE,
        x: 3, y: 23, fg: Rgb(226, 226, 233), bg: Rgb(25, 28, 32), underline: Reset, modifier: NONE,
        x: 4, y: 23, fg: Rgb(169, 199, 255), bg: Rgb(25, 28, 32), underline: Reset, modifier: NONE,
        x: 6, y: 23, fg: Rgb(196, 198, 207), bg: Rgb(25, 28, 32), underline: Reset, modifier: NONE,
        x: 34, y: 23, fg: Rgb(226, 226, 233), bg: Rgb(25, 28, 32), underline: Reset, modifier: NONE,
        x: 46, y: 23, fg: Rgb(226, 226, 233), bg: Rgb(40, 42, 47), underline: Reset, modifier: NONE,
        x: 48, y: 23, fg: Rgb(169, 199, 255), bg: Rgb(40, 42, 47), underline: Reset, modifier: BOLD,
        x: 57, y: 23, fg: Rgb(226, 226, 233), bg: Rgb(40, 42, 47), underline: Reset, modifier: NONE,
        x: 99, y: 23, fg: Rgb(226, 226, 233), bg: Rgb(25, 28, 32), underline: Reset, modifier: NONE,
        x: 2, y: 24, fg: Rgb(72, 76, 83), bg: Rgb(25, 28, 32), underline: Reset, modifier: NONE,
        x: 46, y: 24, fg: Rgb(226, 226, 233), bg: Rgb(40, 42, 47), underline: Reset, modifier: NONE,
        x: 48, y: 24, fg: Rgb(169, 199, 255), bg: Rgb(40, 42, 47), underline: Reset, modifier: BOLD,
        x: 57, y: 24, fg: Rgb(226, 226, 233), bg: Rgb(40, 42, 47), underline: Reset, modifier: NONE,
        x: 99, y: 24, fg: Rgb(226, 226, 233), bg: Rgb(25, 28, 32), underline: Reset, modifier: NONE,
        x: 2, y: 25, fg: Rgb(72, 76, 83), bg: Rgb(25, 28, 32), underline: Reset, modifier: NONE,
        x: 3, y: 25, fg: Rgb(226, 226, 233), bg: Rgb(25, 28, 32), underline: Reset, modifier: NONE,
        x: 4, y: 25, fg: Rgb(169, 199, 255), bg: Rgb(25, 28, 32), underline: Reset, modifier: NONE,
        x: 26, y: 25, fg: Rgb(226, 226, 233), bg: Rgb(25, 28, 32), underline: Reset, modifier: NONE,
        x: 46, y: 25, fg: Rgb(226, 226, 233), bg: Rgb(40, 42, 47), underline: Reset, modifier: NONE,
        x: 48, y: 25, fg: Rgb(169, 199, 255), bg: Rgb(40, 42, 47), underline: Reset, modifier: BOLD,
        x: 57, y: 25, fg: Rgb(226, 226, 233), bg: Rgb(40, 42, 47), underline: Reset, modifier: NONE,
        x: 99, y: 25, fg: Rgb(226, 226, 233), bg: Rgb(25, 28, 32), underline: Reset, modifier: NONE,
        x: 2, y: 26, fg: Rgb(72, 76, 83), bg: Rgb(25, 28, 32), underline: Reset, modifier: NONE,
        x: 3, y: 26, fg: Rgb(226, 226, 233), bg: Rgb(25, 28, 32), underline: Reset, modifier: NONE,
        x: 46, y: 26, fg: Rgb(226, 226, 233), bg: Rgb(40, 42, 47), underline: Reset, modifier: NONE,
        x: 48, y: 26, fg: Rgb(169, 199, 255), bg: Rgb(40, 42, 47), underline: Reset, modifier: BOLD,
        x: 57, y: 26, fg: Rgb(226, 226, 233), bg: Rgb(40, 42, 47), underline: Reset, modifier: NONE,
        x: 99, y: 26, fg: Rgb(226, 226, 233), bg: Rgb(25, 28, 32), underline: Reset, modifier: NONE,
        x: 2, y: 27, fg: Rgb(72, 76, 83), bg: Rgb(25, 28, 32), underline: Reset, modifier: NONE,
        x: 3, y: 27, fg: Rgb(226, 226, 233), bg: Rgb(25, 28, 32), underline: Reset, modifier: NONE,
        x: 4, y: 27, fg: Rgb(169, 199, 255), bg: Rgb(25, 28, 32), underline: Reset, modifier: NONE,
        x: 6, y: 27, fg: Rgb(196, 198, 207), bg: Rgb(25, 28, 32), underline: Reset, modifier: NONE,
        x: 33, y: 27, fg: Rgb(226, 226, 233), bg: Rgb(25, 28, 32), underline: Reset, modifier: NONE,
        x: 46, y: 27, fg: Rgb(226, 226, 233), bg: Rgb(40, 42, 47), underline: Reset, modifier: NONE,
        x: 48, y: 27, fg: Rgb(169, 199, 255), bg: Rgb(40, 42, 47), underline: Reset, modifier: BOLD,
        x: 57, y: 27, fg: Rgb(226, 226, 233), bg: Rgb(40, 42, 47), underline: Reset, modifier: NONE,
        x: 99, y: 27, fg: Rgb(226, 226, 233), bg: Rgb(25, 28, 32), underline: Reset, modifier: NONE,
        x: 2, y: 28, fg: Rgb(72, 76, 83), bg: Rgb(25, 28, 32), underline: Reset, modifier: NONE,
        x: 46, y: 28, fg: Rgb(226, 226, 233), bg: Rgb(40, 42, 47), underline: Reset, modifier: NONE,
        x: 99, y: 28, fg: Rgb(226, 226, 233), bg: Rgb(25, 28, 32), underline: Reset, modifier: NONE,
        x: 0, y: 29, fg: Rgb(226, 226, 233), bg: Rgb(29, 32, 36), underline: Reset, modifier: NONE,
        x: 2, y: 29, fg: Rgb(169, 199, 255), bg: Rgb(29, 32, 36), underline: Reset, modifier: BOLD,
        x: 3, y: 29, fg: Rgb(196, 198, 207), bg: Rgb(29, 32, 36), underline: Reset, modifier: NONE,
        x: 7, y: 29, fg: Rgb(226, 226, 233), bg: Rgb(29, 32, 36), underline: Reset, modifier: NONE,
        x: 10, y: 29, fg: Rgb(169, 199, 255), bg: Rgb(29, 32, 36), underline: Reset, modifier: BOLD,
        x: 13, y: 29, fg: Rgb(196, 198, 207), bg: Rgb(29, 32, 36), underline: Reset, modifier: NONE,
        x: 20, y: 29, fg: Rgb(226, 226, 233), bg: Rgb(29, 32, 36), underline: Reset, modifier: NONE,
        x: 23, y: 29, fg: Rgb(169, 199, 255), bg: Rgb(29, 32, 36), underline: Reset, modifier: BOLD,
        x: 24, y: 29, fg: Rgb(196, 198, 207), bg: Rgb(29, 32, 36), underline: Reset, modifier: NONE,
        x: 31, y: 29, fg: Rgb(226, 226, 233), bg: Rgb(29, 32, 36), underline: Reset, modifier: NONE,
        x: 34, y: 29, fg: Rgb(169, 199, 255), bg: Rgb(29, 32, 36), underline: Reset, modifier: BOLD,
        x: 37, y: 29, fg: Rgb(196, 198, 207), bg: Rgb(29, 32, 36), underline: Reset, modifier: NONE,
        x: 43, y: 29, fg: Rgb(226, 226, 233), bg: Rgb(29, 32, 36), underline: Reset, modifier: NONE,
        x: 85, y: 29, fg: Rgb(196, 198, 207), bg: Rgb(29, 32, 36), underline: Reset, modifier: NONE,
        x: 98, y: 29, fg: Rgb(226, 226, 233), bg: Rgb(29, 32, 36), underline: Reset, modifier: NONE,
    ]
}
