---
source: crates/app/src/snapshot_tests.rs
assertion_line: 362
expression: render(&state)
---
Buffer {
    area: Rect { x: 0, y: 0, width: 100, height: 30 },
    content: [
        "  ◆ ghtui   gold-silver-copper / ghtui                 ⌕ Type / to search                 @octocat  ",
        "   <> Code   ◉ Issues  7    ⇄ Pull requests  3    ▶ Actions ↗                                       ",
        "──━━━━━━━━━─────────────────────────────────────────────────────────────────────────────────────────",
        "                                                                                                    ",
        "  │ 57  let x57 = 57;                                                                           │   ",
        "  │ 58  let x58 = 58;                                                                           │   ",
        "  │ 59  let x59 = 59;                                                                           │   ",
        "  │ 60  let x60 = 60;                                                                           │   ",
        "  │ 61  let x61 = 61;                                                                           │   ",
        "  │ 62  let x62 = 62;                                                                           │   ",
        "  │ 63  let x63 = 63;                                                                           │   ",
        "  │ 64  let x64 = 64;                                                                           │   ",
        "  │ 65  let x65 = 65;                                                                           │   ",
        "  │ 66  let x66 = 66;                                                                           │   ",
        "  │ 67  let x67 = 67;                                                                           │   ",
        "  │ 68  let x68 = 68;                                                                           │   ",
        "  │ 69  let x69 = 69;                                                                           │   ",
        "  │ 70  let x70 = 70;                                                                           │   ",
        "  │ 71  let x71 = 71;                                                                           │   ",
        "  │ 72  let x72 = 72;                                                                           │   ",
        "  │ 73  let x73 = 73;                                                                           │   ",
        "  │ 74  let x74 = 74;                                                                           │   ",
        "  │ 75  let x75 = 75;                                                                           │  ▐",
        "  │ 76  let x76 = 76;                                                                           │  ▐",
        "  │ 77  let x77 = 77;                                                                           │  ▐",
        "  │ 78  let x78 = 78;                                                                           │  ▐",
        "  │ 79  let x79 = 79;                                                                           │  ▐",
        "  │ 80  let x80 = 80;                                                                           │  ▐",
        "  ╰─────────────────────────────────────────────────────────────────────────────────────────────╯  ▐",
        "  space menu   / search   f go to file   b branch   s star   ←→ tabs   o browser     API 4987/5000  ",
    ],
    styles: [
        x: 0, y: 0, fg: Rgb(226, 226, 233), bg: Rgb(29, 32, 36), underline: Reset, modifier: NONE,
        x: 2, y: 0, fg: Rgb(169, 199, 255), bg: Rgb(29, 32, 36), underline: Reset, modifier: BOLD,
        x: 9, y: 0, fg: Rgb(226, 226, 233), bg: Rgb(29, 32, 36), underline: Reset, modifier: NONE,
        x: 30, y: 0, fg: Rgb(196, 198, 207), bg: Rgb(29, 32, 36), underline: Reset, modifier: NONE,
        x: 33, y: 0, fg: Rgb(226, 226, 233), bg: Rgb(29, 32, 36), underline: Reset, modifier: BOLD,
        x: 38, y: 0, fg: Rgb(226, 226, 233), bg: Rgb(29, 32, 36), underline: Reset, modifier: NONE,
        x: 54, y: 0, fg: Rgb(226, 226, 233), bg: Rgb(51, 53, 58), underline: Reset, modifier: NONE,
        x: 55, y: 0, fg: Rgb(196, 198, 207), bg: Rgb(51, 53, 58), underline: Reset, modifier: NONE,
        x: 73, y: 0, fg: Rgb(226, 226, 233), bg: Rgb(51, 53, 58), underline: Reset, modifier: NONE,
        x: 87, y: 0, fg: Rgb(226, 226, 233), bg: Rgb(29, 32, 36), underline: Reset, modifier: NONE,
        x: 90, y: 0, fg: Rgb(196, 198, 207), bg: Rgb(29, 32, 36), underline: Reset, modifier: NONE,
        x: 98, y: 0, fg: Rgb(226, 226, 233), bg: Rgb(29, 32, 36), underline: Reset, modifier: NONE,
        x: 2, y: 1, fg: Rgb(196, 198, 207), bg: Rgb(29, 32, 36), underline: Reset, modifier: NONE,
        x: 6, y: 1, fg: Rgb(226, 226, 233), bg: Rgb(29, 32, 36), underline: Reset, modifier: BOLD,
        x: 10, y: 1, fg: Rgb(226, 226, 233), bg: Rgb(29, 32, 36), underline: Reset, modifier: NONE,
        x: 12, y: 1, fg: Rgb(196, 198, 207), bg: Rgb(29, 32, 36), underline: Reset, modifier: NONE,
        x: 15, y: 1, fg: Rgb(226, 226, 233), bg: Rgb(29, 32, 36), underline: Reset, modifier: NONE,
        x: 22, y: 1, fg: Rgb(226, 226, 233), bg: Rgb(51, 53, 58), underline: Reset, modifier: NONE,
        x: 25, y: 1, fg: Rgb(226, 226, 233), bg: Rgb(29, 32, 36), underline: Reset, modifier: NONE,
        x: 27, y: 1, fg: Rgb(196, 198, 207), bg: Rgb(29, 32, 36), underline: Reset, modifier: NONE,
        x: 30, y: 1, fg: Rgb(226, 226, 233), bg: Rgb(29, 32, 36), underline: Reset, modifier: NONE,
        x: 44, y: 1, fg: Rgb(226, 226, 233), bg: Rgb(51, 53, 58), underline: Reset, modifier: NONE,
        x: 47, y: 1, fg: Rgb(226, 226, 233), bg: Rgb(29, 32, 36), underline: Reset, modifier: NONE,
        x: 49, y: 1, fg: Rgb(196, 198, 207), bg: Rgb(29, 32, 36), underline: Reset, modifier: NONE,
        x: 52, y: 1, fg: Rgb(226, 226, 233), bg: Rgb(29, 32, 36), underline: Reset, modifier: NONE,
        x: 59, y: 1, fg: Rgb(196, 198, 207), bg: Rgb(29, 32, 36), underline: Reset, modifier: NONE,
        x: 61, y: 1, fg: Rgb(226, 226, 233), bg: Rgb(29, 32, 36), underline: Reset, modifier: NONE,
        x: 0, y: 2, fg: Rgb(72, 76, 83), bg: Rgb(29, 32, 36), underline: Reset, modifier: NONE,
        x: 2, y: 2, fg: Rgb(169, 199, 255), bg: Rgb(29, 32, 36), underline: Reset, modifier: NONE,
        x: 11, y: 2, fg: Rgb(72, 76, 83), bg: Rgb(29, 32, 36), underline: Reset, modifier: NONE,
        x: 0, y: 3, fg: Rgb(226, 226, 233), bg: Rgb(25, 28, 32), underline: Reset, modifier: NONE,
        x: 2, y: 4, fg: Rgb(72, 76, 83), bg: Rgb(25, 28, 32), underline: Reset, modifier: NONE,
        x: 3, y: 4, fg: Rgb(226, 226, 233), bg: Rgb(17, 19, 24), underline: Reset, modifier: NONE,
        x: 4, y: 4, fg: Rgb(196, 198, 207), bg: Rgb(17, 19, 24), underline: Reset, modifier: NONE,
        x: 8, y: 4, fg: Rgb(169, 199, 255), bg: Rgb(17, 19, 24), underline: Reset, modifier: NONE,
        x: 11, y: 4, fg: Rgb(226, 226, 233), bg: Rgb(17, 19, 24), underline: Reset, modifier: NONE,
        x: 18, y: 4, fg: Rgb(255, 183, 132), bg: Rgb(17, 19, 24), underline: Reset, modifier: NONE,
        x: 20, y: 4, fg: Rgb(196, 198, 207), bg: Rgb(17, 19, 24), underline: Reset, modifier: NONE,
        x: 21, y: 4, fg: Rgb(226, 226, 233), bg: Rgb(17, 19, 24), underline: Reset, modifier: NONE,
        x: 96, y: 4, fg: Rgb(72, 76, 83), bg: Rgb(25, 28, 32), underline: Reset, modifier: NONE,
        x: 97, y: 4, fg: Rgb(226, 226, 233), bg: Rgb(25, 28, 32), underline: Reset, modifier: NONE,
        x: 2, y: 5, fg: Rgb(72, 76, 83), bg: Rgb(25, 28, 32), underline: Reset, modifier: NONE,
        x: 3, y: 5, fg: Rgb(226, 226, 233), bg: Rgb(17, 19, 24), underline: Reset, modifier: NONE,
        x: 4, y: 5, fg: Rgb(196, 198, 207), bg: Rgb(17, 19, 24), underline: Reset, modifier: NONE,
        x: 8, y: 5, fg: Rgb(169, 199, 255), bg: Rgb(17, 19, 24), underline: Reset, modifier: NONE,
        x: 11, y: 5, fg: Rgb(226, 226, 233), bg: Rgb(17, 19, 24), underline: Reset, modifier: NONE,
        x: 18, y: 5, fg: Rgb(255, 183, 132), bg: Rgb(17, 19, 24), underline: Reset, modifier: NONE,
        x: 20, y: 5, fg: Rgb(196, 198, 207), bg: Rgb(17, 19, 24), underline: Reset, modifier: NONE,
        x: 21, y: 5, fg: Rgb(226, 226, 233), bg: Rgb(17, 19, 24), underline: Reset, modifier: NONE,
        x: 96, y: 5, fg: Rgb(72, 76, 83), bg: Rgb(25, 28, 32), underline: Reset, modifier: NONE,
        x: 97, y: 5, fg: Rgb(226, 226, 233), bg: Rgb(25, 28, 32), underline: Reset, modifier: NONE,
        x: 2, y: 6, fg: Rgb(72, 76, 83), bg: Rgb(25, 28, 32), underline: Reset, modifier: NONE,
        x: 3, y: 6, fg: Rgb(226, 226, 233), bg: Rgb(17, 19, 24), underline: Reset, modifier: NONE,
        x: 4, y: 6, fg: Rgb(196, 198, 207), bg: Rgb(17, 19, 24), underline: Reset, modifier: NONE,
        x: 8, y: 6, fg: Rgb(169, 199, 255), bg: Rgb(17, 19, 24), underline: Reset, modifier: NONE,
        x: 11, y: 6, fg: Rgb(226, 226, 233), bg: Rgb(17, 19, 24), underline: Reset, modifier: NONE,
        x: 18, y: 6, fg: Rgb(255, 183, 132), bg: Rgb(17, 19, 24), underline: Reset, modifier: NONE,
        x: 20, y: 6, fg: Rgb(196, 198, 207), bg: Rgb(17, 19, 24), underline: Reset, modifier: NONE,
        x: 21, y: 6, fg: Rgb(226, 226, 233), bg: Rgb(17, 19, 24), underline: Reset, modifier: NONE,
        x: 96, y: 6, fg: Rgb(72, 76, 83), bg: Rgb(25, 28, 32), underline: Reset, modifier: NONE,
        x: 97, y: 6, fg: Rgb(226, 226, 233), bg: Rgb(25, 28, 32), underline: Reset, modifier: NONE,
        x: 2, y: 7, fg: Rgb(72, 76, 83), bg: Rgb(25, 28, 32), underline: Reset, modifier: NONE,
        x: 3, y: 7, fg: Rgb(226, 226, 233), bg: Rgb(38, 44, 56), underline: Reset, modifier: NONE,
        x: 4, y: 7, fg: Rgb(196, 198, 207), bg: Rgb(38, 44, 56), underline: Reset, modifier: NONE,
        x: 8, y: 7, fg: Rgb(169, 199, 255), bg: Rgb(38, 44, 56), underline: Reset, modifier: NONE,
        x: 11, y: 7, fg: Rgb(226, 226, 233), bg: Rgb(38, 44, 56), underline: Reset, modifier: NONE,
        x: 18, y: 7, fg: Rgb(255, 183, 132), bg: Rgb(38, 44, 56), underline: Reset, modifier: NONE,
        x: 20, y: 7, fg: Rgb(196, 198, 207), bg: Rgb(38, 44, 56), underline: Reset, modifier: NONE,
        x: 21, y: 7, fg: Rgb(226, 226, 233), bg: Rgb(38, 44, 56), underline: Reset, modifier: NONE,
        x: 96, y: 7, fg: Rgb(72, 76, 83), bg: Rgb(25, 28, 32), underline: Reset, modifier: NONE,
        x: 97, y: 7, fg: Rgb(226, 226, 233), bg: Rgb(25, 28, 32), underline: Reset, modifier: NONE,
        x: 2, y: 8, fg: Rgb(72, 76, 83), bg: Rgb(25, 28, 32), underline: Reset, modifier: NONE,
        x: 3, y: 8, fg: Rgb(226, 226, 233), bg: Rgb(38, 44, 56), underline: Reset, modifier: NONE,
        x: 4, y: 8, fg: Rgb(196, 198, 207), bg: Rgb(38, 44, 56), underline: Reset, modifier: NONE,
        x: 8, y: 8, fg: Rgb(169, 199, 255), bg: Rgb(38, 44, 56), underline: Reset, modifier: NONE,
        x: 11, y: 8, fg: Rgb(226, 226, 233), bg: Rgb(38, 44, 56), underline: Reset, modifier: NONE,
        x: 18, y: 8, fg: Rgb(255, 183, 132), bg: Rgb(38, 44, 56), underline: Reset, modifier: NONE,
        x: 20, y: 8, fg: Rgb(196, 198, 207), bg: Rgb(38, 44, 56), underline: Reset, modifier: NONE,
        x: 21, y: 8, fg: Rgb(226, 226, 233), bg: Rgb(38, 44, 56), underline: Reset, modifier: NONE,
        x: 96, y: 8, fg: Rgb(72, 76, 83), bg: Rgb(25, 28, 32), underline: Reset, modifier: NONE,
        x: 97, y: 8, fg: Rgb(226, 226, 233), bg: Rgb(25, 28, 32), underline: Reset, modifier: NONE,
        x: 2, y: 9, fg: Rgb(72, 76, 83), bg: Rgb(25, 28, 32), underline: Reset, modifier: NONE,
        x: 3, y: 9, fg: Rgb(226, 226, 233), bg: Rgb(38, 44, 56), underline: Reset, modifier: NONE,
        x: 4, y: 9, fg: Rgb(196, 198, 207), bg: Rgb(38, 44, 56), underline: Reset, modifier: NONE,
        x: 8, y: 9, fg: Rgb(169, 199, 255), bg: Rgb(38, 44, 56), underline: Reset, modifier: NONE,
        x: 11, y: 9, fg: Rgb(226, 226, 233), bg: Rgb(38, 44, 56), underline: Reset, modifier: NONE,
        x: 18, y: 9, fg: Rgb(255, 183, 132), bg: Rgb(38, 44, 56), underline: Reset, modifier: NONE,
        x: 20, y: 9, fg: Rgb(196, 198, 207), bg: Rgb(38, 44, 56), underline: Reset, modifier: NONE,
        x: 21, y: 9, fg: Rgb(226, 226, 233), bg: Rgb(38, 44, 56), underline: Reset, modifier: NONE,
        x: 96, y: 9, fg: Rgb(72, 76, 83), bg: Rgb(25, 28, 32), underline: Reset, modifier: NONE,
        x: 97, y: 9, fg: Rgb(226, 226, 233), bg: Rgb(25, 28, 32), underline: Reset, modifier: NONE,
        x: 2, y: 10, fg: Rgb(72, 76, 83), bg: Rgb(25, 28, 32), underline: Reset, modifier: NONE,
        x: 3, y: 10, fg: Rgb(226, 226, 233), bg: Rgb(17, 19, 24), underline: Reset, modifier: NONE,
        x: 4, y: 10, fg: Rgb(196, 198, 207), bg: Rgb(17, 19, 24), underline: Reset, modifier: NONE,
        x: 8, y: 10, fg: Rgb(169, 199, 255), bg: Rgb(17, 19, 24), underline: Reset, modifier: NONE,
        x: 11, y: 10, fg: Rgb(226, 226, 233), bg: Rgb(17, 19, 24), underline: Reset, modifier: NONE,
        x: 18, y: 10, fg: Rgb(255, 183, 132), bg: Rgb(17, 19, 24), underline: Reset, modifier: NONE,
        x: 20, y: 10, fg: Rgb(196, 198, 207), bg: Rgb(17, 19, 24), underline: Reset, modifier: NONE,
        x: 21, y: 10, fg: Rgb(226, 226, 233), bg: Rgb(17, 19, 24), underline: Reset, modifier: NONE,
        x: 96, y: 10, fg: Rgb(72, 76, 83), bg: Rgb(25, 28, 32), underline: Reset, modifier: NONE,
        x: 97, y: 10, fg: Rgb(226, 226, 233), bg: Rgb(25, 28, 32), underline: Reset, modifier: NONE,
        x: 2, y: 11, fg: Rgb(72, 76, 83), bg: Rgb(25, 28, 32), underline: Reset, modifier: NONE,
        x: 3, y: 11, fg: Rgb(226, 226, 233), bg: Rgb(17, 19, 24), underline: Reset, modifier: NONE,
        x: 4, y: 11, fg: Rgb(196, 198, 207), bg: Rgb(17, 19, 24), underline: Reset, modifier: NONE,
        x: 8, y: 11, fg: Rgb(169, 199, 255), bg: Rgb(17, 19, 24), underline: Reset, modifier: NONE,
        x: 11, y: 11, fg: Rgb(226, 226, 233), bg: Rgb(17, 19, 24), underline: Reset, modifier: NONE,
        x: 18, y: 11, fg: Rgb(255, 183, 132), bg: Rgb(17, 19, 24), underline: Reset, modifier: NONE,
        x: 20, y: 11, fg: Rgb(196, 198, 207), bg: Rgb(17, 19, 24), underline: Reset, modifier: NONE,
        x: 21, y: 11, fg: Rgb(226, 226, 233), bg: Rgb(17, 19, 24), underline: Reset, modifier: NONE,
        x: 96, y: 11, fg: Rgb(72, 76, 83), bg: Rgb(25, 28, 32), underline: Reset, modifier: NONE,
        x: 97, y: 11, fg: Rgb(226, 226, 233), bg: Rgb(25, 28, 32), underline: Reset, modifier: NONE,
        x: 2, y: 12, fg: Rgb(72, 76, 83), bg: Rgb(25, 28, 32), underline: Reset, modifier: NONE,
        x: 3, y: 12, fg: Rgb(226, 226, 233), bg: Rgb(17, 19, 24), underline: Reset, modifier: NONE,
        x: 4, y: 12, fg: Rgb(196, 198, 207), bg: Rgb(17, 19, 24), underline: Reset, modifier: NONE,
        x: 8, y: 12, fg: Rgb(169, 199, 255), bg: Rgb(17, 19, 24), underline: Reset, modifier: NONE,
        x: 11, y: 12, fg: Rgb(226, 226, 233), bg: Rgb(17, 19, 24), underline: Reset, modifier: NONE,
        x: 18, y: 12, fg: Rgb(255, 183, 132), bg: Rgb(17, 19, 24), underline: Reset, modifier: NONE,
        x: 20, y: 12, fg: Rgb(196, 198, 207), bg: Rgb(17, 19, 24), underline: Reset, modifier: NONE,
        x: 21, y: 12, fg: Rgb(226, 226, 233), bg: Rgb(17, 19, 24), underline: Reset, modifier: NONE,
        x: 96, y: 12, fg: Rgb(72, 76, 83), bg: Rgb(25, 28, 32), underline: Reset, modifier: NONE,
        x: 97, y: 12, fg: Rgb(226, 226, 233), bg: Rgb(25, 28, 32), underline: Reset, modifier: NONE,
        x: 2, y: 13, fg: Rgb(72, 76, 83), bg: Rgb(25, 28, 32), underline: Reset, modifier: NONE,
        x: 3, y: 13, fg: Rgb(226, 226, 233), bg: Rgb(17, 19, 24), underline: Reset, modifier: NONE,
        x: 4, y: 13, fg: Rgb(196, 198, 207), bg: Rgb(17, 19, 24), underline: Reset, modifier: NONE,
        x: 8, y: 13, fg: Rgb(169, 199, 255), bg: Rgb(17, 19, 24), underline: Reset, modifier: NONE,
        x: 11, y: 13, fg: Rgb(226, 226, 233), bg: Rgb(17, 19, 24), underline: Reset, modifier: NONE,
        x: 18, y: 13, fg: Rgb(255, 183, 132), bg: Rgb(17, 19, 24), underline: Reset, modifier: NONE,
        x: 20, y: 13, fg: Rgb(196, 198, 207), bg: Rgb(17, 19, 24), underline: Reset, modifier: NONE,
        x: 21, y: 13, fg: Rgb(226, 226, 233), bg: Rgb(17, 19, 24), underline: Reset, modifier: NONE,
        x: 96, y: 13, fg: Rgb(72, 76, 83), bg: Rgb(25, 28, 32), underline: Reset, modifier: NONE,
        x: 97, y: 13, fg: Rgb(226, 226, 233), bg: Rgb(25, 28, 32), underline: Reset, modifier: NONE,
        x: 2, y: 14, fg: Rgb(72, 76, 83), bg: Rgb(25, 28, 32), underline: Reset, modifier: NONE,
        x: 3, y: 14, fg: Rgb(226, 226, 233), bg: Rgb(17, 19, 24), underline: Reset, modifier: NONE,
        x: 4, y: 14, fg: Rgb(196, 198, 207), bg: Rgb(17, 19, 24), underline: Reset, modifier: NONE,
        x: 8, y: 14, fg: Rgb(169, 199, 255), bg: Rgb(17, 19, 24), underline: Reset, modifier: NONE,
        x: 11, y: 14, fg: Rgb(226, 226, 233), bg: Rgb(17, 19, 24), underline: Reset, modifier: NONE,
        x: 18, y: 14, fg: Rgb(255, 183, 132), bg: Rgb(17, 19, 24), underline: Reset, modifier: NONE,
        x: 20, y: 14, fg: Rgb(196, 198, 207), bg: Rgb(17, 19, 24), underline: Reset, modifier: NONE,
        x: 21, y: 14, fg: Rgb(226, 226, 233), bg: Rgb(17, 19, 24), underline: Reset, modifier: NONE,
        x: 96, y: 14, fg: Rgb(72, 76, 83), bg: Rgb(25, 28, 32), underline: Reset, modifier: NONE,
        x: 97, y: 14, fg: Rgb(226, 226, 233), bg: Rgb(25, 28, 32), underline: Reset, modifier: NONE,
        x: 2, y: 15, fg: Rgb(72, 76, 83), bg: Rgb(25, 28, 32), underline: Reset, modifier: NONE,
        x: 3, y: 15, fg: Rgb(226, 226, 233), bg: Rgb(17, 19, 24), underline: Reset, modifier: NONE,
        x: 4, y: 15, fg: Rgb(196, 198, 207), bg: Rgb(17, 19, 24), underline: Reset, modifier: NONE,
        x: 8, y: 15, fg: Rgb(169, 199, 255), bg: Rgb(17, 19, 24), underline: Reset, modifier: NONE,
        x: 11, y: 15, fg: Rgb(226, 226, 233), bg: Rgb(17, 19, 24), underline: Reset, modifier: NONE,
        x: 18, y: 15, fg: Rgb(255, 183, 132), bg: Rgb(17, 19, 24), underline: Reset, modifier: NONE,
        x: 20, y: 15, fg: Rgb(196, 198, 207), bg: Rgb(17, 19, 24), underline: Reset, modifier: NONE,
        x: 21, y: 15, fg: Rgb(226, 226, 233), bg: Rgb(17, 19, 24), underline: Reset, modifier: NONE,
        x: 96, y: 15, fg: Rgb(72, 76, 83), bg: Rgb(25, 28, 32), underline: Reset, modifier: NONE,
        x: 97, y: 15, fg: Rgb(226, 226, 233), bg: Rgb(25, 28, 32), underline: Reset, modifier: NONE,
        x: 2, y: 16, fg: Rgb(72, 76, 83), bg: Rgb(25, 28, 32), underline: Reset, modifier: NONE,
        x: 3, y: 16, fg: Rgb(226, 226, 233), bg: Rgb(17, 19, 24), underline: Reset, modifier: NONE,
        x: 4, y: 16, fg: Rgb(196, 198, 207), bg: Rgb(17, 19, 24), underline: Reset, modifier: NONE,
        x: 8, y: 16, fg: Rgb(169, 199, 255), bg: Rgb(17, 19, 24), underline: Reset, modifier: NONE,
        x: 11, y: 16, fg: Rgb(226, 226, 233), bg: Rgb(17, 19, 24), underline: Reset, modifier: NONE,
        x: 18, y: 16, fg: Rgb(255, 183, 132), bg: Rgb(17, 19, 24), underline: Reset, modifier: NONE,
        x: 20, y: 16, fg: Rgb(196, 198, 207), bg: Rgb(17, 19, 24), underline: Reset, modifier: NONE,
        x: 21, y: 16, fg: Rgb(226, 226, 233), bg: Rgb(17, 19, 24), underline: Reset, modifier: NONE,
        x: 96, y: 16, fg: Rgb(72, 76, 83), bg: Rgb(25, 28, 32), underline: Reset, modifier: NONE,
        x: 97, y: 16, fg: Rgb(226, 226, 233), bg: Rgb(25, 28, 32), underline: Reset, modifier: NONE,
        x: 2, y: 17, fg: Rgb(72, 76, 83), bg: Rgb(25, 28, 32), underline: Reset, modifier: NONE,
        x: 3, y: 17, fg: Rgb(226, 226, 233), bg: Rgb(17, 19, 24), underline: Reset, modifier: NONE,
        x: 4, y: 17, fg: Rgb(196, 198, 207), bg: Rgb(17, 19, 24), underline: Reset, modifier: NONE,
        x: 8, y: 17, fg: Rgb(169, 199, 255), bg: Rgb(17, 19, 24), underline: Reset, modifier: NONE,
        x: 11, y: 17, fg: Rgb(226, 226, 233), bg: Rgb(17, 19, 24), underline: Reset, modifier: NONE,
        x: 18, y: 17, fg: Rgb(255, 183, 132), bg: Rgb(17, 19, 24), underline: Reset, modifier: NONE,
        x: 20, y: 17, fg: Rgb(196, 198, 207), bg: Rgb(17, 19, 24), underline: Reset, modifier: NONE,
        x: 21, y: 17, fg: Rgb(226, 226, 233), bg: Rgb(17, 19, 24), underline: Reset, modifier: NONE,
        x: 96, y: 17, fg: Rgb(72, 76, 83), bg: Rgb(25, 28, 32), underline: Reset, modifier: NONE,
        x: 97, y: 17, fg: Rgb(226, 226, 233), bg: Rgb(25, 28, 32), underline: Reset, modifier: NONE,
        x: 2, y: 18, fg: Rgb(72, 76, 83), bg: Rgb(25, 28, 32), underline: Reset, modifier: NONE,
        x: 3, y: 18, fg: Rgb(226, 226, 233), bg: Rgb(17, 19, 24), underline: Reset, modifier: NONE,
        x: 4, y: 18, fg: Rgb(196, 198, 207), bg: Rgb(17, 19, 24), underline: Reset, modifier: NONE,
        x: 8, y: 18, fg: Rgb(169, 199, 255), bg: Rgb(17, 19, 24), underline: Reset, modifier: NONE,
        x: 11, y: 18, fg: Rgb(226, 226, 233), bg: Rgb(17, 19, 24), underline: Reset, modifier: NONE,
        x: 18, y: 18, fg: Rgb(255, 183, 132), bg: Rgb(17, 19, 24), underline: Reset, modifier: NONE,
        x: 20, y: 18, fg: Rgb(196, 198, 207), bg: Rgb(17, 19, 24), underline: Reset, modifier: NONE,
        x: 21, y: 18, fg: Rgb(226, 226, 233), bg: Rgb(17, 19, 24), underline: Reset, modifier: NONE,
        x: 96, y: 18, fg: Rgb(72, 76, 83), bg: Rgb(25, 28, 32), underline: Reset, modifier: NONE,
        x: 97, y: 18, fg: Rgb(226, 226, 233), bg: Rgb(25, 28, 32), underline: Reset, modifier: NONE,
        x: 2, y: 19, fg: Rgb(72, 76, 83), bg: Rgb(25, 28, 32), underline: Reset, modifier: NONE,
        x: 3, y: 19, fg: Rgb(226, 226, 233), bg: Rgb(17, 19, 24), underline: Reset, modifier: NONE,
        x: 4, y: 19, fg: Rgb(196, 198, 207), bg: Rgb(17, 19, 24), underline: Reset, modifier: NONE,
        x: 8, y: 19, fg: Rgb(169, 199, 255), bg: Rgb(17, 19, 24), underline: Reset, modifier: NONE,
        x: 11, y: 19, fg: Rgb(226, 226, 233), bg: Rgb(17, 19, 24), underline: Reset, modifier: NONE,
        x: 18, y: 19, fg: Rgb(255, 183, 132), bg: Rgb(17, 19, 24), underline: Reset, modifier: NONE,
        x: 20, y: 19, fg: Rgb(196, 198, 207), bg: Rgb(17, 19, 24), underline: Reset, modifier: NONE,
        x: 21, y: 19, fg: Rgb(226, 226, 233), bg: Rgb(17, 19, 24), underline: Reset, modifier: NONE,
        x: 96, y: 19, fg: Rgb(72, 76, 83), bg: Rgb(25, 28, 32), underline: Reset, modifier: NONE,
        x: 97, y: 19, fg: Rgb(226, 226, 233), bg: Rgb(25, 28, 32), underline: Reset, modifier: NONE,
        x: 2, y: 20, fg: Rgb(72, 76, 83), bg: Rgb(25, 28, 32), underline: Reset, modifier: NONE,
        x: 3, y: 20, fg: Rgb(226, 226, 233), bg: Rgb(17, 19, 24), underline: Reset, modifier: NONE,
        x: 4, y: 20, fg: Rgb(196, 198, 207), bg: Rgb(17, 19, 24), underline: Reset, modifier: NONE,
        x: 8, y: 20, fg: Rgb(169, 199, 255), bg: Rgb(17, 19, 24), underline: Reset, modifier: NONE,
        x: 11, y: 20, fg: Rgb(226, 226, 233), bg: Rgb(17, 19, 24), underline: Reset, modifier: NONE,
        x: 18, y: 20, fg: Rgb(255, 183, 132), bg: Rgb(17, 19, 24), underline: Reset, modifier: NONE,
        x: 20, y: 20, fg: Rgb(196, 198, 207), bg: Rgb(17, 19, 24), underline: Reset, modifier: NONE,
        x: 21, y: 20, fg: Rgb(226, 226, 233), bg: Rgb(17, 19, 24), underline: Reset, modifier: NONE,
        x: 96, y: 20, fg: Rgb(72, 76, 83), bg: Rgb(25, 28, 32), underline: Reset, modifier: NONE,
        x: 97, y: 20, fg: Rgb(226, 226, 233), bg: Rgb(25, 28, 32), underline: Reset, modifier: NONE,
        x: 2, y: 21, fg: Rgb(72, 76, 83), bg: Rgb(25, 28, 32), underline: Reset, modifier: NONE,
        x: 3, y: 21, fg: Rgb(226, 226, 233), bg: Rgb(17, 19, 24), underline: Reset, modifier: NONE,
        x: 4, y: 21, fg: Rgb(196, 198, 207), bg: Rgb(17, 19, 24), underline: Reset, modifier: NONE,
        x: 8, y: 21, fg: Rgb(169, 199, 255), bg: Rgb(17, 19, 24), underline: Reset, modifier: NONE,
        x: 11, y: 21, fg: Rgb(226, 226, 233), bg: Rgb(17, 19, 24), underline: Reset, modifier: NONE,
        x: 18, y: 21, fg: Rgb(255, 183, 132), bg: Rgb(17, 19, 24), underline: Reset, modifier: NONE,
        x: 20, y: 21, fg: Rgb(196, 198, 207), bg: Rgb(17, 19, 24), underline: Reset, modifier: NONE,
        x: 21, y: 21, fg: Rgb(226, 226, 233), bg: Rgb(17, 19, 24), underline: Reset, modifier: NONE,
        x: 96, y: 21, fg: Rgb(72, 76, 83), bg: Rgb(25, 28, 32), underline: Reset, modifier: NONE,
        x: 97, y: 21, fg: Rgb(226, 226, 233), bg: Rgb(25, 28, 32), underline: Reset, modifier: NONE,
        x: 2, y: 22, fg: Rgb(72, 76, 83), bg: Rgb(25, 28, 32), underline: Reset, modifier: NONE,
        x: 3, y: 22, fg: Rgb(226, 226, 233), bg: Rgb(17, 19, 24), underline: Reset, modifier: NONE,
        x: 4, y: 22, fg: Rgb(196, 198, 207), bg: Rgb(17, 19, 24), underline: Reset, modifier: NONE,
        x: 8, y: 22, fg: Rgb(169, 199, 255), bg: Rgb(17, 19, 24), underline: Reset, modifier: NONE,
        x: 11, y: 22, fg: Rgb(226, 226, 233), bg: Rgb(17, 19, 24), underline: Reset, modifier: NONE,
        x: 18, y: 22, fg: Rgb(255, 183, 132), bg: Rgb(17, 19, 24), underline: Reset, modifier: NONE,
        x: 20, y: 22, fg: Rgb(196, 198, 207), bg: Rgb(17, 19, 24), underline: Reset, modifier: NONE,
        x: 21, y: 22, fg: Rgb(226, 226, 233), bg: Rgb(17, 19, 24), underline: Reset, modifier: NONE,
        x: 96, y: 22, fg: Rgb(72, 76, 83), bg: Rgb(25, 28, 32), underline: Reset, modifier: NONE,
        x: 97, y: 22, fg: Rgb(226, 226, 233), bg: Rgb(25, 28, 32), underline: Reset, modifier: NONE,
        x: 99, y: 22, fg: Rgb(72, 76, 83), bg: Rgb(25, 28, 32), underline: Reset, modifier: NONE,
        x: 0, y: 23, fg: Rgb(226, 226, 233), bg: Rgb(25, 28, 32), underline: Reset, modifier: NONE,
        x: 2, y: 23, fg: Rgb(72, 76, 83), bg: Rgb(25, 28, 32), underline: Reset, modifier: NONE,
        x: 3, y: 23, fg: Rgb(226, 226, 233), bg: Rgb(17, 19, 24), underline: Reset, modifier: NONE,
        x: 4, y: 23, fg: Rgb(196, 198, 207), bg: Rgb(17, 19, 24), underline: Reset, modifier: NONE,
        x: 8, y: 23, fg: Rgb(169, 199, 255), bg: Rgb(17, 19, 24), underline: Reset, modifier: NONE,
        x: 11, y: 23, fg: Rgb(226, 226, 233), bg: Rgb(17, 19, 24), underline: Reset, modifier: NONE,
        x: 18, y: 23, fg: Rgb(255, 183, 132), bg: Rgb(17, 19, 24), underline: Reset, modifier: NONE,
        x: 20, y: 23, fg: Rgb(196, 198, 207), bg: Rgb(17, 19, 24), underline: Reset, modifier: NONE,
        x: 21, y: 23, fg: Rgb(226, 226, 233), bg: Rgb(17, 19, 24), underline: Reset, modifier: NONE,
        x: 96, y: 23, fg: Rgb(72, 76, 83), bg: Rgb(25, 28, 32), underline: Reset, modifier: NONE,
        x: 97, y: 23, fg: Rgb(226, 226, 233), bg: Rgb(25, 28, 32), underline: Reset, modifier: NONE,
        x: 99, y: 23, fg: Rgb(72, 76, 83), bg: Rgb(25, 28, 32), underline: Reset, modifier: NONE,
        x: 0, y: 24, fg: Rgb(226, 226, 233), bg: Rgb(25, 28, 32), underline: Reset, modifier: NONE,
        x: 2, y: 24, fg: Rgb(72, 76, 83), bg: Rgb(25, 28, 32), underline: Reset, modifier: NONE,
        x: 3, y: 24, fg: Rgb(226, 226, 233), bg: Rgb(17, 19, 24), underline: Reset, modifier: NONE,
        x: 4, y: 24, fg: Rgb(196, 198, 207), bg: Rgb(17, 19, 24), underline: Reset, modifier: NONE,
        x: 8, y: 24, fg: Rgb(169, 199, 255), bg: Rgb(17, 19, 24), underline: Reset, modifier: NONE,
        x: 11, y: 24, fg: Rgb(226, 226, 233), bg: Rgb(17, 19, 24), underline: Reset, modifier: NONE,
        x: 18, y: 24, fg: Rgb(255, 183, 132), bg: Rgb(17, 19, 24), underline: Reset, modifier: NONE,
        x: 20, y: 24, fg: Rgb(196, 198, 207), bg: Rgb(17, 19, 24), underline: Reset, modifier: NONE,
        x: 21, y: 24, fg: Rgb(226, 226, 233), bg: Rgb(17, 19, 24), underline: Reset, modifier: NONE,
        x: 96, y: 24, fg: Rgb(72, 76, 83), bg: Rgb(25, 28, 32), underline: Reset, modifier: NONE,
        x: 97, y: 24, fg: Rgb(226, 226, 233), bg: Rgb(25, 28, 32), underline: Reset, modifier: NONE,
        x: 99, y: 24, fg: Rgb(72, 76, 83), bg: Rgb(25, 28, 32), underline: Reset, modifier: NONE,
        x: 0, y: 25, fg: Rgb(226, 226, 233), bg: Rgb(25, 28, 32), underline: Reset, modifier: NONE,
        x: 2, y: 25, fg: Rgb(72, 76, 83), bg: Rgb(25, 28, 32), underline: Reset, modifier: NONE,
        x: 3, y: 25, fg: Rgb(226, 226, 233), bg: Rgb(17, 19, 24), underline: Reset, modifier: NONE,
        x: 4, y: 25, fg: Rgb(196, 198, 207), bg: Rgb(17, 19, 24), underline: Reset, modifier: NONE,
        x: 8, y: 25, fg: Rgb(169, 199, 255), bg: Rgb(17, 19, 24), underline: Reset, modifier: NONE,
        x: 11, y: 25, fg: Rgb(226, 226, 233), bg: Rgb(17, 19, 24), underline: Reset, modifier: NONE,
        x: 18, y: 25, fg: Rgb(255, 183, 132), bg: Rgb(17, 19, 24), underline: Reset, modifier: NONE,
        x: 20, y: 25, fg: Rgb(196, 198, 207), bg: Rgb(17, 19, 24), underline: Reset, modifier: NONE,
        x: 21, y: 25, fg: Rgb(226, 226, 233), bg: Rgb(17, 19, 24), underline: Reset, modifier: NONE,
        x: 96, y: 25, fg: Rgb(72, 76, 83), bg: Rgb(25, 28, 32), underline: Reset, modifier: NONE,
        x: 97, y: 25, fg: Rgb(226, 226, 233), bg: Rgb(25, 28, 32), underline: Reset, modifier: NONE,
        x: 99, y: 25, fg: Rgb(72, 76, 83), bg: Rgb(25, 28, 32), underline: Reset, modifier: NONE,
        x: 0, y: 26, fg: Rgb(226, 226, 233), bg: Rgb(25, 28, 32), underline: Reset, modifier: NONE,
        x: 2, y: 26, fg: Rgb(72, 76, 83), bg: Rgb(25, 28, 32), underline: Reset, modifier: NONE,
        x: 3, y: 26, fg: Rgb(226, 226, 233), bg: Rgb(17, 19, 24), underline: Reset, modifier: NONE,
        x: 4, y: 26, fg: Rgb(196, 198, 207), bg: Rgb(17, 19, 24), underline: Reset, modifier: NONE,
        x: 8, y: 26, fg: Rgb(169, 199, 255), bg: Rgb(17, 19, 24), underline: Reset, modifier: NONE,
        x: 11, y: 26, fg: Rgb(226, 226, 233), bg: Rgb(17, 19, 24), underline: Reset, modifier: NONE,
        x: 18, y: 26, fg: Rgb(255, 183, 132), bg: Rgb(17, 19, 24), underline: Reset, modifier: NONE,
        x: 20, y: 26, fg: Rgb(196, 198, 207), bg: Rgb(17, 19, 24), underline: Reset, modifier: NONE,
        x: 21, y: 26, fg: Rgb(226, 226, 233), bg: Rgb(17, 19, 24), underline: Reset, modifier: NONE,
        x: 96, y: 26, fg: Rgb(72, 76, 83), bg: Rgb(25, 28, 32), underline: Reset, modifier: NONE,
        x: 97, y: 26, fg: Rgb(226, 226, 233), bg: Rgb(25, 28, 32), underline: Reset, modifier: NONE,
        x: 99, y: 26, fg: Rgb(72, 76, 83), bg: Rgb(25, 28, 32), underline: Reset, modifier: NONE,
        x: 0, y: 27, fg: Rgb(226, 226, 233), bg: Rgb(25, 28, 32), underline: Reset, modifier: NONE,
        x: 2, y: 27, fg: Rgb(72, 76, 83), bg: Rgb(25, 28, 32), underline: Reset, modifier: NONE,
        x: 3, y: 27, fg: Rgb(226, 226, 233), bg: Rgb(17, 19, 24), underline: Reset, modifier: NONE,
        x: 4, y: 27, fg: Rgb(196, 198, 207), bg: Rgb(17, 19, 24), underline: Reset, modifier: NONE,
        x: 8, y: 27, fg: Rgb(169, 199, 255), bg: Rgb(17, 19, 24), underline: Reset, modifier: NONE,
        x: 11, y: 27, fg: Rgb(226, 226, 233), bg: Rgb(17, 19, 24), underline: Reset, modifier: NONE,
        x: 18, y: 27, fg: Rgb(255, 183, 132), bg: Rgb(17, 19, 24), underline: Reset, modifier: NONE,
        x: 20, y: 27, fg: Rgb(196, 198, 207), bg: Rgb(17, 19, 24), underline: Reset, modifier: NONE,
        x: 21, y: 27, fg: Rgb(226, 226, 233), bg: Rgb(17, 19, 24), underline: Reset, modifier: NONE,
        x: 96, y: 27, fg: Rgb(72, 76, 83), bg: Rgb(25, 28, 32), underline: Reset, modifier: NONE,
        x: 97, y: 27, fg: Rgb(226, 226, 233), bg: Rgb(25, 28, 32), underline: Reset, modifier: NONE,
        x: 99, y: 27, fg: Rgb(72, 76, 83), bg: Rgb(25, 28, 32), underline: Reset, modifier: NONE,
        x: 0, y: 28, fg: Rgb(226, 226, 233), bg: Rgb(25, 28, 32), underline: Reset, modifier: NONE,
        x: 2, y: 28, fg: Rgb(72, 76, 83), bg: Rgb(25, 28, 32), underline: Reset, modifier: NONE,
        x: 97, y: 28, fg: Rgb(226, 226, 233), bg: Rgb(25, 28, 32), underline: Reset, modifier: NONE,
        x: 99, y: 28, fg: Rgb(72, 76, 83), bg: Rgb(25, 28, 32), underline: Reset, modifier: NONE,
        x: 0, y: 29, fg: Rgb(226, 226, 233), bg: Rgb(29, 32, 36), underline: Reset, modifier: NONE,
        x: 2, y: 29, fg: Rgb(169, 199, 255), bg: Rgb(29, 32, 36), underline: Reset, modifier: BOLD,
        x: 7, y: 29, fg: Rgb(196, 198, 207), bg: Rgb(29, 32, 36), underline: Reset, modifier: NONE,
        x: 12, y: 29, fg: Rgb(226, 226, 233), bg: Rgb(29, 32, 36), underline: Reset, modifier: NONE,
        x: 15, y: 29, fg: Rgb(169, 199, 255), bg: Rgb(29, 32, 36), underline: Reset, modifier: BOLD,
        x: 16, y: 29, fg: Rgb(196, 198, 207), bg: Rgb(29, 32, 36), underline: Reset, modifier: NONE,
        x: 23, y: 29, fg: Rgb(226, 226, 233), bg: Rgb(29, 32, 36), underline: Reset, modifier: NONE,
        x: 26, y: 29, fg: Rgb(169, 199, 255), bg: Rgb(29, 32, 36), underline: Reset, modifier: BOLD,
        x: 27, y: 29, fg: Rgb(196, 198, 207), bg: Rgb(29, 32, 36), underline: Reset, modifier: NONE,
        x: 38, y: 29, fg: Rgb(226, 226, 233), bg: Rgb(29, 32, 36), underline: Reset, modifier: NONE,
        x: 41, y: 29, fg: Rgb(169, 199, 255), bg: Rgb(29, 32, 36), underline: Reset, modifier: BOLD,
        x: 42, y: 29, fg: Rgb(196, 198, 207), bg: Rgb(29, 32, 36), underline: Reset, modifier: NONE,
        x: 49, y: 29, fg: Rgb(226, 226, 233), bg: Rgb(29, 32, 36), underline: Reset, modifier: NONE,
        x: 52, y: 29, fg: Rgb(169, 199, 255), bg: Rgb(29, 32, 36), underline: Reset, modifier: BOLD,
        x: 53, y: 29, fg: Rgb(196, 198, 207), bg: Rgb(29, 32, 36), underline: Reset, modifier: NONE,
        x: 58, y: 29, fg: Rgb(226, 226, 233), bg: Rgb(29, 32, 36), underline: Reset, modifier: NONE,
        x: 61, y: 29, fg: Rgb(169, 199, 255), bg: Rgb(29, 32, 36), underline: Reset, modifier: BOLD,
        x: 63, y: 29, fg: Rgb(196, 198, 207), bg: Rgb(29, 32, 36), underline: Reset, modifier: NONE,
        x: 68, y: 29, fg: Rgb(226, 226, 233), bg: Rgb(29, 32, 36), underline: Reset, modifier: NONE,
        x: 71, y: 29, fg: Rgb(169, 199, 255), bg: Rgb(29, 32, 36), underline: Reset, modifier: BOLD,
        x: 72, y: 29, fg: Rgb(196, 198, 207), bg: Rgb(29, 32, 36), underline: Reset, modifier: NONE,
        x: 80, y: 29, fg: Rgb(226, 226, 233), bg: Rgb(29, 32, 36), underline: Reset, modifier: NONE,
        x: 85, y: 29, fg: Rgb(196, 198, 207), bg: Rgb(29, 32, 36), underline: Reset, modifier: NONE,
        x: 98, y: 29, fg: Rgb(226, 226, 233), bg: Rgb(29, 32, 36), underline: Reset, modifier: NONE,
    ]
}
