---
source: crates/app/src/snapshot_tests.rs
assertion_line: 604
expression: "render(&with_profile(Mode::Light, ProfileTab::Overview))"
---
Buffer {
    area: Rect { x: 0, y: 0, width: 100, height: 30 },
    content: [
        "  ◆ ghtui   octocat                                    ⌕ Type / to search                 @octocat  ",
        "   ◫ Overview   ▤ Repositories  8    ☆ Stars  120                                                   ",
        "──━━━━━━━━━━━━──────────────────────────────────────────────────────────────────────────────────────",
        "                                                                                                    ",
        "  The Octocat  octocat                                                                             ▐",
        "  🐙 Reviewing pull requests                                                                       ▐", // hidden by multi-width symbols: [(3, " ")]
        "  Eight arms, one keyboard.                                                                        ▐",
        "  ⚇ 21.4k followers · 9 following   ◆ @github   ⌖ San Francisco   they/them   ↗                    ▐",
        "  https://github.blog                                                                              ▐",
        "  ↗ @octocat@hachyderm.io                                                                          ▐",
        "  Organizations  github · ratatui                                                                  ▐",
        "                                                                                                   ▐",
        "  ╭─ octocat/octocat / README.md ───────────────────────────────────────────────────────────────╮  ▐",
        "  │ Hi there 👋                                                                                 │  ▐", // hidden by multi-width symbols: [(14, " ")]
        "  │                                                                                             │  ▐",
        "  │ I'm the Octocat. I like terminals.                                                          │  ▐",
        "  ╰─────────────────────────────────────────────────────────────────────────────────────────────╯  ▐",
        "                                                                                                    ",
        "  ╭─ Pinned ────────────────────────────────────────────────────────────────────────────────────╮   ",
        "  │▌octocat/Hello-World                                                                  ☆ 3.1k │   ",
        "  │▌A keyboard-driven terminal client for GitHub                                                │   ",
        "  │▌● Rust   ⑂ 155   Updated 1d ago                                                             │   ",
        "  ╰─────────────────────────────────────────────────────────────────────────────────────────────╯   ",
        "                                                                                                    ",
        "  1,234 contributions in the last year                                                              ",
        "      Oct Nov  Dec Jan Feb Mar  Apr May  Jun Jul Aug  Sep                                           ",
        "      ■■■■■■■■■■■■■■■■■■■■■■■■■■■■■■■■■■■■■■■■■■■■■■■■■■■■■                                         ",
        "  Mon ■■■■■■■■■■■■■■■■■■■■■■■■■■■■■■■■■■■■■■■■■■■■■■■■■■■■■                                         ",
        "      ■■■■■■■■■■■■■■■■■■■■■■■■■■■■■■■■■■■■■■■■■■■■■■■■■■■■■                                         ",
        "  space menu   ↵ open   / search   ←→ tabs   o browser   y copy link   i links       API 4987/5000  ",
    ],
    styles: [
        x: 0, y: 0, fg: Rgb(25, 28, 32), bg: Rgb(237, 237, 244), underline: Reset, modifier: NONE,
        x: 2, y: 0, fg: Rgb(50, 83, 131), bg: Rgb(237, 237, 244), underline: Reset, modifier: BOLD,
        x: 9, y: 0, fg: Rgb(25, 28, 32), bg: Rgb(237, 237, 244), underline: Reset, modifier: NONE,
        x: 12, y: 0, fg: Rgb(25, 28, 32), bg: Rgb(237, 237, 244), underline: Reset, modifier: BOLD,
        x: 19, y: 0, fg: Rgb(25, 28, 32), bg: Rgb(237, 237, 244), underline: Reset, modifier: NONE,
        x: 54, y: 0, fg: Rgb(25, 28, 32), bg: Rgb(226, 226, 233), underline: Reset, modifier: NONE,
        x: 55, y: 0, fg: Rgb(67, 71, 78), bg: Rgb(226, 226, 233), underline: Reset, modifier: NONE,
        x: 73, y: 0, fg: Rgb(25, 28, 32), bg: Rgb(226, 226, 233), underline: Reset, modifier: NONE,
        x: 87, y: 0, fg: Rgb(25, 28, 32), bg: Rgb(237, 237, 244), underline: Reset, modifier: NONE,
        x: 90, y: 0, fg: Rgb(67, 71, 78), bg: Rgb(237, 237, 244), underline: Reset, modifier: NONE,
        x: 98, y: 0, fg: Rgb(25, 28, 32), bg: Rgb(237, 237, 244), underline: Reset, modifier: NONE,
        x: 2, y: 1, fg: Rgb(67, 71, 78), bg: Rgb(237, 237, 244), underline: Reset, modifier: NONE,
        x: 5, y: 1, fg: Rgb(25, 28, 32), bg: Rgb(237, 237, 244), underline: Reset, modifier: BOLD,
        x: 13, y: 1, fg: Rgb(25, 28, 32), bg: Rgb(237, 237, 244), underline: Reset, modifier: NONE,
        x: 15, y: 1, fg: Rgb(67, 71, 78), bg: Rgb(237, 237, 244), underline: Reset, modifier: NONE,
        x: 18, y: 1, fg: Rgb(25, 28, 32), bg: Rgb(237, 237, 244), underline: Reset, modifier: NONE,
        x: 31, y: 1, fg: Rgb(25, 28, 32), bg: Rgb(226, 226, 233), underline: Reset, modifier: NONE,
        x: 34, y: 1, fg: Rgb(25, 28, 32), bg: Rgb(237, 237, 244), underline: Reset, modifier: NONE,
        x: 36, y: 1, fg: Rgb(67, 71, 78), bg: Rgb(237, 237, 244), underline: Reset, modifier: NONE,
        x: 39, y: 1, fg: Rgb(25, 28, 32), bg: Rgb(237, 237, 244), underline: Reset, modifier: NONE,
        x: 45, y: 1, fg: Rgb(25, 28, 32), bg: Rgb(226, 226, 233), underline: Reset, modifier: NONE,
        x: 50, y: 1, fg: Rgb(25, 28, 32), bg: Rgb(237, 237, 244), underline: Reset, modifier: NONE,
        x: 0, y: 2, fg: Rgb(190, 193, 201), bg: Rgb(237, 237, 244), underline: Reset, modifier: NONE,
        x: 2, y: 2, fg: Rgb(50, 83, 131), bg: Rgb(237, 237, 244), underline: Reset, modifier: NONE,
        x: 14, y: 2, fg: Rgb(190, 193, 201), bg: Rgb(237, 237, 244), underline: Reset, modifier: NONE,
        x: 0, y: 3, fg: Rgb(25, 28, 32), bg: Rgb(243, 243, 250), underline: Reset, modifier: NONE,
        x: 2, y: 4, fg: Rgb(25, 28, 32), bg: Rgb(243, 243, 250), underline: Reset, modifier: BOLD,
        x: 13, y: 4, fg: Rgb(67, 71, 78), bg: Rgb(243, 243, 250), underline: Reset, modifier: NONE,
        x: 22, y: 4, fg: Rgb(25, 28, 32), bg: Rgb(243, 243, 250), underline: Reset, modifier: NONE,
        x: 99, y: 4, fg: Rgb(190, 193, 201), bg: Rgb(243, 243, 250), underline: Reset, modifier: NONE,
        x: 0, y: 5, fg: Rgb(25, 28, 32), bg: Rgb(243, 243, 250), underline: Reset, modifier: NONE,
        x: 2, y: 5, fg: Rgb(67, 71, 78), bg: Rgb(243, 243, 250), underline: Reset, modifier: NONE,
        x: 3, y: 5, fg: Reset, bg: Reset, underline: Reset, modifier: NONE,
        x: 4, y: 5, fg: Rgb(67, 71, 78), bg: Rgb(243, 243, 250), underline: Reset, modifier: NONE,
        x: 28, y: 5, fg: Rgb(25, 28, 32), bg: Rgb(243, 243, 250), underline: Reset, modifier: NONE,
        x: 99, y: 5, fg: Rgb(190, 193, 201), bg: Rgb(243, 243, 250), underline: Reset, modifier: NONE,
        x: 0, y: 6, fg: Rgb(25, 28, 32), bg: Rgb(243, 243, 250), underline: Reset, modifier: NONE,
        x: 99, y: 6, fg: Rgb(190, 193, 201), bg: Rgb(243, 243, 250), underline: Reset, modifier: NONE,
        x: 0, y: 7, fg: Rgb(25, 28, 32), bg: Rgb(243, 243, 250), underline: Reset, modifier: NONE,
        x: 2, y: 7, fg: Rgb(67, 71, 78), bg: Rgb(243, 243, 250), underline: Reset, modifier: NONE,
        x: 79, y: 7, fg: Rgb(25, 28, 32), bg: Rgb(243, 243, 250), underline: Reset, modifier: NONE,
        x: 99, y: 7, fg: Rgb(190, 193, 201), bg: Rgb(243, 243, 250), underline: Reset, modifier: NONE,
        x: 0, y: 8, fg: Rgb(25, 28, 32), bg: Rgb(243, 243, 250), underline: Reset, modifier: NONE,
        x: 2, y: 8, fg: Rgb(50, 83, 131), bg: Rgb(243, 243, 250), underline: Reset, modifier: NONE,
        x: 21, y: 8, fg: Rgb(25, 28, 32), bg: Rgb(243, 243, 250), underline: Reset, modifier: NONE,
        x: 99, y: 8, fg: Rgb(190, 193, 201), bg: Rgb(243, 243, 250), underline: Reset, modifier: NONE,
        x: 0, y: 9, fg: Rgb(25, 28, 32), bg: Rgb(243, 243, 250), underline: Reset, modifier: NONE,
        x: 2, y: 9, fg: Rgb(67, 71, 78), bg: Rgb(243, 243, 250), underline: Reset, modifier: NONE,
        x: 4, y: 9, fg: Rgb(50, 83, 131), bg: Rgb(243, 243, 250), underline: Reset, modifier: NONE,
        x: 25, y: 9, fg: Rgb(25, 28, 32), bg: Rgb(243, 243, 250), underline: Reset, modifier: NONE,
        x: 99, y: 9, fg: Rgb(190, 193, 201), bg: Rgb(243, 243, 250), underline: Reset, modifier: NONE,
        x: 0, y: 10, fg: Rgb(25, 28, 32), bg: Rgb(243, 243, 250), underline: Reset, modifier: NONE,
        x: 2, y: 10, fg: Rgb(67, 71, 78), bg: Rgb(243, 243, 250), underline: Reset, modifier: NONE,
        x: 17, y: 10, fg: Rgb(50, 83, 131), bg: Rgb(243, 243, 250), underline: Reset, modifier: NONE,
        x: 23, y: 10, fg: Rgb(67, 71, 78), bg: Rgb(243, 243, 250), underline: Reset, modifier: NONE,
        x: 26, y: 10, fg: Rgb(50, 83, 131), bg: Rgb(243, 243, 250), underline: Reset, modifier: NONE,
        x: 33, y: 10, fg: Rgb(25, 28, 32), bg: Rgb(243, 243, 250), underline: Reset, modifier: NONE,
        x: 99, y: 10, fg: Rgb(190, 193, 201), bg: Rgb(243, 243, 250), underline: Reset, modifier: NONE,
        x: 0, y: 11, fg: Rgb(25, 28, 32), bg: Rgb(243, 243, 250), underline: Reset, modifier: NONE,
        x: 99, y: 11, fg: Rgb(190, 193, 201), bg: Rgb(243, 243, 250), underline: Reset, modifier: NONE,
        x: 0, y: 12, fg: Rgb(25, 28, 32), bg: Rgb(243, 243, 250), underline: Reset, modifier: NONE,
        x: 2, y: 12, fg: Rgb(190, 193, 201), bg: Rgb(243, 243, 250), underline: Reset, modifier: NONE,
        x: 4, y: 12, fg: Rgb(25, 28, 32), bg: Rgb(243, 243, 250), underline: Reset, modifier: NONE,
        x: 5, y: 12, fg: Rgb(67, 71, 78), bg: Rgb(243, 243, 250), underline: Reset, modifier: NONE,
        x: 32, y: 12, fg: Rgb(25, 28, 32), bg: Rgb(243, 243, 250), underline: Reset, modifier: NONE,
        x: 33, y: 12, fg: Rgb(190, 193, 201), bg: Rgb(243, 243, 250), underline: Reset, modifier: NONE,
        x: 97, y: 12, fg: Rgb(25, 28, 32), bg: Rgb(243, 243, 250), underline: Reset, modifier: NONE,
        x: 99, y: 12, fg: Rgb(190, 193, 201), bg: Rgb(243, 243, 250), underline: Reset, modifier: NONE,
        x: 0, y: 13, fg: Rgb(25, 28, 32), bg: Rgb(243, 243, 250), underline: Reset, modifier: NONE,
        x: 2, y: 13, fg: Rgb(190, 193, 201), bg: Rgb(243, 243, 250), underline: Reset, modifier: NONE,
        x: 3, y: 13, fg: Rgb(25, 28, 32), bg: Rgb(243, 243, 250), underline: Reset, modifier: NONE,
        x: 4, y: 13, fg: Rgb(50, 83, 131), bg: Rgb(243, 243, 250), underline: Reset, modifier: BOLD,
        x: 14, y: 13, fg: Reset, bg: Reset, underline: Reset, modifier: NONE,
        x: 15, y: 13, fg: Rgb(25, 28, 32), bg: Rgb(243, 243, 250), underline: Reset, modifier: NONE,
        x: 96, y: 13, fg: Rgb(190, 193, 201), bg: Rgb(243, 243, 250), underline: Reset, modifier: NONE,
        x: 97, y: 13, fg: Rgb(25, 28, 32), bg: Rgb(243, 243, 250), underline: Reset, modifier: NONE,
        x: 99, y: 13, fg: Rgb(190, 193, 201), bg: Rgb(243, 243, 250), underline: Reset, modifier: NONE,
        x: 0, y: 14, fg: Rgb(25, 28, 32), bg: Rgb(243, 243, 250), underline: Reset, modifier: NONE,
        x: 2, y: 14, fg: Rgb(190, 193, 201), bg: Rgb(243, 243, 250), underline: Reset, modifier: NONE,
        x: 3, y: 14, fg: Rgb(25, 28, 32), bg: Rgb(243, 243, 250), underline: Reset, modifier: NONE,
        x: 96, y: 14, fg: Rgb(190, 193, 201), bg: Rgb(243, 243, 250), underline: Reset, modifier: NONE,
        x: 97, y: 14, fg: Rgb(25, 28, 32), bg: Rgb(243, 243, 250), underline: Reset, modifier: NONE,
        x: 99, y: 14, fg: Rgb(190, 193, 201), bg: Rgb(243, 243, 250), underline: Reset, modifier: NONE,
        x: 0, y: 15, fg: Rgb(25, 28, 32), bg: Rgb(243, 243, 250), underline: Reset, modifier: NONE,
        x: 2, y: 15, fg: Rgb(190, 193, 201), bg: Rgb(243, 243, 250), underline: Reset, modifier: NONE,
        x: 3, y: 15, fg: Rgb(25, 28, 32), bg: Rgb(243, 243, 250), underline: Reset, modifier: NONE,
        x: 28, y: 15, fg: Rgb(25, 28, 32), bg: Rgb(243, 243, 250), underline: Reset, modifier: BOLD,
        x: 37, y: 15, fg: Rgb(25, 28, 32), bg: Rgb(243, 243, 250), underline: Reset, modifier: NONE,
        x: 96, y: 15, fg: Rgb(190, 193, 201), bg: Rgb(243, 243, 250), underline: Reset, modifier: NONE,
        x: 97, y: 15, fg: Rgb(25, 28, 32), bg: Rgb(243, 243, 250), underline: Reset, modifier: NONE,
        x: 99, y: 15, fg: Rgb(190, 193, 201), bg: Rgb(243, 243, 250), underline: Reset, modifier: NONE,
        x: 0, y: 16, fg: Rgb(25, 28, 32), bg: Rgb(243, 243, 250), underline: Reset, modifier: NONE,
        x: 2, y: 16, fg: Rgb(190, 193, 201), bg: Rgb(243, 243, 250), underline: Reset, modifier: NONE,
        x: 97, y: 16, fg: Rgb(25, 28, 32), bg: Rgb(243, 243, 250), underline: Reset, modifier: NONE,
        x: 99, y: 16, fg: Rgb(190, 193, 201), bg: Rgb(243, 243, 250), underline: Reset, modifier: NONE,
        x: 0, y: 17, fg: Rgb(25, 28, 32), bg: Rgb(243, 243, 250), underline: Reset, modifier: NONE,
        x: 2, y: 18, fg: Rgb(190, 193, 201), bg: Rgb(243, 243, 250), underline: Reset, modifier: NONE,
        x: 4, y: 18, fg: Rgb(25, 28, 32), bg: Rgb(243, 243, 250), underline: Reset, modifier: NONE,
        x: 5, y: 18, fg: Rgb(25, 28, 32), bg: Rgb(243, 243, 250), underline: Reset, modifier: BOLD,
        x: 11, y: 18, fg: Rgb(25, 28, 32), bg: Rgb(243, 243, 250), underline: Reset, modifier: NONE,
        x: 12, y: 18, fg: Rgb(190, 193, 201), bg: Rgb(243, 243, 250), underline: Reset, modifier: NONE,
        x: 97, y: 18, fg: Rgb(25, 28, 32), bg: Rgb(243, 243, 250), underline: Reset, modifier: NONE,
        x: 2, y: 19, fg: Rgb(190, 193, 201), bg: Rgb(243, 243, 250), underline: Reset, modifier: NONE,
        x: 3, y: 19, fg: Rgb(50, 83, 131), bg: Rgb(221, 225, 237), underline: Reset, modifier: NONE,
        x: 23, y: 19, fg: Rgb(25, 28, 32), bg: Rgb(221, 225, 237), underline: Reset, modifier: NONE,
        x: 89, y: 19, fg: Rgb(67, 71, 78), bg: Rgb(221, 225, 237), underline: Reset, modifier: NONE,
        x: 95, y: 19, fg: Rgb(25, 28, 32), bg: Rgb(221, 225, 237), underline: Reset, modifier: NONE,
        x: 96, y: 19, fg: Rgb(190, 193, 201), bg: Rgb(243, 243, 250), underline: Reset, modifier: NONE,
        x: 97, y: 19, fg: Rgb(25, 28, 32), bg: Rgb(243, 243, 250), underline: Reset, modifier: NONE,
        x: 2, y: 20, fg: Rgb(190, 193, 201), bg: Rgb(243, 243, 250), underline: Reset, modifier: NONE,
        x: 3, y: 20, fg: Rgb(50, 83, 131), bg: Rgb(221, 225, 237), underline: Reset, modifier: NONE,
        x: 4, y: 20, fg: Rgb(25, 28, 32), bg: Rgb(221, 225, 237), underline: Reset, modifier: NONE,
        x: 96, y: 20, fg: Rgb(190, 193, 201), bg: Rgb(243, 243, 250), underline: Reset, modifier: NONE,
        x: 97, y: 20, fg: Rgb(25, 28, 32), bg: Rgb(243, 243, 250), underline: Reset, modifier: NONE,
        x: 2, y: 21, fg: Rgb(190, 193, 201), bg: Rgb(243, 243, 250), underline: Reset, modifier: NONE,
        x: 3, y: 21, fg: Rgb(50, 83, 131), bg: Rgb(221, 225, 237), underline: Reset, modifier: NONE,
        x: 6, y: 21, fg: Rgb(67, 71, 78), bg: Rgb(221, 225, 237), underline: Reset, modifier: NONE,
        x: 35, y: 21, fg: Rgb(25, 28, 32), bg: Rgb(221, 225, 237), underline: Reset, modifier: NONE,
        x: 96, y: 21, fg: Rgb(190, 193, 201), bg: Rgb(243, 243, 250), underline: Reset, modifier: NONE,
        x: 97, y: 21, fg: Rgb(25, 28, 32), bg: Rgb(243, 243, 250), underline: Reset, modifier: NONE,
        x: 2, y: 22, fg: Rgb(190, 193, 201), bg: Rgb(243, 243, 250), underline: Reset, modifier: NONE,
        x: 97, y: 22, fg: Rgb(25, 28, 32), bg: Rgb(243, 243, 250), underline: Reset, modifier: NONE,
        x: 2, y: 24, fg: Rgb(25, 28, 32), bg: Rgb(243, 243, 250), underline: Reset, modifier: BOLD,
        x: 38, y: 24, fg: Rgb(25, 28, 32), bg: Rgb(243, 243, 250), underline: Reset, modifier: NONE,
        x: 2, y: 25, fg: Rgb(67, 71, 78), bg: Rgb(243, 243, 250), underline: Reset, modifier: NONE,
        x: 59, y: 25, fg: Rgb(25, 28, 32), bg: Rgb(243, 243, 250), underline: Reset, modifier: NONE,
        x: 2, y: 26, fg: Rgb(67, 71, 78), bg: Rgb(243, 243, 250), underline: Reset, modifier: NONE,
        x: 6, y: 26, fg: Rgb(225, 226, 233), bg: Rgb(243, 243, 250), underline: Reset, modifier: NONE,
        x: 7, y: 26, fg: Rgb(168, 200, 255), bg: Rgb(243, 243, 250), underline: Reset, modifier: NONE,
        x: 8, y: 26, fg: Rgb(225, 226, 233), bg: Rgb(243, 243, 250), underline: Reset, modifier: NONE,
        x: 9, y: 26, fg: Rgb(112, 162, 238), bg: Rgb(243, 243, 250), underline: Reset, modifier: NONE,
        x: 10, y: 26, fg: Rgb(225, 226, 233), bg: Rgb(243, 243, 250), underline: Reset, modifier: NONE,
        x: 11, y: 26, fg: Rgb(112, 162, 238), bg: Rgb(243, 243, 250), underline: Reset, modifier: NONE,
        x: 12, y: 26, fg: Rgb(225, 226, 233), bg: Rgb(243, 243, 250), underline: Reset, modifier: NONE,
        x: 13, y: 26, fg: Rgb(68, 120, 193), bg: Rgb(243, 243, 250), underline: Reset, modifier: NONE,
        x: 14, y: 26, fg: Rgb(225, 226, 233), bg: Rgb(243, 243, 250), underline: Reset, modifier: NONE,
        x: 15, y: 26, fg: Rgb(12, 80, 151), bg: Rgb(243, 243, 250), underline: Reset, modifier: NONE,
        x: 16, y: 26, fg: Rgb(168, 200, 255), bg: Rgb(243, 243, 250), underline: Reset, modifier: NONE,
        x: 17, y: 26, fg: Rgb(225, 226, 233), bg: Rgb(243, 243, 250), underline: Reset, modifier: NONE,
        x: 18, y: 26, fg: Rgb(168, 200, 255), bg: Rgb(243, 243, 250), underline: Reset, modifier: NONE,
        x: 19, y: 26, fg: Rgb(225, 226, 233), bg: Rgb(243, 243, 250), underline: Reset, modifier: NONE,
        x: 20, y: 26, fg: Rgb(112, 162, 238), bg: Rgb(243, 243, 250), underline: Reset, modifier: NONE,
        x: 21, y: 26, fg: Rgb(225, 226, 233), bg: Rgb(243, 243, 250), underline: Reset, modifier: NONE,
        x: 22, y: 26, fg: Rgb(112, 162, 238), bg: Rgb(243, 243, 250), underline: Reset, modifier: NONE,
        x: 23, y: 26, fg: Rgb(225, 226, 233), bg: Rgb(243, 243, 250), underline: Reset, modifier: NONE,
        x: 24, y: 26, fg: Rgb(68, 120, 193), bg: Rgb(243, 243, 250), underline: Reset, modifier: NONE,
        x: 25, y: 26, fg: Rgb(225, 226, 233), bg: Rgb(243, 243, 250), underline: Reset, modifier: NONE,
        x: 26, y: 26, fg: Rgb(12, 80, 151), bg: Rgb(243, 243, 250), underline: Reset, modifier: NONE,
        x: 27, y: 26, fg: Rgb(168, 200, 255), bg: Rgb(243, 243, 250), underline: Reset, modifier: NONE,
        x: 28, y: 26, fg: Rgb(225, 226, 233), bg: Rgb(243, 243, 250), underline: Reset, modifier: NONE,
        x: 29, y: 26, fg: Rgb(168, 200, 255), bg: Rgb(243, 243, 250), underline: Reset, modifier: NONE,
        x: 30, y: 26, fg: Rgb(225, 226, 233), bg: Rgb(243, 243, 250), underline: Reset, modifier: NONE,
        x: 31, y: 26, fg: Rgb(112, 162, 238), bg: Rgb(243, 243, 250), underline: Reset, modifier: NONE,
        x: 32, y: 26, fg: Rgb(225, 226, 233), bg: Rgb(243, 243, 250), underline: Reset, modifier: NONE,
        x: 33, y: 26, fg: Rgb(112, 162, 238), bg: Rgb(243, 243, 250), underline: Reset, modifier: NONE,
        x: 34, y: 26, fg: Rgb(225, 226, 233), bg: Rgb(243, 243, 250), underline: Reset, modifier: NONE,
        x: 35, y: 26, fg: Rgb(68, 120, 193), bg: Rgb(243, 243, 250), underline: Reset, modifier: NONE,
        x: 36, y: 26, fg: Rgb(225, 226, 233), bg: Rgb(243, 243, 250), underline: Reset, modifier: NONE,
        x: 37, y: 26, fg: Rgb(12, 80, 151), bg: Rgb(243, 243, 250), underline: Reset, modifier: NONE,
        x: 38, y: 26, fg: Rgb(168, 200, 255), bg: Rgb(243, 243, 250), underline: Reset, modifier: NONE,
        x: 39, y: 26, fg: Rgb(225, 226, 233), bg: Rgb(243, 243, 250), underline: Reset, modifier: NONE,
        x: 40, y: 26, fg: Rgb(168, 200, 255), bg: Rgb(243, 243, 250), underline: Reset, modifier: NONE,
        x: 41, y: 26, fg: Rgb(225, 226, 233), bg: Rgb(243, 243, 250), underline: Reset, modifier: NONE,
        x: 42, y: 26, fg: Rgb(112, 162, 238), bg: Rgb(243, 243, 250), underline: Reset, modifier: NONE,
        x: 43, y: 26, fg: Rgb(225, 226, 233), bg: Rgb(243, 243, 250), underline: Reset, modifier: NONE,
        x: 44, y: 26, fg: Rgb(112, 162, 238), bg: Rgb(243, 243, 250), underline: Reset, modifier: NONE,
        x: 45, y: 26, fg: Rgb(225, 226, 233), bg: Rgb(243, 243, 250), underline: Reset, modifier: NONE,
        x: 46, y: 26, fg: Rgb(68, 120, 193), bg: Rgb(243, 243, 250), underline: Reset, modifier: NONE,
        x: 47, y: 26, fg: Rgb(225, 226, 233), bg: Rgb(243, 243, 250), underline: Reset, modifier: NONE,
        x: 48, y: 26, fg: Rgb(12, 80, 151), bg: Rgb(243, 243, 250), underline: Reset, modifier: NONE,
        x: 49, y: 26, fg: Rgb(168, 200, 255), bg: Rgb(243, 243, 250), underline: Reset, modifier: NONE,
        x: 50, y: 26, fg: Rgb(225, 226, 233), bg: Rgb(243, 243, 250), underline: Reset, modifier: NONE,
        x: 51, y: 26, fg: Rgb(168, 200, 255), bg: Rgb(243, 243, 250), underline: Reset, modifier: NONE,
        x: 52, y: 26, fg: Rgb(225, 226, 233), bg: Rgb(243, 243, 250), underline: Reset, modifier: NONE,
        x: 53, y: 26, fg: Rgb(112, 162, 238), bg: Rgb(243, 243, 250), underline: Reset, modifier: NONE,
        x: 54, y: 26, fg: Rgb(225, 226, 233), bg: Rgb(243, 243, 250), underline: Reset, modifier: NONE,
        x: 55, y: 26, fg: Rgb(112, 162, 238), bg: Rgb(243, 243, 250), underline: Reset, modifier: NONE,
        x: 56, y: 26, fg: Rgb(225, 226, 233), bg: Rgb(243, 243, 250), underline: Reset, modifier: NONE,
        x: 57, y: 26, fg: Rgb(68, 120, 193), bg: Rgb(243, 243, 250), underline: Reset, modifier: NONE,
        x: 58, y: 26, fg: Rgb(225, 226, 233), bg: Rgb(243, 243, 250), underline: Reset, modifier: NONE,
        x: 59, y: 26, fg: Rgb(25, 28, 32), bg: Rgb(243, 243, 250), underline: Reset, modifier: NONE,
        x: 2, y: 27, fg: Rgb(67, 71, 78), bg: Rgb(243, 243, 250), underline: Reset, modifier: NONE,
        x: 6, y: 27, fg: Rgb(225, 226, 233), bg: Rgb(243, 243, 250), underline: Reset, modifier: NONE,
        x: 7, y: 27, fg: Rgb(12, 80, 151), bg: Rgb(243, 243, 250), underline: Reset, modifier: NONE,
        x: 8, y: 27, fg: Rgb(168, 200, 255), bg: Rgb(243, 243, 250), underline: Reset, modifier: NONE,
        x: 9, y: 27, fg: Rgb(225, 226, 233), bg: Rgb(243, 243, 250), underline: Reset, modifier: NONE,
        x: 10, y: 27, fg: Rgb(168, 200, 255), bg: Rgb(243, 243, 250), underline: Reset, modifier: NONE,
        x: 11, y: 27, fg: Rgb(225, 226, 233), bg: Rgb(243, 243, 250), underline: Reset, modifier: NONE,
        x: 12, y: 27, fg: Rgb(112, 162, 238), bg: Rgb(243, 243, 250), underline: Reset, modifier: NONE,
        x: 13, y: 27, fg: Rgb(225, 226, 233), bg: Rgb(243, 243, 250), underline: Reset, modifier: NONE,
        x: 14, y: 27, fg: Rgb(112, 162, 238), bg: Rgb(243, 243, 250), underline: Reset, modifier: NONE,
        x: 15, y: 27, fg: Rgb(225, 226, 233), bg: Rgb(243, 243, 250), underline: Reset, modifier: NONE,
        x: 16, y: 27, fg: Rgb(68, 120, 193), bg: Rgb(243, 243, 250), underline: Reset, modifier: NONE,
        x: 17, y: 27, fg: Rgb(225, 226, 233), bg: Rgb(243, 243, 250), underline: Reset, modifier: NONE,
        x: 18, y: 27, fg: Rgb(12, 80, 151), bg: Rgb(243, 243, 250), underline: Reset, modifier: NONE,
        x: 19, y: 27, fg: Rgb(168, 200, 255), bg: Rgb(243, 243, 250), underline: Reset, modifier: NONE,
        x: 20, y: 27, fg: Rgb(225, 226, 233), bg: Rgb(243, 243, 250), underline: Reset, modifier: NONE,
        x: 21, y: 27, fg: Rgb(168, 200, 255), bg: Rgb(243, 243, 250), underline: Reset, modifier: NONE,
        x: 22, y: 27, fg: Rgb(225, 226, 233), bg: Rgb(243, 243, 250), underline: Reset, modifier: NONE,
        x: 23, y: 27, fg: Rgb(112, 162, 238), bg: Rgb(243, 243, 250), underline: Reset, modifier: NONE,
        x: 24, y: 27, fg: Rgb(225, 226, 233), bg: Rgb(243, 243, 250), underline: Reset, modifier: NONE,
        x: 25, y: 27, fg: Rgb(112, 162, 238), bg: Rgb(243, 243, 250), underline: Reset, modifier: NONE,
        x: 26, y: 27, fg: Rgb(225, 226, 233), bg: Rgb(243, 243, 250), underline: Reset, modifier: NONE,
        x: 27, y: 27, fg: Rgb(68, 120, 193), bg: Rgb(243, 243, 250), underline: Reset, modifier: NONE,
        x: 28, y: 27, fg: Rgb(225, 226, 233), bg: Rgb(243, 243, 250), underline: Reset, modifier: NONE,
        x: 29, y: 27, fg: Rgb(12, 80, 151), bg: Rgb(243, 243, 250), underline: Reset, modifier: NONE,
        x: 30, y: 27, fg: Rgb(168, 200, 255), bg: Rgb(243, 243, 250), underline: Reset, modifier: NONE,
        x: 31, y: 27, fg: Rgb(225, 226, 233), bg: Rgb(243, 243, 250), underline: Reset, modifier: NONE,
        x: 32, y: 27, fg: Rgb(168, 200, 255), bg: Rgb(243, 243, 250), underline: Reset, modifier: NONE,
        x: 33, y: 27, fg: Rgb(225, 226, 233), bg: Rgb(243, 243, 250), underline: Reset, modifier: NONE,
        x: 34, y: 27, fg: Rgb(112, 162, 238), bg: Rgb(243, 243, 250), underline: Reset, modifier: NONE,
        x: 35, y: 27, fg: Rgb(225, 226, 233), bg: Rgb(243, 243, 250), underline: Reset, modifier: NONE,
        x: 36, y: 27, fg: Rgb(112, 162, 238), bg: Rgb(243, 243, 250), underline: Reset, modifier: NONE,
        x: 37, y: 27, fg: Rgb(225, 226, 233), bg: Rgb(243, 243, 250), underline: Reset, modifier: NONE,
        x: 38, y: 27, fg: Rgb(68, 120, 193), bg: Rgb(243, 243, 250), underline: Reset, modifier: NONE,
        x: 39, y: 27, fg: Rgb(225, 226, 233), bg: Rgb(243, 243, 250), underline: Reset, modifier: NONE,
        x: 40, y: 27, fg: Rgb(12, 80, 151), bg: Rgb(243, 243, 250), underline: Reset, modifier: NONE,
        x: 41, y: 27, fg: Rgb(168, 200, 255), bg: Rgb(243, 243, 250), underline: Reset, modifier: NONE,
        x: 42, y: 27, fg: Rgb(225, 226, 233), bg: Rgb(243, 243, 250), underline: Reset, modifier: NONE,
        x: 43, y: 27, fg: Rgb(168, 200, 255), bg: Rgb(243, 243, 250), underline: Reset, modifier: NONE,
        x: 44, y: 27, fg: Rgb(225, 226, 233), bg: Rgb(243, 243, 250), underline: Reset, modifier: NONE,
        x: 45, y: 27, fg: Rgb(112, 162, 238), bg: Rgb(243, 243, 250), underline: Reset, modifier: NONE,
        x: 46, y: 27, fg: Rgb(225, 226, 233), bg: Rgb(243, 243, 250), underline: Reset, modifier: NONE,
        x: 47, y: 27, fg: Rgb(112, 162, 238), bg: Rgb(243, 243, 250), underline: Reset, modifier: NONE,
        x: 48, y: 27, fg: Rgb(225, 226, 233), bg: Rgb(243, 243, 250), underline: Reset, modifier: NONE,
        x: 49, y: 27, fg: Rgb(68, 120, 193), bg: Rgb(243, 243, 250), underline: Reset, modifier: NONE,
        x: 50, y: 27, fg: Rgb(225, 226, 233), bg: Rgb(243, 243, 250), underline: Reset, modifier: NONE,
        x: 51, y: 27, fg: Rgb(12, 80, 151), bg: Rgb(243, 243, 250), underline: Reset, modifier: NONE,
        x: 52, y: 27, fg: Rgb(168, 200, 255), bg: Rgb(243, 243, 250), underline: Reset, modifier: NONE,
        x: 53, y: 27, fg: Rgb(225, 226, 233), bg: Rgb(243, 243, 250), underline: Reset, modifier: NONE,
        x: 54, y: 27, fg: Rgb(168, 200, 255), bg: Rgb(243, 243, 250), underline: Reset, modifier: NONE,
        x: 55, y: 27, fg: Rgb(225, 226, 233), bg: Rgb(243, 243, 250), underline: Reset, modifier: NONE,
        x: 56, y: 27, fg: Rgb(112, 162, 238), bg: Rgb(243, 243, 250), underline: Reset, modifier: NONE,
        x: 57, y: 27, fg: Rgb(225, 226, 233), bg: Rgb(243, 243, 250), underline: Reset, modifier: NONE,
        x: 58, y: 27, fg: Rgb(112, 162, 238), bg: Rgb(243, 243, 250), underline: Reset, modifier: NONE,
        x: 59, y: 27, fg: Rgb(25, 28, 32), bg: Rgb(243, 243, 250), underline: Reset, modifier: NONE,
        x: 2, y: 28, fg: Rgb(67, 71, 78), bg: Rgb(243, 243, 250), underline: Reset, modifier: NONE,
        x: 6, y: 28, fg: Rgb(112, 162, 238), bg: Rgb(243, 243, 250), underline: Reset, modifier: NONE,
        x: 7, y: 28, fg: Rgb(225, 226, 233), bg: Rgb(243, 243, 250), underline: Reset, modifier: NONE,
        x: 8, y: 28, fg: Rgb(68, 120, 193), bg: Rgb(243, 243, 250), underline: Reset, modifier: NONE,
        x: 9, y: 28, fg: Rgb(225, 226, 233), bg: Rgb(243, 243, 250), underline: Reset, modifier: NONE,
        x: 10, y: 28, fg: Rgb(12, 80, 151), bg: Rgb(243, 243, 250), underline: Reset, modifier: NONE,
        x: 11, y: 28, fg: Rgb(168, 200, 255), bg: Rgb(243, 243, 250), underline: Reset, modifier: NONE,
        x: 12, y: 28, fg: Rgb(225, 226, 233), bg: Rgb(243, 243, 250), underline: Reset, modifier: NONE,
        x: 13, y: 28, fg: Rgb(168, 200, 255), bg: Rgb(243, 243, 250), underline: Reset, modifier: NONE,
        x: 14, y: 28, fg: Rgb(225, 226, 233), bg: Rgb(243, 243, 250), underline: Reset, modifier: NONE,
        x: 15, y: 28, fg: Rgb(112, 162, 238), bg: Rgb(243, 243, 250), underline: Reset, modifier: NONE,
        x: 16, y: 28, fg: Rgb(225, 226, 233), bg: Rgb(243, 243, 250), underline: Reset, modifier: NONE,
        x: 17, y: 28, fg: Rgb(112, 162, 238), bg: Rgb(243, 243, 250), underline: Reset, modifier: NONE,
        x: 18, y: 28, fg: Rgb(225, 226, 233), bg: Rgb(243, 243, 250), underline: Reset, modifier: NONE,
        x: 19, y: 28, fg: Rgb(68, 120, 193), bg: Rgb(243, 243, 250), underline: Reset, modifier: NONE,
        x: 20, y: 28, fg: Rgb(225, 226, 233), bg: Rgb(243, 243, 250), underline: Reset, modifier: NONE,
        x: 21, y: 28, fg: Rgb(12, 80, 151), bg: Rgb(243, 243, 250), underline: Reset, modifier: NONE,
        x: 22, y: 28, fg: Rgb(168, 200, 255), bg: Rgb(243, 243, 250), underline: Reset, modifier: NONE,
        x: 23, y: 28, fg: Rgb(225, 226, 233), bg: Rgb(243, 243, 250), underline: Reset, modifier: NONE,
        x: 24, y: 28, fg: Rgb(168, 200, 255), bg: Rgb(243, 243, 250), underline: Reset, modifier: NONE,
        x: 25, y: 28, fg: Rgb(225, 226, 233), bg: Rgb(243, 243, 250), underline: Reset, modifier: NONE,
        x: 26, y: 28, fg: Rgb(112, 162, 238), bg: Rgb(243, 243, 250), underline: Reset, modifier: NONE,
        x: 27, y: 28, fg: Rgb(225, 226, 233), bg: Rgb(243, 243, 250), underline: Reset, modifier: NONE,
        x: 28, y: 28, fg: Rgb(112, 162, 238), bg: Rgb(243, 243, 250), underline: Reset, modifier: NONE,
        x: 29, y: 28, fg: Rgb(225, 226, 233), bg: Rgb(243, 243, 250), underline: Reset, modifier: NONE,
        x: 30, y: 28, fg: Rgb(68, 120, 193), bg: Rgb(243, 243, 250), underline: Reset, modifier: NONE,
        x: 31, y: 28, fg: Rgb(225, 226, 233), bg: Rgb(243, 243, 250), underline: Reset, modifier: NONE,
        x: 32, y: 28, fg: Rgb(12, 80, 151), bg: Rgb(243, 243, 250), underline: Reset, modifier: NONE,
        x: 33, y: 28, fg: Rgb(168, 200, 255), bg: Rgb(243, 243, 250), underline: Reset, modifier: NONE,
        x: 34, y: 28, fg: Rgb(225, 226, 233), bg: Rgb(243, 243, 250), underline: Reset, modifier: NONE,
        x: 35, y: 28, fg: Rgb(168, 200, 255), bg: Rgb(243, 243, 250), underline: Reset, modifier: NONE,
        x: 36, y: 28, fg: Rgb(225, 226, 233), bg: Rgb(243, 243, 250), underline: Reset, modifier: NONE,
        x: 37, y: 28, fg: Rgb(112, 162, 238), bg: Rgb(243, 243, 250), underline: Reset, modifier: NONE,
        x: 38, y: 28, fg: Rgb(225, 226, 233), bg: Rgb(243, 243, 250), underline: Reset, modifier: NONE,
        x: 39, y: 28, fg: Rgb(112, 162, 238), bg: Rgb(243, 243, 250), underline: Reset, modifier: NONE,
        x: 40, y: 28, fg: Rgb(225, 226, 233), bg: Rgb(243, 243, 250), underline: Reset, modifier: NONE,
        x: 41, y: 28, fg: Rgb(68, 120, 193), bg: Rgb(243, 243, 250), underline: Reset, modifier: NONE,
        x: 42, y: 28, fg: Rgb(225, 226, 233), bg: Rgb(243, 243, 250), underline: Reset, modifier: NONE,
        x: 43, y: 28, fg: Rgb(12, 80, 151), bg: Rgb(243, 243, 250), underline: Reset, modifier: NONE,
        x: 44, y: 28, fg: Rgb(168, 200, 255), bg: Rgb(243, 243, 250), underline: Reset, modifier: NONE,
        x: 45, y: 28, fg: Rgb(225, 226, 233), bg: Rgb(243, 243, 250), underline: Reset, modifier: NONE,
        x: 46, y: 28, fg: Rgb(168, 200, 255), bg: Rgb(243, 243, 250), underline: Reset, modifier: NONE,
        x: 47, y: 28, fg: Rgb(225, 226, 233), bg: Rgb(243, 243, 250), underline: Reset, modifier: NONE,
        x: 48, y: 28, fg: Rgb(112, 162, 238), bg: Rgb(243, 243, 250), underline: Reset, modifier: NONE,
        x: 49, y: 28, fg: Rgb(225, 226, 233), bg: Rgb(243, 243, 250), underline: Reset, modifier: NONE,
        x: 50, y: 28, fg: Rgb(112, 162, 238), bg: Rgb(243, 243, 250), underline: Reset, modifier: NONE,
        x: 51, y: 28, fg: Rgb(225, 226, 233), bg: Rgb(243, 243, 250), underline: Reset, modifier: NONE,
        x: 52, y: 28, fg: Rgb(68, 120, 193), bg: Rgb(243, 243, 250), underline: Reset, modifier: NONE,
        x: 53, y: 28, fg: Rgb(225, 226, 233), bg: Rgb(243, 243, 250), underline: Reset, modifier: NONE,
        x: 54, y: 28, fg: Rgb(12, 80, 151), bg: Rgb(243, 243, 250), underline: Reset, modifier: NONE,
        x: 55, y: 28, fg: Rgb(168, 200, 255), bg: Rgb(243, 243, 250), underline: Reset, modifier: NONE,
        x: 56, y: 28, fg: Rgb(225, 226, 233), bg: Rgb(243, 243, 250), underline: Reset, modifier: NONE,
        x: 57, y: 28, fg: Rgb(168, 200, 255), bg: Rgb(243, 243, 250), underline: Reset, modifier: NONE,
        x: 58, y: 28, fg: Rgb(225, 226, 233), bg: Rgb(243, 243, 250), underline: Reset, modifier: NONE,
        x: 59, y: 28, fg: Rgb(25, 28, 32), bg: Rgb(243, 243, 250), underline: Reset, modifier: NONE,
        x: 0, y: 29, fg: Rgb(25, 28, 32), bg: Rgb(237, 237, 244), underline: Reset, modifier: NONE,
        x: 2, y: 29, fg: Rgb(50, 83, 131), bg: Rgb(237, 237, 244), underline: Reset, modifier: BOLD,
        x: 7, y: 29, fg: Rgb(67, 71, 78), bg: Rgb(237, 237, 244), underline: Reset, modifier: NONE,
        x: 12, y: 29, fg: Rgb(25, 28, 32), bg: Rgb(237, 237, 244), underline: Reset, modifier: NONE,
        x: 15, y: 29, fg: Rgb(50, 83, 131), bg: Rgb(237, 237, 244), underline: Reset, modifier: BOLD,
        x: 16, y: 29, fg: Rgb(67, 71, 78), bg: Rgb(237, 237, 244), underline: Reset, modifier: NONE,
        x: 21, y: 29, fg: Rgb(25, 28, 32), bg: Rgb(237, 237, 244), underline: Reset, modifier: NONE,
        x: 24, y: 29, fg: Rgb(50, 83, 131), bg: Rgb(237, 237, 244), underline: Reset, modifier: BOLD,
        x: 25, y: 29, fg: Rgb(67, 71, 78), bg: Rgb(237, 237, 244), underline: Reset, modifier: NONE,
        x: 32, y: 29, fg: Rgb(25, 28, 32), bg: Rgb(237, 237, 244), underline: Reset, modifier: NONE,
        x: 35, y: 29, fg: Rgb(50, 83, 131), bg: Rgb(237, 237, 244), underline: Reset, modifier: BOLD,
        x: 37, y: 29, fg: Rgb(67, 71, 78), bg: Rgb(237, 237, 244), underline: Reset, modifier: NONE,
        x: 42, y: 29, fg: Rgb(25, 28, 32), bg: Rgb(237, 237, 244), underline: Reset, modifier: NONE,
        x: 45, y: 29, fg: Rgb(50, 83, 131), bg: Rgb(237, 237, 244), underline: Reset, modifier: BOLD,
        x: 46, y: 29, fg: Rgb(67, 71, 78), bg: Rgb(237, 237, 244), underline: Reset, modifier: NONE,
        x: 54, y: 29, fg: Rgb(25, 28, 32), bg: Rgb(237, 237, 244), underline: Reset, modifier: NONE,
        x: 57, y: 29, fg: Rgb(50, 83, 131), bg: Rgb(237, 237, 244), underline: Reset, modifier: BOLD,
        x: 58, y: 29, fg: Rgb(67, 71, 78), bg: Rgb(237, 237, 244), underline: Reset, modifier: NONE,
        x: 68, y: 29, fg: Rgb(25, 28, 32), bg: Rgb(237, 237, 244), underline: Reset, modifier: NONE,
        x: 71, y: 29, fg: Rgb(50, 83, 131), bg: Rgb(237, 237, 244), underline: Reset, modifier: BOLD,
        x: 72, y: 29, fg: Rgb(67, 71, 78), bg: Rgb(237, 237, 244), underline: Reset, modifier: NONE,
        x: 78, y: 29, fg: Rgb(25, 28, 32), bg: Rgb(237, 237, 244), underline: Reset, modifier: NONE,
        x: 85, y: 29, fg: Rgb(67, 71, 78), bg: Rgb(237, 237, 244), underline: Reset, modifier: NONE,
        x: 98, y: 29, fg: Rgb(25, 28, 32), bg: Rgb(237, 237, 244), underline: Reset, modifier: NONE,
    ]
}
