---
source: crates/app/src/snapshot_tests.rs
expression: render(&state)
---
Buffer {
    area: Rect { x: 0, y: 0, width: 160, height: 30 },
    content: [
        "  ghtui   Home   gold-silver-copper/ghtui                                                                                                             @octocat  ",
        "                                                                                                                                                                ",
        "                    gold-silver-copper / ghtui   Public                                                                                                         ",
        "                    A keyboard-driven terminal client for GitHub                                                                                                ",
        "                    ☆ 1.2k stars   ⑂ 61 forks   ◉ 18 watching   https://ghtui.dev                                                                               ",
        "                                                                                                                                                                ",
        "                     1 Code    2 Issues 7   3 Pull requests 3                                                                                                   ",
        "                                                                                                                                                                ",
        "                     tui   github   rust                                                                                                                        ",
        "                    ● Rust   ⚖ MIT   412 commits on main                                                                                                        ",
        "                                                                                                                                                                ",
        "                     octocat  Browse GitHub like the website                                                                fedcba9 · 2h ago                    ",
        "                                                                                                                                                                ",
        "                      ▸ .github                                                                                                                                 ",
        "                      ▸ crates                                                                                                                                  ",
        "                        Cargo.toml                                                                                                    1.5 KB                    ",
        "                        README.md                                                                                                     2.2 KB                    ",
        "                                                                                                                                                                ",
        "                     ☰ README.md                                                                                                                               ", // hidden by multi-width symbols: [(22, " ")]
        "                                                                                                                                                                ",
        "                     # ghtui                                                                                                                                    ",
        "                                                                                                                                                                ",
        "                     A keyboard-driven terminal client for GitHub, with a diff viewer that goes beyond GitHub's.                                                ",
        "                                                                                                                                                                ",
        "                     ## Install                                                                                                                                 ",
        "                                                                                                                                                                ",
        "                                                                                                                                                                ",
        "                       cargo install ghtui                                                                                                                      ",
        "                                                                                                                                                                ",
        "                                                                                                                                        API 4987/5000   ? help  ",
    ],
    styles: [
        x: 0, y: 0, fg: Rgb(25, 28, 32), bg: Rgb(237, 237, 244), underline: Reset, modifier: NONE,
        x: 2, y: 0, fg: Rgb(50, 83, 131), bg: Rgb(237, 237, 244), underline: Reset, modifier: BOLD,
        x: 7, y: 0, fg: Rgb(25, 28, 32), bg: Rgb(237, 237, 244), underline: Reset, modifier: NONE,
        x: 9, y: 0, fg: Rgb(67, 71, 78), bg: Rgb(237, 237, 244), underline: Reset, modifier: NONE,
        x: 15, y: 0, fg: Rgb(25, 28, 32), bg: Rgb(237, 237, 244), underline: Reset, modifier: NONE,
        x: 16, y: 0, fg: Rgb(62, 71, 88), bg: Rgb(217, 227, 249), underline: Reset, modifier: BOLD,
        x: 42, y: 0, fg: Rgb(25, 28, 32), bg: Rgb(237, 237, 244), underline: Reset, modifier: NONE,
        x: 150, y: 0, fg: Rgb(67, 71, 78), bg: Rgb(237, 237, 244), underline: Reset, modifier: NONE,
        x: 158, y: 0, fg: Rgb(25, 28, 32), bg: Rgb(237, 237, 244), underline: Reset, modifier: NONE,
        x: 0, y: 1, fg: Rgb(25, 28, 32), bg: Rgb(243, 243, 250), underline: Reset, modifier: NONE,
        x: 18, y: 2, fg: Rgb(25, 28, 32), bg: Rgb(221, 225, 237), underline: Reset, modifier: NONE,
        x: 20, y: 2, fg: Rgb(50, 83, 131), bg: Rgb(221, 225, 237), underline: Reset, modifier: UNDERLINED,
        x: 38, y: 2, fg: Rgb(67, 71, 78), bg: Rgb(221, 225, 237), underline: Reset, modifier: NONE,
        x: 41, y: 2, fg: Rgb(25, 28, 32), bg: Rgb(221, 225, 237), underline: Reset, modifier: BOLD,
        x: 46, y: 2, fg: Rgb(25, 28, 32), bg: Rgb(221, 225, 237), underline: Reset, modifier: NONE,
        x: 48, y: 2, fg: Rgb(62, 71, 88), bg: Rgb(217, 227, 249), underline: Reset, modifier: NONE,
        x: 56, y: 2, fg: Rgb(25, 28, 32), bg: Rgb(221, 225, 237), underline: Reset, modifier: NONE,
        x: 142, y: 2, fg: Rgb(25, 28, 32), bg: Rgb(243, 243, 250), underline: Reset, modifier: NONE,
        x: 20, y: 4, fg: Rgb(67, 71, 78), bg: Rgb(243, 243, 250), underline: Reset, modifier: NONE,
        x: 22, y: 4, fg: Rgb(25, 28, 32), bg: Rgb(243, 243, 250), underline: Reset, modifier: BOLD,
        x: 26, y: 4, fg: Rgb(67, 71, 78), bg: Rgb(243, 243, 250), underline: Reset, modifier: NONE,
        x: 37, y: 4, fg: Rgb(25, 28, 32), bg: Rgb(243, 243, 250), underline: Reset, modifier: BOLD,
        x: 39, y: 4, fg: Rgb(67, 71, 78), bg: Rgb(243, 243, 250), underline: Reset, modifier: NONE,
        x: 50, y: 4, fg: Rgb(25, 28, 32), bg: Rgb(243, 243, 250), underline: Reset, modifier: BOLD,
        x: 52, y: 4, fg: Rgb(67, 71, 78), bg: Rgb(243, 243, 250), underline: Reset, modifier: NONE,
        x: 61, y: 4, fg: Rgb(25, 28, 32), bg: Rgb(243, 243, 250), underline: Reset, modifier: NONE,
        x: 64, y: 4, fg: Rgb(50, 83, 131), bg: Rgb(243, 243, 250), underline: Reset, modifier: UNDERLINED,
        x: 81, y: 4, fg: Rgb(25, 28, 32), bg: Rgb(243, 243, 250), underline: Reset, modifier: NONE,
        x: 20, y: 6, fg: Rgb(62, 71, 88), bg: Rgb(217, 227, 249), underline: Reset, modifier: NONE,
        x: 28, y: 6, fg: Rgb(25, 28, 32), bg: Rgb(243, 243, 250), underline: Reset, modifier: NONE,
        x: 39, y: 6, fg: Rgb(67, 71, 78), bg: Rgb(243, 243, 250), underline: Reset, modifier: NONE,
        x: 41, y: 6, fg: Rgb(25, 28, 32), bg: Rgb(243, 243, 250), underline: Reset, modifier: NONE,
        x: 59, y: 6, fg: Rgb(67, 71, 78), bg: Rgb(243, 243, 250), underline: Reset, modifier: NONE,
        x: 61, y: 6, fg: Rgb(25, 28, 32), bg: Rgb(243, 243, 250), underline: Reset, modifier: NONE,
        x: 20, y: 8, fg: Rgb(38, 71, 119), bg: Rgb(214, 227, 255), underline: Reset, modifier: NONE,
        x: 25, y: 8, fg: Rgb(25, 28, 32), bg: Rgb(243, 243, 250), underline: Reset, modifier: NONE,
        x: 26, y: 8, fg: Rgb(38, 71, 119), bg: Rgb(214, 227, 255), underline: Reset, modifier: NONE,
        x: 34, y: 8, fg: Rgb(25, 28, 32), bg: Rgb(243, 243, 250), underline: Reset, modifier: NONE,
        x: 35, y: 8, fg: Rgb(38, 71, 119), bg: Rgb(214, 227, 255), underline: Reset, modifier: NONE,
        x: 41, y: 8, fg: Rgb(25, 28, 32), bg: Rgb(243, 243, 250), underline: Reset, modifier: NONE,
        x: 20, y: 9, fg: Rgb(50, 83, 131), bg: Rgb(243, 243, 250), underline: Reset, modifier: NONE,
        x: 22, y: 9, fg: Rgb(25, 28, 32), bg: Rgb(243, 243, 250), underline: Reset, modifier: NONE,
        x: 29, y: 9, fg: Rgb(67, 71, 78), bg: Rgb(243, 243, 250), underline: Reset, modifier: NONE,
        x: 52, y: 9, fg: Rgb(98, 74, 105), bg: Rgb(243, 243, 250), underline: Reset, modifier: NONE,
        x: 56, y: 9, fg: Rgb(25, 28, 32), bg: Rgb(243, 243, 250), underline: Reset, modifier: NONE,
        x: 20, y: 11, fg: Rgb(25, 28, 32), bg: Rgb(237, 237, 244), underline: Reset, modifier: NONE,
        x: 21, y: 11, fg: Rgb(25, 28, 32), bg: Rgb(237, 237, 244), underline: Reset, modifier: BOLD,
        x: 28, y: 11, fg: Rgb(25, 28, 32), bg: Rgb(237, 237, 244), underline: Reset, modifier: NONE,
        x: 124, y: 11, fg: Rgb(67, 71, 78), bg: Rgb(237, 237, 244), underline: Reset, modifier: NONE,
        x: 140, y: 11, fg: Rgb(25, 28, 32), bg: Rgb(243, 243, 250), underline: Reset, modifier: NONE,
        x: 22, y: 13, fg: Rgb(50, 83, 131), bg: Rgb(243, 243, 250), underline: Reset, modifier: NONE,
        x: 24, y: 13, fg: Rgb(25, 28, 32), bg: Rgb(243, 243, 250), underline: Reset, modifier: BOLD,
        x: 31, y: 13, fg: Rgb(25, 28, 32), bg: Rgb(243, 243, 250), underline: Reset, modifier: NONE,
        x: 22, y: 14, fg: Rgb(50, 83, 131), bg: Rgb(243, 243, 250), underline: Reset, modifier: NONE,
        x: 24, y: 14, fg: Rgb(25, 28, 32), bg: Rgb(243, 243, 250), underline: Reset, modifier: BOLD,
        x: 30, y: 14, fg: Rgb(25, 28, 32), bg: Rgb(243, 243, 250), underline: Reset, modifier: NONE,
        x: 22, y: 15, fg: Rgb(50, 83, 131), bg: Rgb(243, 243, 250), underline: Reset, modifier: NONE,
        x: 24, y: 15, fg: Rgb(25, 28, 32), bg: Rgb(243, 243, 250), underline: Reset, modifier: NONE,
        x: 134, y: 15, fg: Rgb(67, 71, 78), bg: Rgb(243, 243, 250), underline: Reset, modifier: NONE,
        x: 140, y: 15, fg: Rgb(25, 28, 32), bg: Rgb(243, 243, 250), underline: Reset, modifier: NONE,
        x: 22, y: 16, fg: Rgb(50, 83, 131), bg: Rgb(243, 243, 250), underline: Reset, modifier: NONE,
        x: 24, y: 16, fg: Rgb(25, 28, 32), bg: Rgb(243, 243, 250), underline: Reset, modifier: NONE,
        x: 134, y: 16, fg: Rgb(67, 71, 78), bg: Rgb(243, 243, 250), underline: Reset, modifier: NONE,
        x: 140, y: 16, fg: Rgb(25, 28, 32), bg: Rgb(243, 243, 250), underline: Reset, modifier: NONE,
        x: 20, y: 18, fg: Rgb(25, 28, 32), bg: Rgb(237, 237, 244), underline: Reset, modifier: NONE,
        x: 21, y: 18, fg: Rgb(67, 71, 78), bg: Rgb(237, 237, 244), underline: Reset, modifier: NONE,
        x: 22, y: 18, fg: Reset, bg: Reset, underline: Reset, modifier: NONE,
        x: 23, y: 18, fg: Rgb(67, 71, 78), bg: Rgb(237, 237, 244), underline: Reset, modifier: NONE,
        x: 24, y: 18, fg: Rgb(25, 28, 32), bg: Rgb(237, 237, 244), underline: Reset, modifier: BOLD,
        x: 33, y: 18, fg: Rgb(25, 28, 32), bg: Rgb(237, 237, 244), underline: Reset, modifier: NONE,
        x: 140, y: 18, fg: Rgb(25, 28, 32), bg: Rgb(243, 243, 250), underline: Reset, modifier: NONE,
        x: 20, y: 19, fg: Rgb(25, 28, 32), bg: Rgb(237, 237, 244), underline: Reset, modifier: NONE,
        x: 140, y: 19, fg: Rgb(25, 28, 32), bg: Rgb(243, 243, 250), underline: Reset, modifier: NONE,
        x: 20, y: 20, fg: Rgb(25, 28, 32), bg: Rgb(237, 237, 244), underline: Reset, modifier: NONE,
        x: 21, y: 20, fg: Rgb(67, 71, 78), bg: Rgb(237, 237, 244), underline: Reset, modifier: NONE,
        x: 23, y: 20, fg: Rgb(25, 28, 32), bg: Rgb(237, 237, 244), underline: Reset, modifier: BOLD,
        x: 28, y: 20, fg: Rgb(25, 28, 32), bg: Rgb(237, 237, 244), underline: Reset, modifier: NONE,
        x: 140, y: 20, fg: Rgb(25, 28, 32), bg: Rgb(243, 243, 250), underline: Reset, modifier: NONE,
        x: 20, y: 21, fg: Rgb(25, 28, 32), bg: Rgb(237, 237, 244), underline: Reset, modifier: NONE,
        x: 140, y: 21, fg: Rgb(25, 28, 32), bg: Rgb(243, 243, 250), underline: Reset, modifier: NONE,
        x: 20, y: 22, fg: Rgb(25, 28, 32), bg: Rgb(237, 237, 244), underline: Reset, modifier: NONE,
        x: 23, y: 22, fg: Rgb(25, 28, 32), bg: Rgb(237, 237, 244), underline: Reset, modifier: BOLD,
        x: 38, y: 22, fg: Rgb(25, 28, 32), bg: Rgb(237, 237, 244), underline: Reset, modifier: NONE,
        x: 59, y: 22, fg: Rgb(50, 83, 131), bg: Rgb(237, 237, 244), underline: Reset, modifier: UNDERLINED,
        x: 65, y: 22, fg: Rgb(25, 28, 32), bg: Rgb(237, 237, 244), underline: Reset, modifier: NONE,
        x: 96, y: 22, fg: Rgb(50, 83, 131), bg: Rgb(237, 237, 244), underline: Reset, modifier: UNDERLINED,
        x: 111, y: 22, fg: Rgb(25, 28, 32), bg: Rgb(237, 237, 244), underline: Reset, modifier: NONE,
        x: 140, y: 22, fg: Rgb(25, 28, 32), bg: Rgb(243, 243, 250), underline: Reset, modifier: NONE,
        x: 20, y: 23, fg: Rgb(25, 28, 32), bg: Rgb(237, 237, 244), underline: Reset, modifier: NONE,
        x: 140, y: 23, fg: Rgb(25, 28, 32), bg: Rgb(243, 243, 250), underline: Reset, modifier: NONE,
        x: 20, y: 24, fg: Rgb(25, 28, 32), bg: Rgb(237, 237, 244), underline: Reset, modifier: NONE,
        x: 21, y: 24, fg: Rgb(67, 71, 78), bg: Rgb(237, 237, 244), underline: Reset, modifier: NONE,
        x: 24, y: 24, fg: Rgb(25, 28, 32), bg: Rgb(237, 237, 244), underline: Reset, modifier: BOLD,
        x: 31, y: 24, fg: Rgb(25, 28, 32), bg: Rgb(237, 237, 244), underline: Reset, modifier: NONE,
        x: 140, y: 24, fg: Rgb(25, 28, 32), bg: Rgb(243, 243, 250), underline: Reset, modifier: NONE,
        x: 20, y: 25, fg: Rgb(25, 28, 32), bg: Rgb(237, 237, 244), underline: Reset, modifier: NONE,
        x: 140, y: 25, fg: Rgb(25, 28, 32), bg: Rgb(243, 243, 250), underline: Reset, modifier: NONE,
        x: 20, y: 26, fg: Rgb(25, 28, 32), bg: Rgb(249, 249, 255), underline: Reset, modifier: NONE,
        x: 140, y: 26, fg: Rgb(25, 28, 32), bg: Rgb(243, 243, 250), underline: Reset, modifier: NONE,
        x: 20, y: 27, fg: Rgb(25, 28, 32), bg: Rgb(249, 249, 255), underline: Reset, modifier: NONE,
        x: 23, y: 27, fg: Rgb(0, 91, 103), bg: Rgb(249, 249, 255), underline: Reset, modifier: NONE,
        x: 28, y: 27, fg: Rgb(25, 28, 32), bg: Rgb(249, 249, 255), underline: Reset, modifier: NONE,
        x: 140, y: 27, fg: Rgb(25, 28, 32), bg: Rgb(243, 243, 250), underline: Reset, modifier: NONE,
        x: 0, y: 29, fg: Rgb(25, 28, 32), bg: Rgb(237, 237, 244), underline: Reset, modifier: NONE,
        x: 136, y: 29, fg: Rgb(67, 71, 78), bg: Rgb(237, 237, 244), underline: Reset, modifier: NONE,
        x: 149, y: 29, fg: Rgb(25, 28, 32), bg: Rgb(237, 237, 244), underline: Reset, modifier: NONE,
        x: 152, y: 29, fg: Rgb(50, 83, 131), bg: Rgb(237, 237, 244), underline: Reset, modifier: NONE,
        x: 153, y: 29, fg: Rgb(67, 71, 78), bg: Rgb(237, 237, 244), underline: Reset, modifier: NONE,
        x: 158, y: 29, fg: Rgb(25, 28, 32), bg: Rgb(237, 237, 244), underline: Reset, modifier: NONE,
    ]
}
