---
source: crates/app/src/snapshot_tests.rs
expression: render(&state)
---
Buffer {
    area: Rect { x: 0, y: 0, width: 100, height: 30 },
    content: [
        "  ◆ ghtui   octocat                                    ⌕ Type / to search                 @octocat  ",
        "   ◫ Overview   ▤ Repositories  8    ☆ Stars  120                                                   ",
        "──━━━━━━━━━━━━──────────────────────────────────────────────────────────────────────────────────────",
        "                                                                                                    ",
        "  The Octocat  octocat                                                                              ",
        "  Eight arms, one keyboard.                                                                         ",
        "  ⚇ 21.4k followers · 9 following   ◆ @github   ⌖ San Francisco   ↗ https://github.blog             ",
        "                                                                                                    ",
        "  ╭─ Pinned ────────────────────────────────────────────────────────────────────────────────────╮   ",
        "  │▌octocat/Hello-World                                                                  ☆ 3.1k │   ",
        "  │▌A keyboard-driven terminal client for GitHub                                                │   ",
        "  │▌● Rust   ⑂ 155   Updated 1d ago                                                             │   ",
        "  ╰─────────────────────────────────────────────────────────────────────────────────────────────╯   ",
        "                                                                                                    ",
        "                                                                                                    ",
        "                                                                                                    ",
        "                                                                                                    ",
        "                                                                                                    ",
        "                                                                                                    ",
        "                                                                                                    ",
        "                                                                                                    ",
        "                                                                                                    ",
        "                                                                                                    ",
        "                                                                                                    ",
        "                                                                                                    ",
        "                                                                                                    ",
        "                                                                                                    ",
        "                                                                                                    ",
        "                                                                                                    ",
        "  ↵ open   ←→ tabs   / search   o browser   y copy link   l links   space more       API 4987/5000  ",
    ],
    styles: [
        x: 0, y: 0, fg: Rgb(25, 28, 32), bg: Rgb(237, 237, 244), underline: Reset, modifier: NONE,
        x: 2, y: 0, fg: Rgb(50, 83, 131), bg: Rgb(237, 237, 244), underline: Reset, modifier: BOLD,
        x: 9, y: 0, fg: Rgb(25, 28, 32), bg: Rgb(237, 237, 244), underline: Reset, modifier: NONE,
        x: 12, y: 0, fg: Rgb(25, 28, 32), bg: Rgb(237, 237, 244), underline: Reset, modifier: BOLD,
        x: 19, y: 0, fg: Rgb(25, 28, 32), bg: Rgb(237, 237, 244), underline: Reset, modifier: NONE,
        x: 54, y: 0, fg: Rgb(25, 28, 32), bg: Rgb(226, 226, 233), underline: Reset, modifier: NONE,
        x: 55, y: 0, fg: Rgb(67, 71, 78), bg: Rgb(226, 226, 233), underline: Reset, modifier: NONE,
        x: 73, y: 0, fg: Rgb(25, 28, 32), bg: Rgb(226, 226, 233), underline: Reset, modifier: NONE,
        x: 87, y: 0, fg: Rgb(25, 28, 32), bg: Rgb(237, 237, 244), underline: Reset, modifier: NONE,
        x: 90, y: 0, fg: Rgb(67, 71, 78), bg: Rgb(237, 237, 244), underline: Reset, modifier: NONE,
        x: 98, y: 0, fg: Rgb(25, 28, 32), bg: Rgb(237, 237, 244), underline: Reset, modifier: NONE,
        x: 2, y: 1, fg: Rgb(67, 71, 78), bg: Rgb(237, 237, 244), underline: Reset, modifier: NONE,
        x: 5, y: 1, fg: Rgb(25, 28, 32), bg: Rgb(237, 237, 244), underline: Reset, modifier: BOLD,
        x: 13, y: 1, fg: Rgb(25, 28, 32), bg: Rgb(237, 237, 244), underline: Reset, modifier: NONE,
        x: 15, y: 1, fg: Rgb(67, 71, 78), bg: Rgb(237, 237, 244), underline: Reset, modifier: NONE,
        x: 18, y: 1, fg: Rgb(25, 28, 32), bg: Rgb(237, 237, 244), underline: Reset, modifier: NONE,
        x: 31, y: 1, fg: Rgb(25, 28, 32), bg: Rgb(226, 226, 233), underline: Reset, modifier: NONE,
        x: 34, y: 1, fg: Rgb(25, 28, 32), bg: Rgb(237, 237, 244), underline: Reset, modifier: NONE,
        x: 36, y: 1, fg: Rgb(67, 71, 78), bg: Rgb(237, 237, 244), underline: Reset, modifier: NONE,
        x: 39, y: 1, fg: Rgb(25, 28, 32), bg: Rgb(237, 237, 244), underline: Reset, modifier: NONE,
        x: 45, y: 1, fg: Rgb(25, 28, 32), bg: Rgb(226, 226, 233), underline: Reset, modifier: NONE,
        x: 50, y: 1, fg: Rgb(25, 28, 32), bg: Rgb(237, 237, 244), underline: Reset, modifier: NONE,
        x: 0, y: 2, fg: Rgb(190, 193, 201), bg: Rgb(237, 237, 244), underline: Reset, modifier: NONE,
        x: 2, y: 2, fg: Rgb(50, 83, 131), bg: Rgb(237, 237, 244), underline: Reset, modifier: NONE,
        x: 14, y: 2, fg: Rgb(190, 193, 201), bg: Rgb(237, 237, 244), underline: Reset, modifier: NONE,
        x: 0, y: 3, fg: Rgb(25, 28, 32), bg: Rgb(243, 243, 250), underline: Reset, modifier: NONE,
        x: 2, y: 4, fg: Rgb(25, 28, 32), bg: Rgb(243, 243, 250), underline: Reset, modifier: BOLD,
        x: 13, y: 4, fg: Rgb(67, 71, 78), bg: Rgb(243, 243, 250), underline: Reset, modifier: NONE,
        x: 22, y: 4, fg: Rgb(25, 28, 32), bg: Rgb(243, 243, 250), underline: Reset, modifier: NONE,
        x: 2, y: 6, fg: Rgb(67, 71, 78), bg: Rgb(243, 243, 250), underline: Reset, modifier: NONE,
        x: 68, y: 6, fg: Rgb(50, 83, 131), bg: Rgb(243, 243, 250), underline: Reset, modifier: NONE,
        x: 87, y: 6, fg: Rgb(25, 28, 32), bg: Rgb(243, 243, 250), underline: Reset, modifier: NONE,
        x: 2, y: 8, fg: Rgb(190, 193, 201), bg: Rgb(243, 243, 250), underline: Reset, modifier: NONE,
        x: 4, y: 8, fg: Rgb(25, 28, 32), bg: Rgb(243, 243, 250), underline: Reset, modifier: NONE,
        x: 5, y: 8, fg: Rgb(25, 28, 32), bg: Rgb(243, 243, 250), underline: Reset, modifier: BOLD,
        x: 11, y: 8, fg: Rgb(25, 28, 32), bg: Rgb(243, 243, 250), underline: Reset, modifier: NONE,
        x: 12, y: 8, fg: Rgb(190, 193, 201), bg: Rgb(243, 243, 250), underline: Reset, modifier: NONE,
        x: 97, y: 8, fg: Rgb(25, 28, 32), bg: Rgb(243, 243, 250), underline: Reset, modifier: NONE,
        x: 2, y: 9, fg: Rgb(190, 193, 201), bg: Rgb(243, 243, 250), underline: Reset, modifier: NONE,
        x: 3, y: 9, fg: Rgb(50, 83, 131), bg: Rgb(221, 225, 237), underline: Reset, modifier: NONE,
        x: 23, y: 9, fg: Rgb(25, 28, 32), bg: Rgb(221, 225, 237), underline: Reset, modifier: NONE,
        x: 89, y: 9, fg: Rgb(67, 71, 78), bg: Rgb(221, 225, 237), underline: Reset, modifier: NONE,
        x: 95, y: 9, fg: Rgb(25, 28, 32), bg: Rgb(221, 225, 237), underline: Reset, modifier: NONE,
        x: 96, y: 9, fg: Rgb(190, 193, 201), bg: Rgb(243, 243, 250), underline: Reset, modifier: NONE,
        x: 97, y: 9, fg: Rgb(25, 28, 32), bg: Rgb(243, 243, 250), underline: Reset, modifier: NONE,
        x: 2, y: 10, fg: Rgb(190, 193, 201), bg: Rgb(243, 243, 250), underline: Reset, modifier: NONE,
        x: 3, y: 10, fg: Rgb(50, 83, 131), bg: Rgb(221, 225, 237), underline: Reset, modifier: NONE,
        x: 4, y: 10, fg: Rgb(25, 28, 32), bg: Rgb(221, 225, 237), underline: Reset, modifier: NONE,
        x: 96, y: 10, fg: Rgb(190, 193, 201), bg: Rgb(243, 243, 250), underline: Reset, modifier: NONE,
        x: 97, y: 10, fg: Rgb(25, 28, 32), bg: Rgb(243, 243, 250), underline: Reset, modifier: NONE,
        x: 2, y: 11, fg: Rgb(190, 193, 201), bg: Rgb(243, 243, 250), underline: Reset, modifier: NONE,
        x: 3, y: 11, fg: Rgb(50, 83, 131), bg: Rgb(221, 225, 237), underline: Reset, modifier: NONE,
        x: 6, y: 11, fg: Rgb(67, 71, 78), bg: Rgb(221, 225, 237), underline: Reset, modifier: NONE,
        x: 35, y: 11, fg: Rgb(25, 28, 32), bg: Rgb(221, 225, 237), underline: Reset, modifier: NONE,
        x: 96, y: 11, fg: Rgb(190, 193, 201), bg: Rgb(243, 243, 250), underline: Reset, modifier: NONE,
        x: 97, y: 11, fg: Rgb(25, 28, 32), bg: Rgb(243, 243, 250), underline: Reset, modifier: NONE,
        x: 2, y: 12, fg: Rgb(190, 193, 201), bg: Rgb(243, 243, 250), underline: Reset, modifier: NONE,
        x: 97, y: 12, fg: Rgb(25, 28, 32), bg: Rgb(243, 243, 250), underline: Reset, modifier: NONE,
        x: 0, y: 29, fg: Rgb(25, 28, 32), bg: Rgb(237, 237, 244), underline: Reset, modifier: NONE,
        x: 2, y: 29, fg: Rgb(50, 83, 131), bg: Rgb(237, 237, 244), underline: Reset, modifier: BOLD,
        x: 3, y: 29, fg: Rgb(67, 71, 78), bg: Rgb(237, 237, 244), underline: Reset, modifier: NONE,
        x: 8, y: 29, fg: Rgb(25, 28, 32), bg: Rgb(237, 237, 244), underline: Reset, modifier: NONE,
        x: 11, y: 29, fg: Rgb(50, 83, 131), bg: Rgb(237, 237, 244), underline: Reset, modifier: BOLD,
        x: 13, y: 29, fg: Rgb(67, 71, 78), bg: Rgb(237, 237, 244), underline: Reset, modifier: NONE,
        x: 18, y: 29, fg: Rgb(25, 28, 32), bg: Rgb(237, 237, 244), underline: Reset, modifier: NONE,
        x: 21, y: 29, fg: Rgb(50, 83, 131), bg: Rgb(237, 237, 244), underline: Reset, modifier: BOLD,
        x: 22, y: 29, fg: Rgb(67, 71, 78), bg: Rgb(237, 237, 244), underline: Reset, modifier: NONE,
        x: 29, y: 29, fg: Rgb(25, 28, 32), bg: Rgb(237, 237, 244), underline: Reset, modifier: NONE,
        x: 32, y: 29, fg: Rgb(50, 83, 131), bg: Rgb(237, 237, 244), underline: Reset, modifier: BOLD,
        x: 33, y: 29, fg: Rgb(67, 71, 78), bg: Rgb(237, 237, 244), underline: Reset, modifier: NONE,
        x: 41, y: 29, fg: Rgb(25, 28, 32), bg: Rgb(237, 237, 244), underline: Reset, modifier: NONE,
        x: 44, y: 29, fg: Rgb(50, 83, 131), bg: Rgb(237, 237, 244), underline: Reset, modifier: BOLD,
        x: 45, y: 29, fg: Rgb(67, 71, 78), bg: Rgb(237, 237, 244), underline: Reset, modifier: NONE,
        x: 55, y: 29, fg: Rgb(25, 28, 32), bg: Rgb(237, 237, 244), underline: Reset, modifier: NONE,
        x: 58, y: 29, fg: Rgb(50, 83, 131), bg: Rgb(237, 237, 244), underline: Reset, modifier: BOLD,
        x: 59, y: 29, fg: Rgb(67, 71, 78), bg: Rgb(237, 237, 244), underline: Reset, modifier: NONE,
        x: 65, y: 29, fg: Rgb(25, 28, 32), bg: Rgb(237, 237, 244), underline: Reset, modifier: NONE,
        x: 68, y: 29, fg: Rgb(50, 83, 131), bg: Rgb(237, 237, 244), underline: Reset, modifier: BOLD,
        x: 73, y: 29, fg: Rgb(67, 71, 78), bg: Rgb(237, 237, 244), underline: Reset, modifier: NONE,
        x: 78, y: 29, fg: Rgb(25, 28, 32), bg: Rgb(237, 237, 244), underline: Reset, modifier: NONE,
        x: 85, y: 29, fg: Rgb(67, 71, 78), bg: Rgb(237, 237, 244), underline: Reset, modifier: NONE,
        x: 98, y: 29, fg: Rgb(25, 28, 32), bg: Rgb(237, 237, 244), underline: Reset, modifier: NONE,
    ]
}
