---
source: crates/app/src/snapshot_tests.rs
expression: render(&state)
---
Buffer {
    area: Rect { x: 0, y: 0, width: 100, height: 30 },
    content: [
        "  ghtui   Inbox   gold-silver-copper/ghtui#12                                             @octocat  ",
        "  Couldn't refresh: rate limited by GitHub; retry in 42s                                   r retry  ",
        "                                                                                                    ",
        "  Theme: generate syntax palette from seed  #12                                                     ",
        "                                                                                                    ",
        "   ● Open   Approved   ✗ Checks failing   Conflicts   enhancement   theme                           ",
        "                                                                                                    ",
        "  octocat wants to merge octocat:syntax-palette into main                                           ",
        "  Opened 3d ago · updated 3h ago                                                                    ",
        "  +120 −34 · 7 files changed · 3 comments · head fedcba9                                            ",
        "                                                                                                    ",
        "  Derives keyword, string and type colors from the seed's HCT palettes.                             ",
        "                                                                                                    ",
        "  Every syntax role is now checked against every diff background, in both schemes and at both       ",
        "  color depths.                                                                                     ",
        "                                                                                                    ",
        "  Press <Enter> to view the diff, or o to open on GitHub ↗                                          ",
        "                                                                                                    ",
        "                                                                                                    ",
        "                                                                                                    ",
        "                                                                                                    ",
        "                                                                                                    ",
        "                                                                                                    ",
        "                                                                                                    ",
        "                                                                                                    ",
        "                                                                                                    ",
        "                                                                                                    ",
        "                                                                                                    ",
        "                                                                                                    ",
        "                                                                            API 4987/5000   ? help  ",
    ],
    styles: [
        x: 0, y: 0, fg: Rgb(226, 226, 233), bg: Rgb(29, 32, 36), underline: Reset, modifier: NONE,
        x: 2, y: 0, fg: Rgb(169, 199, 255), bg: Rgb(29, 32, 36), underline: Reset, modifier: BOLD,
        x: 7, y: 0, fg: Rgb(226, 226, 233), bg: Rgb(29, 32, 36), underline: Reset, modifier: NONE,
        x: 9, y: 0, fg: Rgb(196, 198, 207), bg: Rgb(29, 32, 36), underline: Reset, modifier: NONE,
        x: 16, y: 0, fg: Rgb(226, 226, 233), bg: Rgb(29, 32, 36), underline: Reset, modifier: NONE,
        x: 17, y: 0, fg: Rgb(217, 227, 249), bg: Rgb(62, 71, 88), underline: Reset, modifier: BOLD,
        x: 46, y: 0, fg: Rgb(226, 226, 233), bg: Rgb(29, 32, 36), underline: Reset, modifier: NONE,
        x: 90, y: 0, fg: Rgb(196, 198, 207), bg: Rgb(29, 32, 36), underline: Reset, modifier: NONE,
        x: 98, y: 0, fg: Rgb(226, 226, 233), bg: Rgb(29, 32, 36), underline: Reset, modifier: NONE,
        x: 0, y: 1, fg: Rgb(255, 218, 214), bg: Rgb(147, 0, 10), underline: Reset, modifier: NONE,
        x: 91, y: 1, fg: Rgb(255, 218, 214), bg: Rgb(147, 0, 10), underline: Reset, modifier: BOLD,
        x: 98, y: 1, fg: Rgb(255, 218, 214), bg: Rgb(147, 0, 10), underline: Reset, modifier: NONE,
        x: 0, y: 2, fg: Rgb(226, 226, 233), bg: Rgb(25, 28, 32), underline: Reset, modifier: NONE,
        x: 2, y: 3, fg: Rgb(226, 226, 233), bg: Rgb(25, 28, 32), underline: Reset, modifier: BOLD,
        x: 42, y: 3, fg: Rgb(196, 198, 207), bg: Rgb(25, 28, 32), underline: Reset, modifier: NONE,
        x: 47, y: 3, fg: Rgb(226, 226, 233), bg: Rgb(25, 28, 32), underline: Reset, modifier: NONE,
        x: 2, y: 5, fg: Rgb(169, 242, 204), bg: Rgb(0, 82, 55), underline: Reset, modifier: NONE,
        x: 10, y: 5, fg: Rgb(226, 226, 233), bg: Rgb(25, 28, 32), underline: Reset, modifier: NONE,
        x: 11, y: 5, fg: Rgb(169, 242, 204), bg: Rgb(0, 82, 55), underline: Reset, modifier: NONE,
        x: 21, y: 5, fg: Rgb(226, 226, 233), bg: Rgb(25, 28, 32), underline: Reset, modifier: NONE,
        x: 22, y: 5, fg: Rgb(255, 218, 214), bg: Rgb(147, 0, 10), underline: Reset, modifier: NONE,
        x: 40, y: 5, fg: Rgb(226, 226, 233), bg: Rgb(25, 28, 32), underline: Reset, modifier: NONE,
        x: 41, y: 5, fg: Rgb(255, 218, 214), bg: Rgb(147, 0, 10), underline: Reset, modifier: NONE,
        x: 52, y: 5, fg: Rgb(226, 226, 233), bg: Rgb(25, 28, 32), underline: Reset, modifier: NONE,
        x: 53, y: 5, fg: Rgb(187, 235, 236), bg: Rgb(0, 79, 81), underline: Reset, modifier: NONE,
        x: 66, y: 5, fg: Rgb(226, 226, 233), bg: Rgb(25, 28, 32), underline: Reset, modifier: NONE,
        x: 67, y: 5, fg: Rgb(229, 222, 255), bg: Rgb(70, 62, 126), underline: Reset, modifier: NONE,
        x: 74, y: 5, fg: Rgb(226, 226, 233), bg: Rgb(25, 28, 32), underline: Reset, modifier: NONE,
        x: 2, y: 7, fg: Rgb(226, 226, 233), bg: Rgb(25, 28, 32), underline: Reset, modifier: BOLD,
        x: 9, y: 7, fg: Rgb(196, 198, 207), bg: Rgb(25, 28, 32), underline: Reset, modifier: NONE,
        x: 25, y: 7, fg: Rgb(226, 226, 233), bg: Rgb(25, 28, 32), underline: Reset, modifier: BOLD,
        x: 47, y: 7, fg: Rgb(196, 198, 207), bg: Rgb(25, 28, 32), underline: Reset, modifier: NONE,
        x: 53, y: 7, fg: Rgb(226, 226, 233), bg: Rgb(25, 28, 32), underline: Reset, modifier: BOLD,
        x: 57, y: 7, fg: Rgb(226, 226, 233), bg: Rgb(25, 28, 32), underline: Reset, modifier: NONE,
        x: 2, y: 8, fg: Rgb(196, 198, 207), bg: Rgb(25, 28, 32), underline: Reset, modifier: NONE,
        x: 32, y: 8, fg: Rgb(226, 226, 233), bg: Rgb(25, 28, 32), underline: Reset, modifier: NONE,
        x: 2, y: 9, fg: Rgb(110, 219, 169), bg: Rgb(25, 28, 32), underline: Reset, modifier: NONE,
        x: 6, y: 9, fg: Rgb(226, 226, 233), bg: Rgb(25, 28, 32), underline: Reset, modifier: NONE,
        x: 7, y: 9, fg: Rgb(255, 177, 192), bg: Rgb(25, 28, 32), underline: Reset, modifier: NONE,
        x: 10, y: 9, fg: Rgb(196, 198, 207), bg: Rgb(25, 28, 32), underline: Reset, modifier: NONE,
        x: 56, y: 9, fg: Rgb(226, 226, 233), bg: Rgb(25, 28, 32), underline: Reset, modifier: NONE,
        x: 2, y: 16, fg: Rgb(196, 198, 207), bg: Rgb(25, 28, 32), underline: Reset, modifier: NONE,
        x: 8, y: 16, fg: Rgb(169, 199, 255), bg: Rgb(25, 28, 32), underline: Reset, modifier: BOLD,
        x: 15, y: 16, fg: Rgb(196, 198, 207), bg: Rgb(25, 28, 32), underline: Reset, modifier: NONE,
        x: 37, y: 16, fg: Rgb(169, 199, 255), bg: Rgb(25, 28, 32), underline: Reset, modifier: BOLD,
        x: 38, y: 16, fg: Rgb(196, 198, 207), bg: Rgb(25, 28, 32), underline: Reset, modifier: NONE,
        x: 58, y: 16, fg: Rgb(226, 226, 233), bg: Rgb(25, 28, 32), underline: Reset, modifier: NONE,
        x: 0, y: 29, fg: Rgb(226, 226, 233), bg: Rgb(29, 32, 36), underline: Reset, modifier: NONE,
        x: 76, y: 29, fg: Rgb(196, 198, 207), bg: Rgb(29, 32, 36), underline: Reset, modifier: NONE,
        x: 89, y: 29, fg: Rgb(226, 226, 233), bg: Rgb(29, 32, 36), underline: Reset, modifier: NONE,
        x: 92, y: 29, fg: Rgb(169, 199, 255), bg: Rgb(29, 32, 36), underline: Reset, modifier: NONE,
        x: 93, y: 29, fg: Rgb(196, 198, 207), bg: Rgb(29, 32, 36), underline: Reset, modifier: NONE,
        x: 98, y: 29, fg: Rgb(226, 226, 233), bg: Rgb(29, 32, 36), underline: Reset, modifier: NONE,
    ]
}
