---
source: crates/app/src/snapshot_tests.rs
expression: "render(&with_inbox(Mode::Dark, ColorDepth::TrueColor))"
---
Buffer {
    area: Rect { x: 0, y: 0, width: 100, height: 30 },
    content: [
        "  ◆ ghtui   Home                       ⌕ Type / to search                 ⇄ 2 to review   @octocat  ",
        "                                                                                                    ",
        "  ╭─ Review requests  2 ───────────────────────────────────────────────────────────── View all ─╮   ",
        "  │▌● Add a virtualized list widget for very long collections                                   │   ",
        "  │▌  ratatui/ratatui#1820 updated 3h ago by octocat · Review required                  ✓  💬 3 │   ", // hidden by multi-width symbols: [(92, " ")]
        "  ├─────────────────────────────────────────────────────────────────────────────────────────────┤   ",
        "  │ ○ Fix waker leak in the multi-thread scheduler when tasks are cancelled during shutdown     │   ",
        "  │   tokio-rs/tokio#7001 updated 3h ago by octocat                                     ●  💬 3 │   ", // hidden by multi-width symbols: [(92, " ")]
        "  ╰─────────────────────────────────────────────────────────────────────────────────────────────╯   ",
        "                                                                                                    ",
        "  ╭─ Your pull requests  31 ───────────────────────────────────────────────────────── View all ─╮   ",
        "  │ ● Theme: generate syntax palette from seed                                                  │   ",
        "  │   gold-silver-copper/ghtui#12 updated 3h ago by octocat · Approved                  ✗  💬 3 │   ", // hidden by multi-width symbols: [(92, " ")]
        "  ├─────────────────────────────────────────────────────────────────────────────────────────────┤   ",
        "  │ ● Cache GraphQL responses in redb                                                           │   ",
        "  │   gold-silver-copper/ghtui#9 updated 3h ago by octocat · Changes requested             💬 3 │   ", // hidden by multi-width symbols: [(92, " ")]
        "  ╰─────────────────────────────────────────────────────────────────────────────────────────────╯   ",
        "                                                                                                    ",
        "  ╭─ Your repositories ────────────────────────────────────────────────────────────── View all ─╮   ",
        "  │ gold-silver-copper/ghtui                                                             ☆ 1.2k │   ",
        "  │ A keyboard-driven terminal client for GitHub                                                │   ",
        "  │ ● Rust   ⑂ 61   Updated 1d ago                                                              │   ",
        "  ├─────────────────────────────────────────────────────────────────────────────────────────────┤   ",
        "  │ gold-silver-copper/fux                                                                 ☆ 87 │   ",
        "  │ A keyboard-driven terminal client for GitHub                                                │   ",
        "  │ ● Rust   ⑂ 4   Updated 1d ago                                                               │   ",
        "  ╰─────────────────────────────────────────────────────────────────────────────────────────────╯   ",
        "                                                                                                    ",
        "                                                                                                    ",
        "  ↵ open   f links   / search   o browser   y copy link   . more   ? keys            API 4987/5000  ",
    ],
    styles: [
        x: 0, y: 0, fg: Rgb(226, 226, 233), bg: Rgb(29, 32, 36), underline: Reset, modifier: NONE,
        x: 2, y: 0, fg: Rgb(169, 199, 255), bg: Rgb(29, 32, 36), underline: Reset, modifier: BOLD,
        x: 9, y: 0, fg: Rgb(226, 226, 233), bg: Rgb(29, 32, 36), underline: Reset, modifier: NONE,
        x: 12, y: 0, fg: Rgb(226, 226, 233), bg: Rgb(29, 32, 36), underline: Reset, modifier: BOLD,
        x: 16, y: 0, fg: Rgb(226, 226, 233), bg: Rgb(29, 32, 36), underline: Reset, modifier: NONE,
        x: 38, y: 0, fg: Rgb(226, 226, 233), bg: Rgb(51, 53, 58), underline: Reset, modifier: NONE,
        x: 39, y: 0, fg: Rgb(196, 198, 207), bg: Rgb(51, 53, 58), underline: Reset, modifier: NONE,
        x: 57, y: 0, fg: Rgb(226, 226, 233), bg: Rgb(51, 53, 58), underline: Reset, modifier: NONE,
        x: 71, y: 0, fg: Rgb(226, 226, 233), bg: Rgb(29, 32, 36), underline: Reset, modifier: NONE,
        x: 74, y: 0, fg: Rgb(196, 198, 207), bg: Rgb(29, 32, 36), underline: Reset, modifier: NONE,
        x: 87, y: 0, fg: Rgb(226, 226, 233), bg: Rgb(29, 32, 36), underline: Reset, modifier: NONE,
        x: 90, y: 0, fg: Rgb(196, 198, 207), bg: Rgb(29, 32, 36), underline: Reset, modifier: NONE,
        x: 98, y: 0, fg: Rgb(226, 226, 233), bg: Rgb(29, 32, 36), underline: Reset, modifier: NONE,
        x: 0, y: 1, fg: Rgb(226, 226, 233), bg: Rgb(25, 28, 32), underline: Reset, modifier: NONE,
        x: 2, y: 2, fg: Rgb(72, 76, 83), bg: Rgb(25, 28, 32), underline: Reset, modifier: NONE,
        x: 4, y: 2, fg: Rgb(226, 226, 233), bg: Rgb(25, 28, 32), underline: Reset, modifier: NONE,
        x: 5, y: 2, fg: Rgb(226, 226, 233), bg: Rgb(25, 28, 32), underline: Reset, modifier: BOLD,
        x: 20, y: 2, fg: Rgb(196, 198, 207), bg: Rgb(25, 28, 32), underline: Reset, modifier: NONE,
        x: 23, y: 2, fg: Rgb(226, 226, 233), bg: Rgb(25, 28, 32), underline: Reset, modifier: NONE,
        x: 24, y: 2, fg: Rgb(72, 76, 83), bg: Rgb(25, 28, 32), underline: Reset, modifier: NONE,
        x: 85, y: 2, fg: Rgb(226, 226, 233), bg: Rgb(25, 28, 32), underline: Reset, modifier: NONE,
        x: 86, y: 2, fg: Rgb(169, 199, 255), bg: Rgb(25, 28, 32), underline: Reset, modifier: NONE,
        x: 94, y: 2, fg: Rgb(226, 226, 233), bg: Rgb(25, 28, 32), underline: Reset, modifier: NONE,
        x: 95, y: 2, fg: Rgb(72, 76, 83), bg: Rgb(25, 28, 32), underline: Reset, modifier: NONE,
        x: 97, y: 2, fg: Rgb(226, 226, 233), bg: Rgb(25, 28, 32), underline: Reset, modifier: NONE,
        x: 2, y: 3, fg: Rgb(72, 76, 83), bg: Rgb(25, 28, 32), underline: Reset, modifier: NONE,
        x: 3, y: 3, fg: Rgb(169, 199, 255), bg: Rgb(42, 49, 59), underline: Reset, modifier: NONE,
        x: 4, y: 3, fg: Rgb(110, 219, 169), bg: Rgb(42, 49, 59), underline: Reset, modifier: NONE,
        x: 6, y: 3, fg: Rgb(226, 226, 233), bg: Rgb(42, 49, 59), underline: Reset, modifier: BOLD,
        x: 61, y: 3, fg: Rgb(226, 226, 233), bg: Rgb(42, 49, 59), underline: Reset, modifier: NONE,
        x: 96, y: 3, fg: Rgb(72, 76, 83), bg: Rgb(25, 28, 32), underline: Reset, modifier: NONE,
        x: 97, y: 3, fg: Rgb(226, 226, 233), bg: Rgb(25, 28, 32), underline: Reset, modifier: NONE,
        x: 2, y: 4, fg: Rgb(72, 76, 83), bg: Rgb(25, 28, 32), underline: Reset, modifier: NONE,
        x: 3, y: 4, fg: Rgb(169, 199, 255), bg: Rgb(42, 49, 59), underline: Reset, modifier: NONE,
        x: 4, y: 4, fg: Rgb(226, 226, 233), bg: Rgb(42, 49, 59), underline: Reset, modifier: NONE,
        x: 6, y: 4, fg: Rgb(196, 198, 207), bg: Rgb(42, 49, 59), underline: Reset, modifier: NONE,
        x: 70, y: 4, fg: Rgb(226, 226, 233), bg: Rgb(42, 49, 59), underline: Reset, modifier: NONE,
        x: 88, y: 4, fg: Rgb(110, 219, 169), bg: Rgb(42, 49, 59), underline: Reset, modifier: NONE,
        x: 91, y: 4, fg: Rgb(196, 198, 207), bg: Rgb(42, 49, 59), underline: Reset, modifier: NONE,
        x: 92, y: 4, fg: Reset, bg: Reset, underline: Reset, modifier: NONE,
        x: 93, y: 4, fg: Rgb(196, 198, 207), bg: Rgb(42, 49, 59), underline: Reset, modifier: NONE,
        x: 95, y: 4, fg: Rgb(226, 226, 233), bg: Rgb(42, 49, 59), underline: Reset, modifier: NONE,
        x: 96, y: 4, fg: Rgb(72, 76, 83), bg: Rgb(25, 28, 32), underline: Reset, modifier: NONE,
        x: 97, y: 4, fg: Rgb(226, 226, 233), bg: Rgb(25, 28, 32), underline: Reset, modifier: NONE,
        x: 2, y: 5, fg: Rgb(72, 76, 83), bg: Rgb(25, 28, 32), underline: Reset, modifier: NONE,
        x: 97, y: 5, fg: Rgb(226, 226, 233), bg: Rgb(25, 28, 32), underline: Reset, modifier: NONE,
        x: 2, y: 6, fg: Rgb(72, 76, 83), bg: Rgb(25, 28, 32), underline: Reset, modifier: NONE,
        x: 3, y: 6, fg: Rgb(226, 226, 233), bg: Rgb(25, 28, 32), underline: Reset, modifier: NONE,
        x: 4, y: 6, fg: Rgb(196, 198, 207), bg: Rgb(25, 28, 32), underline: Reset, modifier: NONE,
        x: 6, y: 6, fg: Rgb(226, 226, 233), bg: Rgb(25, 28, 32), underline: Reset, modifier: BOLD,
        x: 91, y: 6, fg: Rgb(226, 226, 233), bg: Rgb(25, 28, 32), underline: Reset, modifier: NONE,
        x: 96, y: 6, fg: Rgb(72, 76, 83), bg: Rgb(25, 28, 32), underline: Reset, modifier: NONE,
        x: 97, y: 6, fg: Rgb(226, 226, 233), bg: Rgb(25, 28, 32), underline: Reset, modifier: NONE,
        x: 2, y: 7, fg: Rgb(72, 76, 83), bg: Rgb(25, 28, 32), underline: Reset, modifier: NONE,
        x: 3, y: 7, fg: Rgb(226, 226, 233), bg: Rgb(25, 28, 32), underline: Reset, modifier: NONE,
        x: 6, y: 7, fg: Rgb(196, 198, 207), bg: Rgb(25, 28, 32), underline: Reset, modifier: NONE,
        x: 51, y: 7, fg: Rgb(226, 226, 233), bg: Rgb(25, 28, 32), underline: Reset, modifier: NONE,
        x: 88, y: 7, fg: Rgb(169, 199, 255), bg: Rgb(25, 28, 32), underline: Reset, modifier: NONE,
        x: 91, y: 7, fg: Rgb(196, 198, 207), bg: Rgb(25, 28, 32), underline: Reset, modifier: NONE,
        x: 92, y: 7, fg: Reset, bg: Reset, underline: Reset, modifier: NONE,
        x: 93, y: 7, fg: Rgb(196, 198, 207), bg: Rgb(25, 28, 32), underline: Reset, modifier: NONE,
        x: 95, y: 7, fg: Rgb(226, 226, 233), bg: Rgb(25, 28, 32), underline: Reset, modifier: NONE,
        x: 96, y: 7, fg: Rgb(72, 76, 83), bg: Rgb(25, 28, 32), underline: Reset, modifier: NONE,
        x: 97, y: 7, fg: Rgb(226, 226, 233), bg: Rgb(25, 28, 32), underline: Reset, modifier: NONE,
        x: 2, y: 8, fg: Rgb(72, 76, 83), bg: Rgb(25, 28, 32), underline: Reset, modifier: NONE,
        x: 97, y: 8, fg: Rgb(226, 226, 233), bg: Rgb(25, 28, 32), underline: Reset, modifier: NONE,
        x: 2, y: 10, fg: Rgb(72, 76, 83), bg: Rgb(25, 28, 32), underline: Reset, modifier: NONE,
        x: 4, y: 10, fg: Rgb(226, 226, 233), bg: Rgb(25, 28, 32), underline: Reset, modifier: NONE,
        x: 5, y: 10, fg: Rgb(226, 226, 233), bg: Rgb(25, 28, 32), underline: Reset, modifier: BOLD,
        x: 23, y: 10, fg: Rgb(196, 198, 207), bg: Rgb(25, 28, 32), underline: Reset, modifier: NONE,
        x: 27, y: 10, fg: Rgb(226, 226, 233), bg: Rgb(25, 28, 32), underline: Reset, modifier: NONE,
        x: 28, y: 10, fg: Rgb(72, 76, 83), bg: Rgb(25, 28, 32), underline: Reset, modifier: NONE,
        x: 85, y: 10, fg: Rgb(226, 226, 233), bg: Rgb(25, 28, 32), underline: Reset, modifier: NONE,
        x: 86, y: 10, fg: Rgb(169, 199, 255), bg: Rgb(25, 28, 32), underline: Reset, modifier: NONE,
        x: 94, y: 10, fg: Rgb(226, 226, 233), bg: Rgb(25, 28, 32), underline: Reset, modifier: NONE,
        x: 95, y: 10, fg: Rgb(72, 76, 83), bg: Rgb(25, 28, 32), underline: Reset, modifier: NONE,
        x: 97, y: 10, fg: Rgb(226, 226, 233), bg: Rgb(25, 28, 32), underline: Reset, modifier: NONE,
        x: 2, y: 11, fg: Rgb(72, 76, 83), bg: Rgb(25, 28, 32), underline: Reset, modifier: NONE,
        x: 3, y: 11, fg: Rgb(226, 226, 233), bg: Rgb(25, 28, 32), underline: Reset, modifier: NONE,
        x: 4, y: 11, fg: Rgb(110, 219, 169), bg: Rgb(25, 28, 32), underline: Reset, modifier: NONE,
        x: 6, y: 11, fg: Rgb(226, 226, 233), bg: Rgb(25, 28, 32), underline: Reset, modifier: BOLD,
        x: 46, y: 11, fg: Rgb(226, 226, 233), bg: Rgb(25, 28, 32), underline: Reset, modifier: NONE,
        x: 96, y: 11, fg: Rgb(72, 76, 83), bg: Rgb(25, 28, 32), underline: Reset, modifier: NONE,
        x: 97, y: 11, fg: Rgb(226, 226, 233), bg: Rgb(25, 28, 32), underline: Reset, modifier: NONE,
        x: 2, y: 12, fg: Rgb(72, 76, 83), bg: Rgb(25, 28, 32), underline: Reset, modifier: NONE,
        x: 3, y: 12, fg: Rgb(226, 226, 233), bg: Rgb(25, 28, 32), underline: Reset, modifier: NONE,
        x: 6, y: 12, fg: Rgb(196, 198, 207), bg: Rgb(25, 28, 32), underline: Reset, modifier: NONE,
        x: 62, y: 12, fg: Rgb(110, 219, 169), bg: Rgb(25, 28, 32), underline: Reset, modifier: NONE,
        x: 70, y: 12, fg: Rgb(226, 226, 233), bg: Rgb(25, 28, 32), underline: Reset, modifier: NONE,
        x: 88, y: 12, fg: Rgb(255, 180, 171), bg: Rgb(25, 28, 32), underline: Reset, modifier: NONE,
        x: 91, y: 12, fg: Rgb(196, 198, 207), bg: Rgb(25, 28, 32), underline: Reset, modifier: NONE,
        x: 92, y: 12, fg: Reset, bg: Reset, underline: Reset, modifier: NONE,
        x: 93, y: 12, fg: Rgb(196, 198, 207), bg: Rgb(25, 28, 32), underline: Reset, modifier: NONE,
        x: 95, y: 12, fg: Rgb(226, 226, 233), bg: Rgb(25, 28, 32), underline: Reset, modifier: NONE,
        x: 96, y: 12, fg: Rgb(72, 76, 83), bg: Rgb(25, 28, 32), underline: Reset, modifier: NONE,
        x: 97, y: 12, fg: Rgb(226, 226, 233), bg: Rgb(25, 28, 32), underline: Reset, modifier: NONE,
        x: 2, y: 13, fg: Rgb(72, 76, 83), bg: Rgb(25, 28, 32), underline: Reset, modifier: NONE,
        x: 97, y: 13, fg: Rgb(226, 226, 233), bg: Rgb(25, 28, 32), underline: Reset, modifier: NONE,
        x: 2, y: 14, fg: Rgb(72, 76, 83), bg: Rgb(25, 28, 32), underline: Reset, modifier: NONE,
        x: 3, y: 14, fg: Rgb(226, 226, 233), bg: Rgb(25, 28, 32), underline: Reset, modifier: NONE,
        x: 4, y: 14, fg: Rgb(110, 219, 169), bg: Rgb(25, 28, 32), underline: Reset, modifier: NONE,
        x: 6, y: 14, fg: Rgb(226, 226, 233), bg: Rgb(25, 28, 32), underline: Reset, modifier: BOLD,
        x: 37, y: 14, fg: Rgb(226, 226, 233), bg: Rgb(25, 28, 32), underline: Reset, modifier: NONE,
        x: 96, y: 14, fg: Rgb(72, 76, 83), bg: Rgb(25, 28, 32), underline: Reset, modifier: NONE,
        x: 97, y: 14, fg: Rgb(226, 226, 233), bg: Rgb(25, 28, 32), underline: Reset, modifier: NONE,
        x: 2, y: 15, fg: Rgb(72, 76, 83), bg: Rgb(25, 28, 32), underline: Reset, modifier: NONE,
        x: 3, y: 15, fg: Rgb(226, 226, 233), bg: Rgb(25, 28, 32), underline: Reset, modifier: NONE,
        x: 6, y: 15, fg: Rgb(196, 198, 207), bg: Rgb(25, 28, 32), underline: Reset, modifier: NONE,
        x: 61, y: 15, fg: Rgb(255, 180, 171), bg: Rgb(25, 28, 32), underline: Reset, modifier: NONE,
        x: 78, y: 15, fg: Rgb(226, 226, 233), bg: Rgb(25, 28, 32), underline: Reset, modifier: NONE,
        x: 91, y: 15, fg: Rgb(196, 198, 207), bg: Rgb(25, 28, 32), underline: Reset, modifier: NONE,
        x: 92, y: 15, fg: Reset, bg: Reset, underline: Reset, modifier: NONE,
        x: 93, y: 15, fg: Rgb(196, 198, 207), bg: Rgb(25, 28, 32), underline: Reset, modifier: NONE,
        x: 95, y: 15, fg: Rgb(226, 226, 233), bg: Rgb(25, 28, 32), underline: Reset, modifier: NONE,
        x: 96, y: 15, fg: Rgb(72, 76, 83), bg: Rgb(25, 28, 32), underline: Reset, modifier: NONE,
        x: 97, y: 15, fg: Rgb(226, 226, 233), bg: Rgb(25, 28, 32), underline: Reset, modifier: NONE,
        x: 2, y: 16, fg: Rgb(72, 76, 83), bg: Rgb(25, 28, 32), underline: Reset, modifier: NONE,
        x: 97, y: 16, fg: Rgb(226, 226, 233), bg: Rgb(25, 28, 32), underline: Reset, modifier: NONE,
        x: 2, y: 18, fg: Rgb(72, 76, 83), bg: Rgb(25, 28, 32), underline: Reset, modifier: NONE,
        x: 4, y: 18, fg: Rgb(226, 226, 233), bg: Rgb(25, 28, 32), underline: Reset, modifier: NONE,
        x: 5, y: 18, fg: Rgb(226, 226, 233), bg: Rgb(25, 28, 32), underline: Reset, modifier: BOLD,
        x: 22, y: 18, fg: Rgb(226, 226, 233), bg: Rgb(25, 28, 32), underline: Reset, modifier: NONE,
        x: 23, y: 18, fg: Rgb(72, 76, 83), bg: Rgb(25, 28, 32), underline: Reset, modifier: NONE,
        x: 85, y: 18, fg: Rgb(226, 226, 233), bg: Rgb(25, 28, 32), underline: Reset, modifier: NONE,
        x: 86, y: 18, fg: Rgb(169, 199, 255), bg: Rgb(25, 28, 32), underline: Reset, modifier: NONE,
        x: 94, y: 18, fg: Rgb(226, 226, 233), bg: Rgb(25, 28, 32), underline: Reset, modifier: NONE,
        x: 95, y: 18, fg: Rgb(72, 76, 83), bg: Rgb(25, 28, 32), underline: Reset, modifier: NONE,
        x: 97, y: 18, fg: Rgb(226, 226, 233), bg: Rgb(25, 28, 32), underline: Reset, modifier: NONE,
        x: 2, y: 19, fg: Rgb(72, 76, 83), bg: Rgb(25, 28, 32), underline: Reset, modifier: NONE,
        x: 3, y: 19, fg: Rgb(226, 226, 233), bg: Rgb(25, 28, 32), underline: Reset, modifier: NONE,
        x: 4, y: 19, fg: Rgb(169, 199, 255), bg: Rgb(25, 28, 32), underline: Reset, modifier: NONE,
        x: 28, y: 19, fg: Rgb(226, 226, 233), bg: Rgb(25, 28, 32), underline: Reset, modifier: NONE,
        x: 89, y: 19, fg: Rgb(196, 198, 207), bg: Rgb(25, 28, 32), underline: Reset, modifier: NONE,
        x: 95, y: 19, fg: Rgb(226, 226, 233), bg: Rgb(25, 28, 32), underline: Reset, modifier: NONE,
        x: 96, y: 19, fg: Rgb(72, 76, 83), bg: Rgb(25, 28, 32), underline: Reset, modifier: NONE,
        x: 97, y: 19, fg: Rgb(226, 226, 233), bg: Rgb(25, 28, 32), underline: Reset, modifier: NONE,
        x: 2, y: 20, fg: Rgb(72, 76, 83), bg: Rgb(25, 28, 32), underline: Reset, modifier: NONE,
        x: 3, y: 20, fg: Rgb(226, 226, 233), bg: Rgb(25, 28, 32), underline: Reset, modifier: NONE,
        x: 96, y: 20, fg: Rgb(72, 76, 83), bg: Rgb(25, 28, 32), underline: Reset, modifier: NONE,
        x: 97, y: 20, fg: Rgb(226, 226, 233), bg: Rgb(25, 28, 32), underline: Reset, modifier: NONE,
        x: 2, y: 21, fg: Rgb(72, 76, 83), bg: Rgb(25, 28, 32), underline: Reset, modifier: NONE,
        x: 3, y: 21, fg: Rgb(226, 226, 233), bg: Rgb(25, 28, 32), underline: Reset, modifier: NONE,
        x: 4, y: 21, fg: Rgb(169, 199, 255), bg: Rgb(25, 28, 32), underline: Reset, modifier: NONE,
        x: 6, y: 21, fg: Rgb(196, 198, 207), bg: Rgb(25, 28, 32), underline: Reset, modifier: NONE,
        x: 34, y: 21, fg: Rgb(226, 226, 233), bg: Rgb(25, 28, 32), underline: Reset, modifier: NONE,
        x: 96, y: 21, fg: Rgb(72, 76, 83), bg: Rgb(25, 28, 32), underline: Reset, modifier: NONE,
        x: 97, y: 21, fg: Rgb(226, 226, 233), bg: Rgb(25, 28, 32), underline: Reset, modifier: NONE,
        x: 2, y: 22, fg: Rgb(72, 76, 83), bg: Rgb(25, 28, 32), underline: Reset, modifier: NONE,
        x: 97, y: 22, fg: Rgb(226, 226, 233), bg: Rgb(25, 28, 32), underline: Reset, modifier: NONE,
        x: 2, y: 23, fg: Rgb(72, 76, 83), bg: Rgb(25, 28, 32), underline: Reset, modifier: NONE,
        x: 3, y: 23, fg: Rgb(226, 226, 233), bg: Rgb(25, 28, 32), underline: Reset, modifier: NONE,
        x: 4, y: 23, fg: Rgb(169, 199, 255), bg: Rgb(25, 28, 32), underline: Reset, modifier: NONE,
        x: 26, y: 23, fg: Rgb(226, 226, 233), bg: Rgb(25, 28, 32), underline: Reset, modifier: NONE,
        x: 91, y: 23, fg: Rgb(196, 198, 207), bg: Rgb(25, 28, 32), underline: Reset, modifier: NONE,
        x: 95, y: 23, fg: Rgb(226, 226, 233), bg: Rgb(25, 28, 32), underline: Reset, modifier: NONE,
        x: 96, y: 23, fg: Rgb(72, 76, 83), bg: Rgb(25, 28, 32), underline: Reset, modifier: NONE,
        x: 97, y: 23, fg: Rgb(226, 226, 233), bg: Rgb(25, 28, 32), underline: Reset, modifier: NONE,
        x: 2, y: 24, fg: Rgb(72, 76, 83), bg: Rgb(25, 28, 32), underline: Reset, modifier: NONE,
        x: 3, y: 24, fg: Rgb(226, 226, 233), bg: Rgb(25, 28, 32), underline: Reset, modifier: NONE,
        x: 96, y: 24, fg: Rgb(72, 76, 83), bg: Rgb(25, 28, 32), underline: Reset, modifier: NONE,
        x: 97, y: 24, fg: Rgb(226, 226, 233), bg: Rgb(25, 28, 32), underline: Reset, modifier: NONE,
        x: 2, y: 25, fg: Rgb(72, 76, 83), bg: Rgb(25, 28, 32), underline: Reset, modifier: NONE,
        x: 3, y: 25, fg: Rgb(226, 226, 233), bg: Rgb(25, 28, 32), underline: Reset, modifier: NONE,
        x: 4, y: 25, fg: Rgb(169, 199, 255), bg: Rgb(25, 28, 32), underline: Reset, modifier: NONE,
        x: 6, y: 25, fg: Rgb(196, 198, 207), bg: Rgb(25, 28, 32), underline: Reset, modifier: NONE,
        x: 33, y: 25, fg: Rgb(226, 226, 233), bg: Rgb(25, 28, 32), underline: Reset, modifier: NONE,
        x: 96, y: 25, fg: Rgb(72, 76, 83), bg: Rgb(25, 28, 32), underline: Reset, modifier: NONE,
        x: 97, y: 25, fg: Rgb(226, 226, 233), bg: Rgb(25, 28, 32), underline: Reset, modifier: NONE,
        x: 2, y: 26, fg: Rgb(72, 76, 83), bg: Rgb(25, 28, 32), underline: Reset, modifier: NONE,
        x: 97, y: 26, fg: Rgb(226, 226, 233), bg: Rgb(25, 28, 32), underline: Reset, modifier: NONE,
        x: 0, y: 29, fg: Rgb(226, 226, 233), bg: Rgb(29, 32, 36), underline: Reset, modifier: NONE,
        x: 2, y: 29, fg: Rgb(169, 199, 255), bg: Rgb(29, 32, 36), underline: Reset, modifier: BOLD,
        x: 3, y: 29, fg: Rgb(196, 198, 207), bg: Rgb(29, 32, 36), underline: Reset, modifier: NONE,
        x: 8, y: 29, fg: Rgb(226, 226, 233), bg: Rgb(29, 32, 36), underline: Reset, modifier: NONE,
        x: 11, y: 29, fg: Rgb(169, 199, 255), bg: Rgb(29, 32, 36), underline: Reset, modifier: BOLD,
        x: 12, y: 29, fg: Rgb(196, 198, 207), bg: Rgb(29, 32, 36), underline: Reset, modifier: NONE,
        x: 18, y: 29, fg: Rgb(226, 226, 233), bg: Rgb(29, 32, 36), underline: Reset, modifier: NONE,
        x: 21, y: 29, fg: Rgb(169, 199, 255), bg: Rgb(29, 32, 36), underline: Reset, modifier: BOLD,
        x: 22, y: 29, fg: Rgb(196, 198, 207), bg: Rgb(29, 32, 36), underline: Reset, modifier: NONE,
        x: 29, y: 29, fg: Rgb(226, 226, 233), bg: Rgb(29, 32, 36), underline: Reset, modifier: NONE,
        x: 32, y: 29, fg: Rgb(169, 199, 255), bg: Rgb(29, 32, 36), underline: Reset, modifier: BOLD,
        x: 33, y: 29, fg: Rgb(196, 198, 207), bg: Rgb(29, 32, 36), underline: Reset, modifier: NONE,
        x: 41, y: 29, fg: Rgb(226, 226, 233), bg: Rgb(29, 32, 36), underline: Reset, modifier: NONE,
        x: 44, y: 29, fg: Rgb(169, 199, 255), bg: Rgb(29, 32, 36), underline: Reset, modifier: BOLD,
        x: 45, y: 29, fg: Rgb(196, 198, 207), bg: Rgb(29, 32, 36), underline: Reset, modifier: NONE,
        x: 55, y: 29, fg: Rgb(226, 226, 233), bg: Rgb(29, 32, 36), underline: Reset, modifier: NONE,
        x: 58, y: 29, fg: Rgb(169, 199, 255), bg: Rgb(29, 32, 36), underline: Reset, modifier: BOLD,
        x: 59, y: 29, fg: Rgb(196, 198, 207), bg: Rgb(29, 32, 36), underline: Reset, modifier: NONE,
        x: 64, y: 29, fg: Rgb(226, 226, 233), bg: Rgb(29, 32, 36), underline: Reset, modifier: NONE,
        x: 67, y: 29, fg: Rgb(169, 199, 255), bg: Rgb(29, 32, 36), underline: Reset, modifier: BOLD,
        x: 68, y: 29, fg: Rgb(196, 198, 207), bg: Rgb(29, 32, 36), underline: Reset, modifier: NONE,
        x: 73, y: 29, fg: Rgb(226, 226, 233), bg: Rgb(29, 32, 36), underline: Reset, modifier: NONE,
        x: 85, y: 29, fg: Rgb(196, 198, 207), bg: Rgb(29, 32, 36), underline: Reset, modifier: NONE,
        x: 98, y: 29, fg: Rgb(226, 226, 233), bg: Rgb(29, 32, 36), underline: Reset, modifier: NONE,
    ]
}
