---
source: crates/app/src/snapshot_tests.rs
expression: render(&state)
---
Buffer {
    area: Rect { x: 0, y: 0, width: 100, height: 30 },
    content: [
        "  ghtui   Home                                                                            @octocat  ",
        "                                                                                                    ",
        "  Review requested  2   see all                                                                     ",
        "                                                                                                    ",
        "  ● Add a virtualized list widget for very long collections                                         ",
        "    ratatui/ratatui#1820 · octocat · updated 3h ago                                           💬 3  ", // hidden by multi-width symbols: [(95, " ")]
        "                                                                                                    ",
        "  Keyboard shortcuts                                                                                ",
        "                                                                                                    ",
        "  j  <Down>     Move down                                     ?             Keyboard shortcuts      ",
        "  k  <Up>       Move up                                       /             Search GitHub (in a di  ",
        "  <C-d>         Half page down                                c             Comment (on the issue,  ",
        "  <C-u>         Half page up                                  <Tab>         Next link               ",
        "  gg            Go to top                                     <S-Tab>       Previous link           ",
        "  G             Go to bottom                                  gh            Go home                 ",
        "  <Enter>       Follow the link (or open the file, expand)    gi            Go to the repository's  ",
        "  <Esc>  <BS>   Back                                          gp            Go to the repository's  ",
        "  q             Close the page (quits from the first)         1             First tab (Code, Conve  ",
        "  <C-c>         Quit                                          2             Second tab (Issues, Co  ",
        "  r             Refresh                                       3             Third tab (Pull reques  ",
        "  o             Open on GitHub                                *             Star or unstar the rep  ",
        "  :             Command palette                               f             Filter the list         ",
        "                                                                                                    ",
        "    A keyboard-driven terminal client for GitHub                                                    ",
        "    ● Rust   ★ 87   ⑂ 4   updated 1d ago                                                            ",
        "                                                                                                    ",
        "                                                                                                    ",
        "                                                                                                    ",
        "                                                                                                    ",
        "                                                                            API 4987/5000   ? help  ",
    ],
    styles: [
        x: 0, y: 0, fg: Rgb(226, 226, 233), bg: Rgb(29, 32, 36), underline: Reset, modifier: NONE,
        x: 2, y: 0, fg: Rgb(169, 199, 255), bg: Rgb(29, 32, 36), underline: Reset, modifier: BOLD,
        x: 7, y: 0, fg: Rgb(226, 226, 233), bg: Rgb(29, 32, 36), underline: Reset, modifier: NONE,
        x: 9, y: 0, fg: Rgb(217, 227, 249), bg: Rgb(62, 71, 88), underline: Reset, modifier: BOLD,
        x: 15, y: 0, fg: Rgb(226, 226, 233), bg: Rgb(29, 32, 36), underline: Reset, modifier: NONE,
        x: 90, y: 0, fg: Rgb(196, 198, 207), bg: Rgb(29, 32, 36), underline: Reset, modifier: NONE,
        x: 98, y: 0, fg: Rgb(226, 226, 233), bg: Rgb(29, 32, 36), underline: Reset, modifier: NONE,
        x: 0, y: 1, fg: Rgb(226, 226, 233), bg: Rgb(25, 28, 32), underline: Reset, modifier: NONE,
        x: 0, y: 2, fg: Rgb(226, 226, 233), bg: Rgb(42, 49, 59), underline: Reset, modifier: NONE,
        x: 2, y: 2, fg: Rgb(226, 226, 233), bg: Rgb(42, 49, 59), underline: Reset, modifier: BOLD,
        x: 18, y: 2, fg: Rgb(196, 198, 207), bg: Rgb(42, 49, 59), underline: Reset, modifier: NONE,
        x: 24, y: 2, fg: Rgb(169, 199, 255), bg: Rgb(42, 49, 59), underline: Reset, modifier: UNDERLINED,
        x: 31, y: 2, fg: Rgb(226, 226, 233), bg: Rgb(42, 49, 59), underline: Reset, modifier: NONE,
        x: 0, y: 3, fg: Rgb(226, 226, 233), bg: Rgb(25, 28, 32), underline: Reset, modifier: NONE,
        x: 2, y: 4, fg: Rgb(110, 219, 169), bg: Rgb(25, 28, 32), underline: Reset, modifier: NONE,
        x: 4, y: 4, fg: Rgb(226, 226, 233), bg: Rgb(25, 28, 32), underline: Reset, modifier: BOLD,
        x: 59, y: 4, fg: Rgb(226, 226, 233), bg: Rgb(25, 28, 32), underline: Reset, modifier: NONE,
        x: 4, y: 5, fg: Rgb(196, 198, 207), bg: Rgb(25, 28, 32), underline: Reset, modifier: NONE,
        x: 51, y: 5, fg: Rgb(226, 226, 233), bg: Rgb(25, 28, 32), underline: Reset, modifier: NONE,
        x: 94, y: 5, fg: Rgb(196, 198, 207), bg: Rgb(25, 28, 32), underline: Reset, modifier: NONE,
        x: 95, y: 5, fg: Reset, bg: Reset, underline: Reset, modifier: NONE,
        x: 96, y: 5, fg: Rgb(196, 198, 207), bg: Rgb(25, 28, 32), underline: Reset, modifier: NONE,
        x: 98, y: 5, fg: Rgb(226, 226, 233), bg: Rgb(25, 28, 32), underline: Reset, modifier: NONE,
        x: 0, y: 6, fg: Rgb(226, 226, 233), bg: Rgb(40, 42, 47), underline: Reset, modifier: NONE,
        x: 4, y: 6, fg: Rgb(226, 226, 233), bg: Rgb(40, 42, 47), underline: Reset, modifier: BOLD,
        x: 89, y: 6, fg: Rgb(226, 226, 233), bg: Rgb(40, 42, 47), underline: Reset, modifier: NONE,
        x: 2, y: 7, fg: Rgb(226, 226, 233), bg: Rgb(40, 42, 47), underline: Reset, modifier: BOLD,
        x: 20, y: 7, fg: Rgb(226, 226, 233), bg: Rgb(40, 42, 47), underline: Reset, modifier: NONE,
        x: 2, y: 9, fg: Rgb(169, 199, 255), bg: Rgb(40, 42, 47), underline: Reset, modifier: BOLD,
        x: 13, y: 9, fg: Rgb(226, 226, 233), bg: Rgb(40, 42, 47), underline: Reset, modifier: BOLD,
        x: 20, y: 9, fg: Rgb(226, 226, 233), bg: Rgb(40, 42, 47), underline: Reset, modifier: NONE,
        x: 27, y: 9, fg: Rgb(226, 226, 233), bg: Rgb(40, 42, 47), underline: Reset, modifier: UNDERLINED,
        x: 34, y: 9, fg: Rgb(226, 226, 233), bg: Rgb(40, 42, 47), underline: Reset, modifier: NONE,
        x: 62, y: 9, fg: Rgb(169, 199, 255), bg: Rgb(40, 42, 47), underline: Reset, modifier: BOLD,
        x: 73, y: 9, fg: Rgb(226, 226, 233), bg: Rgb(40, 42, 47), underline: Reset, modifier: NONE,
        x: 2, y: 10, fg: Rgb(169, 199, 255), bg: Rgb(40, 42, 47), underline: Reset, modifier: BOLD,
        x: 13, y: 10, fg: Rgb(226, 226, 233), bg: Rgb(40, 42, 47), underline: Reset, modifier: NONE,
        x: 62, y: 10, fg: Rgb(169, 199, 255), bg: Rgb(40, 42, 47), underline: Reset, modifier: BOLD,
        x: 73, y: 10, fg: Rgb(226, 226, 233), bg: Rgb(40, 42, 47), underline: Reset, modifier: NONE,
        x: 2, y: 11, fg: Rgb(169, 199, 255), bg: Rgb(40, 42, 47), underline: Reset, modifier: BOLD,
        x: 13, y: 11, fg: Rgb(226, 226, 233), bg: Rgb(40, 42, 47), underline: Reset, modifier: BOLD,
        x: 44, y: 11, fg: Rgb(226, 226, 233), bg: Rgb(40, 42, 47), underline: Reset, modifier: NONE,
        x: 62, y: 11, fg: Rgb(169, 199, 255), bg: Rgb(40, 42, 47), underline: Reset, modifier: BOLD,
        x: 73, y: 11, fg: Rgb(226, 226, 233), bg: Rgb(40, 42, 47), underline: Reset, modifier: NONE,
        x: 2, y: 12, fg: Rgb(169, 199, 255), bg: Rgb(40, 42, 47), underline: Reset, modifier: BOLD,
        x: 13, y: 12, fg: Rgb(226, 226, 233), bg: Rgb(40, 42, 47), underline: Reset, modifier: NONE,
        x: 62, y: 12, fg: Rgb(169, 199, 255), bg: Rgb(40, 42, 47), underline: Reset, modifier: BOLD,
        x: 73, y: 12, fg: Rgb(226, 226, 233), bg: Rgb(40, 42, 47), underline: Reset, modifier: NONE,
        x: 2, y: 13, fg: Rgb(169, 199, 255), bg: Rgb(40, 42, 47), underline: Reset, modifier: BOLD,
        x: 13, y: 13, fg: Rgb(226, 226, 233), bg: Rgb(40, 42, 47), underline: Reset, modifier: BOLD,
        x: 35, y: 13, fg: Rgb(226, 226, 233), bg: Rgb(40, 42, 47), underline: Reset, modifier: NONE,
        x: 62, y: 13, fg: Rgb(169, 199, 255), bg: Rgb(40, 42, 47), underline: Reset, modifier: BOLD,
        x: 73, y: 13, fg: Rgb(226, 226, 233), bg: Rgb(40, 42, 47), underline: Reset, modifier: NONE,
        x: 2, y: 14, fg: Rgb(169, 199, 255), bg: Rgb(40, 42, 47), underline: Reset, modifier: BOLD,
        x: 13, y: 14, fg: Rgb(226, 226, 233), bg: Rgb(40, 42, 47), underline: Reset, modifier: NONE,
        x: 62, y: 14, fg: Rgb(169, 199, 255), bg: Rgb(40, 42, 47), underline: Reset, modifier: BOLD,
        x: 73, y: 14, fg: Rgb(226, 226, 233), bg: Rgb(40, 42, 47), underline: Reset, modifier: NONE,
        x: 2, y: 15, fg: Rgb(169, 199, 255), bg: Rgb(40, 42, 47), underline: Reset, modifier: BOLD,
        x: 13, y: 15, fg: Rgb(226, 226, 233), bg: Rgb(40, 42, 47), underline: Reset, modifier: NONE,
        x: 62, y: 15, fg: Rgb(169, 199, 255), bg: Rgb(40, 42, 47), underline: Reset, modifier: BOLD,
        x: 73, y: 15, fg: Rgb(226, 226, 233), bg: Rgb(40, 42, 47), underline: Reset, modifier: NONE,
        x: 2, y: 16, fg: Rgb(169, 199, 255), bg: Rgb(40, 42, 47), underline: Reset, modifier: BOLD,
        x: 13, y: 16, fg: Rgb(226, 226, 233), bg: Rgb(40, 42, 47), underline: Reset, modifier: BOLD,
        x: 19, y: 16, fg: Rgb(226, 226, 233), bg: Rgb(40, 42, 47), underline: Reset, modifier: NONE,
        x: 22, y: 16, fg: Rgb(226, 226, 233), bg: Rgb(40, 42, 47), underline: Reset, modifier: UNDERLINED,
        x: 29, y: 16, fg: Rgb(226, 226, 233), bg: Rgb(40, 42, 47), underline: Reset, modifier: NONE,
        x: 62, y: 16, fg: Rgb(169, 199, 255), bg: Rgb(40, 42, 47), underline: Reset, modifier: BOLD,
        x: 73, y: 16, fg: Rgb(226, 226, 233), bg: Rgb(40, 42, 47), underline: Reset, modifier: NONE,
        x: 2, y: 17, fg: Rgb(169, 199, 255), bg: Rgb(40, 42, 47), underline: Reset, modifier: BOLD,
        x: 13, y: 17, fg: Rgb(226, 226, 233), bg: Rgb(40, 42, 47), underline: Reset, modifier: NONE,
        x: 62, y: 17, fg: Rgb(169, 199, 255), bg: Rgb(40, 42, 47), underline: Reset, modifier: BOLD,
        x: 73, y: 17, fg: Rgb(226, 226, 233), bg: Rgb(40, 42, 47), underline: Reset, modifier: NONE,
        x: 2, y: 18, fg: Rgb(169, 199, 255), bg: Rgb(40, 42, 47), underline: Reset, modifier: BOLD,
        x: 13, y: 18, fg: Rgb(226, 226, 233), bg: Rgb(40, 42, 47), underline: Reset, modifier: BOLD,
        x: 26, y: 18, fg: Rgb(226, 226, 233), bg: Rgb(40, 42, 47), underline: Reset, modifier: NONE,
        x: 62, y: 18, fg: Rgb(169, 199, 255), bg: Rgb(40, 42, 47), underline: Reset, modifier: BOLD,
        x: 73, y: 18, fg: Rgb(226, 226, 233), bg: Rgb(40, 42, 47), underline: Reset, modifier: NONE,
        x: 2, y: 19, fg: Rgb(169, 199, 255), bg: Rgb(40, 42, 47), underline: Reset, modifier: BOLD,
        x: 13, y: 19, fg: Rgb(226, 226, 233), bg: Rgb(40, 42, 47), underline: Reset, modifier: NONE,
        x: 62, y: 19, fg: Rgb(169, 199, 255), bg: Rgb(40, 42, 47), underline: Reset, modifier: BOLD,
        x: 73, y: 19, fg: Rgb(226, 226, 233), bg: Rgb(40, 42, 47), underline: Reset, modifier: NONE,
        x: 2, y: 20, fg: Rgb(169, 199, 255), bg: Rgb(40, 42, 47), underline: Reset, modifier: BOLD,
        x: 13, y: 20, fg: Rgb(226, 226, 233), bg: Rgb(40, 42, 47), underline: Reset, modifier: NONE,
        x: 62, y: 20, fg: Rgb(169, 199, 255), bg: Rgb(40, 42, 47), underline: Reset, modifier: BOLD,
        x: 73, y: 20, fg: Rgb(226, 226, 233), bg: Rgb(40, 42, 47), underline: Reset, modifier: NONE,
        x: 2, y: 21, fg: Rgb(169, 199, 255), bg: Rgb(40, 42, 47), underline: Reset, modifier: BOLD,
        x: 13, y: 21, fg: Rgb(226, 226, 233), bg: Rgb(40, 42, 47), underline: Reset, modifier: NONE,
        x: 62, y: 21, fg: Rgb(169, 199, 255), bg: Rgb(40, 42, 47), underline: Reset, modifier: BOLD,
        x: 73, y: 21, fg: Rgb(226, 226, 233), bg: Rgb(40, 42, 47), underline: Reset, modifier: NONE,
        x: 2, y: 22, fg: Rgb(226, 226, 233), bg: Rgb(40, 42, 47), underline: Reset, modifier: BOLD,
        x: 24, y: 22, fg: Rgb(226, 226, 233), bg: Rgb(40, 42, 47), underline: Reset, modifier: NONE,
        x: 0, y: 23, fg: Rgb(226, 226, 233), bg: Rgb(25, 28, 32), underline: Reset, modifier: NONE,
        x: 4, y: 24, fg: Rgb(169, 199, 255), bg: Rgb(25, 28, 32), underline: Reset, modifier: NONE,
        x: 6, y: 24, fg: Rgb(196, 198, 207), bg: Rgb(25, 28, 32), underline: Reset, modifier: NONE,
        x: 40, y: 24, fg: Rgb(226, 226, 233), bg: Rgb(25, 28, 32), underline: Reset, modifier: NONE,
        x: 0, y: 29, fg: Rgb(226, 226, 233), bg: Rgb(29, 32, 36), underline: Reset, modifier: NONE,
        x: 76, y: 29, fg: Rgb(196, 198, 207), bg: Rgb(29, 32, 36), underline: Reset, modifier: NONE,
        x: 89, y: 29, fg: Rgb(226, 226, 233), bg: Rgb(29, 32, 36), underline: Reset, modifier: NONE,
        x: 92, y: 29, fg: Rgb(169, 199, 255), bg: Rgb(29, 32, 36), underline: Reset, modifier: NONE,
        x: 93, y: 29, fg: Rgb(196, 198, 207), bg: Rgb(29, 32, 36), underline: Reset, modifier: NONE,
        x: 98, y: 29, fg: Rgb(226, 226, 233), bg: Rgb(29, 32, 36), underline: Reset, modifier: NONE,
    ]
}
