---
source: crates/app/src/snapshot_tests.rs
expression: render(&state)
---
Buffer {
    area: Rect { x: 0, y: 0, width: 100, height: 30 },
    content: [
        "  ghtui   Inbox                                                                           @octocat  ",
        "  Couldn't load pull requests: network error: connection refused                           r retry  ",
        "                                                                                                    ",
        "                                                                                                    ",
        "                                                                                                    ",
        "                                                                                                    ",
        "                                                                                                    ",
        "                                                                                                    ",
        "                                                                                                    ",
        "                                                                                                    ",
        "                                                                                                    ",
        "                                                                                                    ",
        "                                                                                                    ",
        "                                                                                                    ",
        "                                                                                                    ",
        "                                                                                                    ",
        "                                                                                                    ",
        "                                                                                                    ",
        "                                                                                                    ",
        "                                                                                                    ",
        "                                                                                                    ",
        "                                                                                                    ",
        "                                                                                                    ",
        "                                                                                                    ",
        "                                                                                                    ",
        "                                                                                                    ",
        "                                                                                                    ",
        "                                                                                                    ",
        "                                                                                                    ",
        "                                                                            API 4987/5000   ? help  ",
    ],
    styles: [
        x: 0, y: 0, fg: Rgb(25, 28, 32), bg: Rgb(237, 237, 244), underline: Reset, modifier: NONE,
        x: 2, y: 0, fg: Rgb(60, 93, 141), bg: Rgb(237, 237, 244), underline: Reset, modifier: BOLD,
        x: 7, y: 0, fg: Rgb(25, 28, 32), bg: Rgb(237, 237, 244), underline: Reset, modifier: NONE,
        x: 9, y: 0, fg: Rgb(62, 71, 88), bg: Rgb(217, 227, 249), underline: Reset, modifier: BOLD,
        x: 16, y: 0, fg: Rgb(25, 28, 32), bg: Rgb(237, 237, 244), underline: Reset, modifier: NONE,
        x: 90, y: 0, fg: Rgb(67, 71, 78), bg: Rgb(237, 237, 244), underline: Reset, modifier: NONE,
        x: 98, y: 0, fg: Rgb(25, 28, 32), bg: Rgb(237, 237, 244), underline: Reset, modifier: NONE,
        x: 0, y: 1, fg: Rgb(147, 0, 10), bg: Rgb(255, 218, 214), underline: Reset, modifier: NONE,
        x: 91, y: 1, fg: Rgb(147, 0, 10), bg: Rgb(255, 218, 214), underline: Reset, modifier: BOLD,
        x: 98, y: 1, fg: Rgb(147, 0, 10), bg: Rgb(255, 218, 214), underline: Reset, modifier: NONE,
        x: 0, y: 2, fg: Rgb(25, 28, 32), bg: Rgb(243, 243, 250), underline: Reset, modifier: NONE,
        x: 0, y: 29, fg: Rgb(25, 28, 32), bg: Rgb(237, 237, 244), underline: Reset, modifier: NONE,
        x: 76, y: 29, fg: Rgb(67, 71, 78), bg: Rgb(237, 237, 244), underline: Reset, modifier: NONE,
        x: 89, y: 29, fg: Rgb(25, 28, 32), bg: Rgb(237, 237, 244), underline: Reset, modifier: NONE,
        x: 92, y: 29, fg: Rgb(60, 93, 141), bg: Rgb(237, 237, 244), underline: Reset, modifier: NONE,
        x: 93, y: 29, fg: Rgb(67, 71, 78), bg: Rgb(237, 237, 244), underline: Reset, modifier: NONE,
        x: 98, y: 29, fg: Rgb(25, 28, 32), bg: Rgb(237, 237, 244), underline: Reset, modifier: NONE,
    ]
}
