---
source: crates/app/src/snapshot_tests.rs
assertion_line: 649
expression: "render(&with_discussions(Mode::Dark))"
---
Buffer {
    area: Rect { x: 0, y: 0, width: 100, height: 30 },
    content: [
        "  ◆ ghtui   gold-silver-copper / ghtui                 ⌕ Type / to search                 @octocat  ",
        "   <> Code   ◉ Issues  7    ⇄ Pull requests  3    ▶ Actions                                         ",
        "────────────────────────────────────────────────────────────────────────────────────────────────────",
        "                                                                                                    ",
        "  All · Ideas · Q&A                                                                                 ",
        "                                                                                                    ",
        "  ╭─ Discussions  48 ───────────────────────────────────────────────────────────────────────────╮   ",
        "  │▌How do I review a PR offline?  ✓ Answered                                                   │   ",
        "  │▌#14603 · Q&A · octocat · 3 comments · ▲ 12 · updated just now                               │   ",
        "  ├─────────────────────────────────────────────────────────────────────────────────────────────┤   ",
        "  │ Show the contribution graph                                                                 │   ",
        "  │ #14590 · Ideas · octocat · 3 comments · ▲ 12 · updated just now                             │   ",
        "  ├─────────────────────────────────────────────────────────────────────────────────────────────┤   ",
        "  │ Load more  (2 of 48)                                                                        │   ",
        "  ╰─────────────────────────────────────────────────────────────────────────────────────────────╯   ",
        "                                                                                                    ",
        "                                                                                                    ",
        "                                                                                                    ",
        "                                                                                                    ",
        "                                                                                                    ",
        "                                                                                                    ",
        "                                                                                                    ",
        "                                                                                                    ",
        "                                                                                                    ",
        "                                                                                                    ",
        "                                                                                                    ",
        "                                                                                                    ",
        "                                                                                                    ",
        "                                                                                                    ",
        "  space menu   ↵ open   / search   f go to file   ←→ tabs   o browser                API 4987/5000  ",
    ],
    styles: [
        x: 0, y: 0, fg: Rgb(226, 226, 233), bg: Rgb(29, 32, 36), underline: Reset, modifier: NONE,
        x: 2, y: 0, fg: Rgb(169, 199, 255), bg: Rgb(29, 32, 36), underline: Reset, modifier: BOLD,
        x: 9, y: 0, fg: Rgb(226, 226, 233), bg: Rgb(29, 32, 36), underline: Reset, modifier: NONE,
        x: 30, y: 0, fg: Rgb(196, 198, 207), bg: Rgb(29, 32, 36), underline: Reset, modifier: NONE,
        x: 33, y: 0, fg: Rgb(226, 226, 233), bg: Rgb(29, 32, 36), underline: Reset, modifier: BOLD,
        x: 38, y: 0, fg: Rgb(226, 226, 233), bg: Rgb(29, 32, 36), underline: Reset, modifier: NONE,
        x: 54, y: 0, fg: Rgb(226, 226, 233), bg: Rgb(51, 53, 58), underline: Reset, modifier: NONE,
        x: 55, y: 0, fg: Rgb(196, 198, 207), bg: Rgb(51, 53, 58), underline: Reset, modifier: NONE,
        x: 73, y: 0, fg: Rgb(226, 226, 233), bg: Rgb(51, 53, 58), underline: Reset, modifier: NONE,
        x: 87, y: 0, fg: Rgb(226, 226, 233), bg: Rgb(29, 32, 36), underline: Reset, modifier: NONE,
        x: 90, y: 0, fg: Rgb(196, 198, 207), bg: Rgb(29, 32, 36), underline: Reset, modifier: NONE,
        x: 98, y: 0, fg: Rgb(226, 226, 233), bg: Rgb(29, 32, 36), underline: Reset, modifier: NONE,
        x: 2, y: 1, fg: Rgb(196, 198, 207), bg: Rgb(29, 32, 36), underline: Reset, modifier: NONE,
        x: 6, y: 1, fg: Rgb(226, 226, 233), bg: Rgb(29, 32, 36), underline: Reset, modifier: NONE,
        x: 12, y: 1, fg: Rgb(196, 198, 207), bg: Rgb(29, 32, 36), underline: Reset, modifier: NONE,
        x: 15, y: 1, fg: Rgb(226, 226, 233), bg: Rgb(29, 32, 36), underline: Reset, modifier: NONE,
        x: 22, y: 1, fg: Rgb(226, 226, 233), bg: Rgb(51, 53, 58), underline: Reset, modifier: NONE,
        x: 25, y: 1, fg: Rgb(226, 226, 233), bg: Rgb(29, 32, 36), underline: Reset, modifier: NONE,
        x: 27, y: 1, fg: Rgb(196, 198, 207), bg: Rgb(29, 32, 36), underline: Reset, modifier: NONE,
        x: 30, y: 1, fg: Rgb(226, 226, 233), bg: Rgb(29, 32, 36), underline: Reset, modifier: NONE,
        x: 44, y: 1, fg: Rgb(226, 226, 233), bg: Rgb(51, 53, 58), underline: Reset, modifier: NONE,
        x: 47, y: 1, fg: Rgb(226, 226, 233), bg: Rgb(29, 32, 36), underline: Reset, modifier: NONE,
        x: 49, y: 1, fg: Rgb(196, 198, 207), bg: Rgb(29, 32, 36), underline: Reset, modifier: NONE,
        x: 52, y: 1, fg: Rgb(226, 226, 233), bg: Rgb(29, 32, 36), underline: Reset, modifier: NONE,
        x: 0, y: 2, fg: Rgb(72, 76, 83), bg: Rgb(29, 32, 36), underline: Reset, modifier: NONE,
        x: 0, y: 3, fg: Rgb(226, 226, 233), bg: Rgb(25, 28, 32), underline: Reset, modifier: NONE,
        x: 2, y: 4, fg: Rgb(226, 226, 233), bg: Rgb(25, 28, 32), underline: Reset, modifier: BOLD,
        x: 5, y: 4, fg: Rgb(196, 198, 207), bg: Rgb(25, 28, 32), underline: Reset, modifier: NONE,
        x: 8, y: 4, fg: Rgb(169, 199, 255), bg: Rgb(25, 28, 32), underline: Reset, modifier: NONE,
        x: 13, y: 4, fg: Rgb(196, 198, 207), bg: Rgb(25, 28, 32), underline: Reset, modifier: NONE,
        x: 16, y: 4, fg: Rgb(169, 199, 255), bg: Rgb(25, 28, 32), underline: Reset, modifier: NONE,
        x: 19, y: 4, fg: Rgb(226, 226, 233), bg: Rgb(25, 28, 32), underline: Reset, modifier: NONE,
        x: 2, y: 6, fg: Rgb(72, 76, 83), bg: Rgb(25, 28, 32), underline: Reset, modifier: NONE,
        x: 4, y: 6, fg: Rgb(226, 226, 233), bg: Rgb(25, 28, 32), underline: Reset, modifier: NONE,
        x: 5, y: 6, fg: Rgb(226, 226, 233), bg: Rgb(25, 28, 32), underline: Reset, modifier: BOLD,
        x: 20, y: 6, fg: Rgb(226, 226, 233), bg: Rgb(25, 28, 32), underline: Reset, modifier: NONE,
        x: 21, y: 6, fg: Rgb(72, 76, 83), bg: Rgb(25, 28, 32), underline: Reset, modifier: NONE,
        x: 97, y: 6, fg: Rgb(226, 226, 233), bg: Rgb(25, 28, 32), underline: Reset, modifier: NONE,
        x: 2, y: 7, fg: Rgb(72, 76, 83), bg: Rgb(25, 28, 32), underline: Reset, modifier: NONE,
        x: 3, y: 7, fg: Rgb(169, 199, 255), bg: Rgb(42, 49, 59), underline: Reset, modifier: NONE,
        x: 4, y: 7, fg: Rgb(226, 226, 233), bg: Rgb(42, 49, 59), underline: Reset, modifier: BOLD,
        x: 33, y: 7, fg: Rgb(226, 226, 233), bg: Rgb(42, 49, 59), underline: Reset, modifier: NONE,
        x: 34, y: 7, fg: Rgb(169, 242, 204), bg: Rgb(0, 82, 55), underline: Reset, modifier: NONE,
        x: 46, y: 7, fg: Rgb(226, 226, 233), bg: Rgb(42, 49, 59), underline: Reset, modifier: NONE,
        x: 96, y: 7, fg: Rgb(72, 76, 83), bg: Rgb(25, 28, 32), underline: Reset, modifier: NONE,
        x: 97, y: 7, fg: Rgb(226, 226, 233), bg: Rgb(25, 28, 32), underline: Reset, modifier: NONE,
        x: 2, y: 8, fg: Rgb(72, 76, 83), bg: Rgb(25, 28, 32), underline: Reset, modifier: NONE,
        x: 3, y: 8, fg: Rgb(169, 199, 255), bg: Rgb(42, 49, 59), underline: Reset, modifier: NONE,
        x: 4, y: 8, fg: Rgb(196, 198, 207), bg: Rgb(42, 49, 59), underline: Reset, modifier: NONE,
        x: 65, y: 8, fg: Rgb(226, 226, 233), bg: Rgb(42, 49, 59), underline: Reset, modifier: NONE,
        x: 96, y: 8, fg: Rgb(72, 76, 83), bg: Rgb(25, 28, 32), underline: Reset, modifier: NONE,
        x: 97, y: 8, fg: Rgb(226, 226, 233), bg: Rgb(25, 28, 32), underline: Reset, modifier: NONE,
        x: 2, y: 9, fg: Rgb(72, 76, 83), bg: Rgb(25, 28, 32), underline: Reset, modifier: NONE,
        x: 97, y: 9, fg: Rgb(226, 226, 233), bg: Rgb(25, 28, 32), underline: Reset, modifier: NONE,
        x: 2, y: 10, fg: Rgb(72, 76, 83), bg: Rgb(25, 28, 32), underline: Reset, modifier: NONE,
        x: 3, y: 10, fg: Rgb(226, 226, 233), bg: Rgb(25, 28, 32), underline: Reset, modifier: NONE,
        x: 4, y: 10, fg: Rgb(226, 226, 233), bg: Rgb(25, 28, 32), underline: Reset, modifier: BOLD,
        x: 31, y: 10, fg: Rgb(226, 226, 233), bg: Rgb(25, 28, 32), underline: Reset, modifier: NONE,
        x: 96, y: 10, fg: Rgb(72, 76, 83), bg: Rgb(25, 28, 32), underline: Reset, modifier: NONE,
        x: 97, y: 10, fg: Rgb(226, 226, 233), bg: Rgb(25, 28, 32), underline: Reset, modifier: NONE,
        x: 2, y: 11, fg: Rgb(72, 76, 83), bg: Rgb(25, 28, 32), underline: Reset, modifier: NONE,
        x: 3, y: 11, fg: Rgb(226, 226, 233), bg: Rgb(25, 28, 32), underline: Reset, modifier: NONE,
        x: 4, y: 11, fg: Rgb(196, 198, 207), bg: Rgb(25, 28, 32), underline: Reset, modifier: NONE,
        x: 67, y: 11, fg: Rgb(226, 226, 233), bg: Rgb(25, 28, 32), underline: Reset, modifier: NONE,
        x: 96, y: 11, fg: Rgb(72, 76, 83), bg: Rgb(25, 28, 32), underline: Reset, modifier: NONE,
        x: 97, y: 11, fg: Rgb(226, 226, 233), bg: Rgb(25, 28, 32), underline: Reset, modifier: NONE,
        x: 2, y: 12, fg: Rgb(72, 76, 83), bg: Rgb(25, 28, 32), underline: Reset, modifier: NONE,
        x: 97, y: 12, fg: Rgb(226, 226, 233), bg: Rgb(25, 28, 32), underline: Reset, modifier: NONE,
        x: 2, y: 13, fg: Rgb(72, 76, 83), bg: Rgb(25, 28, 32), underline: Reset, modifier: NONE,
        x: 3, y: 13, fg: Rgb(226, 226, 233), bg: Rgb(25, 28, 32), underline: Reset, modifier: NONE,
        x: 4, y: 13, fg: Rgb(169, 199, 255), bg: Rgb(25, 28, 32), underline: Reset, modifier: NONE,
        x: 24, y: 13, fg: Rgb(226, 226, 233), bg: Rgb(25, 28, 32), underline: Reset, modifier: NONE,
        x: 96, y: 13, fg: Rgb(72, 76, 83), bg: Rgb(25, 28, 32), underline: Reset, modifier: NONE,
        x: 97, y: 13, fg: Rgb(226, 226, 233), bg: Rgb(25, 28, 32), underline: Reset, modifier: NONE,
        x: 2, y: 14, fg: Rgb(72, 76, 83), bg: Rgb(25, 28, 32), underline: Reset, modifier: NONE,
        x: 97, y: 14, fg: Rgb(226, 226, 233), bg: Rgb(25, 28, 32), underline: Reset, modifier: NONE,
        x: 0, y: 29, fg: Rgb(226, 226, 233), bg: Rgb(29, 32, 36), underline: Reset, modifier: NONE,
        x: 2, y: 29, fg: Rgb(169, 199, 255), bg: Rgb(29, 32, 36), underline: Reset, modifier: BOLD,
        x: 7, y: 29, fg: Rgb(196, 198, 207), bg: Rgb(29, 32, 36), underline: Reset, modifier: NONE,
        x: 12, y: 29, fg: Rgb(226, 226, 233), bg: Rgb(29, 32, 36), underline: Reset, modifier: NONE,
        x: 15, y: 29, fg: Rgb(169, 199, 255), bg: Rgb(29, 32, 36), underline: Reset, modifier: BOLD,
        x: 16, y: 29, fg: Rgb(196, 198, 207), bg: Rgb(29, 32, 36), underline: Reset, modifier: NONE,
        x: 21, y: 29, fg: Rgb(226, 226, 233), bg: Rgb(29, 32, 36), underline: Reset, modifier: NONE,
        x: 24, y: 29, fg: Rgb(169, 199, 255), bg: Rgb(29, 32, 36), underline: Reset, modifier: BOLD,
        x: 25, y: 29, fg: Rgb(196, 198, 207), bg: Rgb(29, 32, 36), underline: Reset, modifier: NONE,
        x: 32, y: 29, fg: Rgb(226, 226, 233), bg: Rgb(29, 32, 36), underline: Reset, modifier: NONE,
        x: 35, y: 29, fg: Rgb(169, 199, 255), bg: Rgb(29, 32, 36), underline: Reset, modifier: BOLD,
        x: 36, y: 29, fg: Rgb(196, 198, 207), bg: Rgb(29, 32, 36), underline: Reset, modifier: NONE,
        x: 47, y: 29, fg: Rgb(226, 226, 233), bg: Rgb(29, 32, 36), underline: Reset, modifier: NONE,
        x: 50, y: 29, fg: Rgb(169, 199, 255), bg: Rgb(29, 32, 36), underline: Reset, modifier: BOLD,
        x: 52, y: 29, fg: Rgb(196, 198, 207), bg: Rgb(29, 32, 36), underline: Reset, modifier: NONE,
        x: 57, y: 29, fg: Rgb(226, 226, 233), bg: Rgb(29, 32, 36), underline: Reset, modifier: NONE,
        x: 60, y: 29, fg: Rgb(169, 199, 255), bg: Rgb(29, 32, 36), underline: Reset, modifier: BOLD,
        x: 61, y: 29, fg: Rgb(196, 198, 207), bg: Rgb(29, 32, 36), underline: Reset, modifier: NONE,
        x: 69, y: 29, fg: Rgb(226, 226, 233), bg: Rgb(29, 32, 36), underline: Reset, modifier: NONE,
        x: 85, y: 29, fg: Rgb(196, 198, 207), bg: Rgb(29, 32, 36), underline: Reset, modifier: NONE,
        x: 98, y: 29, fg: Rgb(226, 226, 233), bg: Rgb(29, 32, 36), underline: Reset, modifier: NONE,
    ]
}
