---
source: crates/app/src/snapshot_tests.rs
expression: render(&state)
---
Buffer {
    area: Rect { x: 0, y: 0, width: 100, height: 30 },
    content: [
        "  ghtui   Inbox                                                                           @octocat  ",
        "                                                                                                    ",
        "                                                                                                    ",
        "  Keyboard shortcuts                                                                                ",
        "                                                                                                    ",
        "  j  <Down>     Move down                                w             Ignore whitespace changes    ",
        "  k  <Up>       Move up                                  x             Show more context            ",
        "  <C-d>         Half page down                           F             Show the whole file          ",
        "  <C-u>         Half page up                             v             Toggle file viewed (syncs)   ",
        "  gg            Go to top                                ]u            Next unviewed file           ",
        "  G             Go to bottom                             m             Toggle change reviewed       ",
        "  <Enter>       Open (PR, diff, file, collapsed file)    /             Search the diff              ",
        "  <Esc>  <BS>   Back                                     n             Next search match            ",
        "  q             Close view (quits from inbox)            N             Previous search match        ",
        "  <C-c>         Quit                                     gf            Find a file                  ",
        "  r             Refresh                                  c             Comment on the line or sele  ",
        "  o             Open on GitHub                           V             Select lines (for multi-lin  ",
        "  :             Command palette                          S             Suggest a change (opens $ED  ",
        "  ?             Keyboard shortcuts                       a             Reply to the thread          ",
        "  ]h            Next hunk                                R             Resolve or unresolve the th  ",
        "  [h            Previous hunk                            D             Delete the draft comment     ",
        "  ]f            Next file                                f             Comment on the whole file    ",
        "  [f            Previous file                            gr            Submit your review           ",
        "  <Tab>         Toggle file tree                         ]c            Next unresolved thread       ",
        "  <C-w>         Switch pane                              [c            Previous unresolved thread   ",
        "  s             Split or unified view                                                               ",
        "                                                                                                    ",
        "                                                                                                    ",
        "                                                                                                    ",
        "                                                                            API 4987/5000   ? help  ",
    ],
    styles: [
        x: 0, y: 0, fg: Rgb(226, 226, 233), bg: Rgb(29, 32, 36), underline: Reset, modifier: NONE,
        x: 2, y: 0, fg: Rgb(169, 199, 255), bg: Rgb(29, 32, 36), underline: Reset, modifier: BOLD,
        x: 7, y: 0, fg: Rgb(226, 226, 233), bg: Rgb(29, 32, 36), underline: Reset, modifier: NONE,
        x: 9, y: 0, fg: Rgb(217, 227, 249), bg: Rgb(62, 71, 88), underline: Reset, modifier: BOLD,
        x: 16, y: 0, fg: Rgb(226, 226, 233), bg: Rgb(29, 32, 36), underline: Reset, modifier: NONE,
        x: 90, y: 0, fg: Rgb(196, 198, 207), bg: Rgb(29, 32, 36), underline: Reset, modifier: NONE,
        x: 98, y: 0, fg: Rgb(226, 226, 233), bg: Rgb(29, 32, 36), underline: Reset, modifier: NONE,
        x: 0, y: 1, fg: Rgb(226, 226, 233), bg: Rgb(25, 28, 32), underline: Reset, modifier: NONE,
        x: 0, y: 2, fg: Rgb(226, 226, 233), bg: Rgb(40, 42, 47), underline: Reset, modifier: NONE,
        x: 2, y: 2, fg: Rgb(226, 226, 233), bg: Rgb(40, 42, 47), underline: Reset, modifier: BOLD,
        x: 18, y: 2, fg: Rgb(226, 226, 233), bg: Rgb(40, 42, 47), underline: Reset, modifier: NONE,
        x: 2, y: 3, fg: Rgb(226, 226, 233), bg: Rgb(40, 42, 47), underline: Reset, modifier: BOLD,
        x: 59, y: 3, fg: Rgb(226, 226, 233), bg: Rgb(40, 42, 47), underline: Reset, modifier: NONE,
        x: 2, y: 5, fg: Rgb(169, 199, 255), bg: Rgb(40, 42, 47), underline: Reset, modifier: BOLD,
        x: 13, y: 5, fg: Rgb(226, 226, 233), bg: Rgb(40, 42, 47), underline: Reset, modifier: BOLD,
        x: 57, y: 5, fg: Rgb(169, 199, 255), bg: Rgb(40, 42, 47), underline: Reset, modifier: BOLD,
        x: 68, y: 5, fg: Rgb(226, 226, 233), bg: Rgb(40, 42, 47), underline: Reset, modifier: BOLD,
        x: 85, y: 5, fg: Rgb(226, 226, 233), bg: Rgb(40, 42, 47), underline: Reset, modifier: NONE,
        x: 2, y: 6, fg: Rgb(169, 199, 255), bg: Rgb(40, 42, 47), underline: Reset, modifier: BOLD,
        x: 13, y: 6, fg: Rgb(226, 226, 233), bg: Rgb(40, 42, 47), underline: Reset, modifier: NONE,
        x: 57, y: 6, fg: Rgb(169, 199, 255), bg: Rgb(40, 42, 47), underline: Reset, modifier: BOLD,
        x: 68, y: 6, fg: Rgb(226, 226, 233), bg: Rgb(40, 42, 47), underline: Reset, modifier: NONE,
        x: 2, y: 7, fg: Rgb(169, 199, 255), bg: Rgb(40, 42, 47), underline: Reset, modifier: BOLD,
        x: 13, y: 7, fg: Rgb(226, 226, 233), bg: Rgb(40, 42, 47), underline: Reset, modifier: NONE,
        x: 57, y: 7, fg: Rgb(169, 199, 255), bg: Rgb(40, 42, 47), underline: Reset, modifier: BOLD,
        x: 68, y: 7, fg: Rgb(226, 226, 233), bg: Rgb(40, 42, 47), underline: Reset, modifier: NONE,
        x: 2, y: 8, fg: Rgb(169, 199, 255), bg: Rgb(40, 42, 47), underline: Reset, modifier: BOLD,
        x: 13, y: 8, fg: Rgb(226, 226, 233), bg: Rgb(40, 42, 47), underline: Reset, modifier: BOLD,
        x: 20, y: 8, fg: Rgb(226, 226, 233), bg: Rgb(40, 42, 47), underline: Reset, modifier: NONE,
        x: 57, y: 8, fg: Rgb(169, 199, 255), bg: Rgb(40, 42, 47), underline: Reset, modifier: BOLD,
        x: 68, y: 8, fg: Rgb(226, 226, 233), bg: Rgb(40, 42, 47), underline: Reset, modifier: NONE,
        x: 2, y: 9, fg: Rgb(169, 199, 255), bg: Rgb(40, 42, 47), underline: Reset, modifier: BOLD,
        x: 13, y: 9, fg: Rgb(226, 226, 233), bg: Rgb(40, 42, 47), underline: Reset, modifier: BOLD,
        x: 44, y: 9, fg: Rgb(226, 226, 233), bg: Rgb(40, 42, 47), underline: Reset, modifier: NONE,
        x: 57, y: 9, fg: Rgb(169, 199, 255), bg: Rgb(40, 42, 47), underline: Reset, modifier: BOLD,
        x: 68, y: 9, fg: Rgb(226, 226, 233), bg: Rgb(40, 42, 47), underline: Reset, modifier: NONE,
        x: 2, y: 10, fg: Rgb(169, 199, 255), bg: Rgb(40, 42, 47), underline: Reset, modifier: BOLD,
        x: 13, y: 10, fg: Rgb(226, 226, 233), bg: Rgb(40, 42, 47), underline: Reset, modifier: NONE,
        x: 57, y: 10, fg: Rgb(169, 199, 255), bg: Rgb(40, 42, 47), underline: Reset, modifier: BOLD,
        x: 68, y: 10, fg: Rgb(226, 226, 233), bg: Rgb(40, 42, 47), underline: Reset, modifier: NONE,
        x: 2, y: 11, fg: Rgb(169, 199, 255), bg: Rgb(40, 42, 47), underline: Reset, modifier: BOLD,
        x: 13, y: 11, fg: Rgb(226, 226, 233), bg: Rgb(40, 42, 47), underline: Reset, modifier: BOLD,
        x: 35, y: 11, fg: Rgb(226, 226, 233), bg: Rgb(40, 42, 47), underline: Reset, modifier: NONE,
        x: 57, y: 11, fg: Rgb(169, 199, 255), bg: Rgb(40, 42, 47), underline: Reset, modifier: BOLD,
        x: 68, y: 11, fg: Rgb(226, 226, 233), bg: Rgb(40, 42, 47), underline: Reset, modifier: NONE,
        x: 2, y: 12, fg: Rgb(169, 199, 255), bg: Rgb(40, 42, 47), underline: Reset, modifier: BOLD,
        x: 13, y: 12, fg: Rgb(226, 226, 233), bg: Rgb(40, 42, 47), underline: Reset, modifier: NONE,
        x: 57, y: 12, fg: Rgb(169, 199, 255), bg: Rgb(40, 42, 47), underline: Reset, modifier: BOLD,
        x: 68, y: 12, fg: Rgb(226, 226, 233), bg: Rgb(40, 42, 47), underline: Reset, modifier: NONE,
        x: 2, y: 13, fg: Rgb(169, 199, 255), bg: Rgb(40, 42, 47), underline: Reset, modifier: BOLD,
        x: 13, y: 13, fg: Rgb(226, 226, 233), bg: Rgb(40, 42, 47), underline: Reset, modifier: NONE,
        x: 57, y: 13, fg: Rgb(169, 199, 255), bg: Rgb(40, 42, 47), underline: Reset, modifier: BOLD,
        x: 68, y: 13, fg: Rgb(226, 226, 233), bg: Rgb(40, 42, 47), underline: Reset, modifier: NONE,
        x: 2, y: 14, fg: Rgb(169, 199, 255), bg: Rgb(40, 42, 47), underline: Reset, modifier: BOLD,
        x: 13, y: 14, fg: Rgb(226, 226, 233), bg: Rgb(40, 42, 47), underline: Reset, modifier: NONE,
        x: 57, y: 14, fg: Rgb(169, 199, 255), bg: Rgb(40, 42, 47), underline: Reset, modifier: BOLD,
        x: 68, y: 14, fg: Rgb(226, 226, 233), bg: Rgb(40, 42, 47), underline: Reset, modifier: NONE,
        x: 2, y: 15, fg: Rgb(169, 199, 255), bg: Rgb(40, 42, 47), underline: Reset, modifier: BOLD,
        x: 13, y: 15, fg: Rgb(226, 226, 233), bg: Rgb(40, 42, 47), underline: Reset, modifier: NONE,
        x: 57, y: 15, fg: Rgb(169, 199, 255), bg: Rgb(40, 42, 47), underline: Reset, modifier: BOLD,
        x: 68, y: 15, fg: Rgb(226, 226, 233), bg: Rgb(40, 42, 47), underline: Reset, modifier: NONE,
        x: 2, y: 16, fg: Rgb(169, 199, 255), bg: Rgb(40, 42, 47), underline: Reset, modifier: BOLD,
        x: 13, y: 16, fg: Rgb(226, 226, 233), bg: Rgb(40, 42, 47), underline: Reset, modifier: NONE,
        x: 57, y: 16, fg: Rgb(169, 199, 255), bg: Rgb(40, 42, 47), underline: Reset, modifier: BOLD,
        x: 68, y: 16, fg: Rgb(226, 226, 233), bg: Rgb(40, 42, 47), underline: Reset, modifier: NONE,
        x: 2, y: 17, fg: Rgb(169, 199, 255), bg: Rgb(40, 42, 47), underline: Reset, modifier: BOLD,
        x: 13, y: 17, fg: Rgb(226, 226, 233), bg: Rgb(40, 42, 47), underline: Reset, modifier: NONE,
        x: 57, y: 17, fg: Rgb(169, 199, 255), bg: Rgb(40, 42, 47), underline: Reset, modifier: BOLD,
        x: 68, y: 17, fg: Rgb(226, 226, 233), bg: Rgb(40, 42, 47), underline: Reset, modifier: NONE,
        x: 2, y: 18, fg: Rgb(169, 199, 255), bg: Rgb(40, 42, 47), underline: Reset, modifier: BOLD,
        x: 13, y: 18, fg: Rgb(226, 226, 233), bg: Rgb(40, 42, 47), underline: Reset, modifier: NONE,
        x: 57, y: 18, fg: Rgb(169, 199, 255), bg: Rgb(40, 42, 47), underline: Reset, modifier: BOLD,
        x: 68, y: 18, fg: Rgb(226, 226, 233), bg: Rgb(40, 42, 47), underline: Reset, modifier: NONE,
        x: 2, y: 19, fg: Rgb(169, 199, 255), bg: Rgb(40, 42, 47), underline: Reset, modifier: BOLD,
        x: 13, y: 19, fg: Rgb(226, 226, 233), bg: Rgb(40, 42, 47), underline: Reset, modifier: NONE,
        x: 57, y: 19, fg: Rgb(169, 199, 255), bg: Rgb(40, 42, 47), underline: Reset, modifier: BOLD,
        x: 68, y: 19, fg: Rgb(226, 226, 233), bg: Rgb(40, 42, 47), underline: Reset, modifier: NONE,
        x: 2, y: 20, fg: Rgb(169, 199, 255), bg: Rgb(40, 42, 47), underline: Reset, modifier: BOLD,
        x: 13, y: 20, fg: Rgb(226, 226, 233), bg: Rgb(40, 42, 47), underline: Reset, modifier: NONE,
        x: 57, y: 20, fg: Rgb(169, 199, 255), bg: Rgb(40, 42, 47), underline: Reset, modifier: BOLD,
        x: 68, y: 20, fg: Rgb(226, 226, 233), bg: Rgb(40, 42, 47), underline: Reset, modifier: NONE,
        x: 2, y: 21, fg: Rgb(169, 199, 255), bg: Rgb(40, 42, 47), underline: Reset, modifier: BOLD,
        x: 13, y: 21, fg: Rgb(226, 226, 233), bg: Rgb(40, 42, 47), underline: Reset, modifier: NONE,
        x: 57, y: 21, fg: Rgb(169, 199, 255), bg: Rgb(40, 42, 47), underline: Reset, modifier: BOLD,
        x: 68, y: 21, fg: Rgb(226, 226, 233), bg: Rgb(40, 42, 47), underline: Reset, modifier: NONE,
        x: 2, y: 22, fg: Rgb(169, 199, 255), bg: Rgb(40, 42, 47), underline: Reset, modifier: BOLD,
        x: 13, y: 22, fg: Rgb(226, 226, 233), bg: Rgb(40, 42, 47), underline: Reset, modifier: NONE,
        x: 57, y: 22, fg: Rgb(169, 199, 255), bg: Rgb(40, 42, 47), underline: Reset, modifier: BOLD,
        x: 68, y: 22, fg: Rgb(226, 226, 233), bg: Rgb(40, 42, 47), underline: Reset, modifier: NONE,
        x: 2, y: 23, fg: Rgb(169, 199, 255), bg: Rgb(40, 42, 47), underline: Reset, modifier: BOLD,
        x: 13, y: 23, fg: Rgb(226, 226, 233), bg: Rgb(40, 42, 47), underline: Reset, modifier: NONE,
        x: 57, y: 23, fg: Rgb(169, 199, 255), bg: Rgb(40, 42, 47), underline: Reset, modifier: BOLD,
        x: 68, y: 23, fg: Rgb(226, 226, 233), bg: Rgb(40, 42, 47), underline: Reset, modifier: NONE,
        x: 2, y: 24, fg: Rgb(169, 199, 255), bg: Rgb(40, 42, 47), underline: Reset, modifier: BOLD,
        x: 13, y: 24, fg: Rgb(226, 226, 233), bg: Rgb(40, 42, 47), underline: Reset, modifier: NONE,
        x: 57, y: 24, fg: Rgb(169, 199, 255), bg: Rgb(40, 42, 47), underline: Reset, modifier: BOLD,
        x: 68, y: 24, fg: Rgb(226, 226, 233), bg: Rgb(40, 42, 47), underline: Reset, modifier: NONE,
        x: 2, y: 25, fg: Rgb(169, 199, 255), bg: Rgb(40, 42, 47), underline: Reset, modifier: BOLD,
        x: 13, y: 25, fg: Rgb(226, 226, 233), bg: Rgb(40, 42, 47), underline: Reset, modifier: NONE,
        x: 0, y: 27, fg: Rgb(226, 226, 233), bg: Rgb(25, 28, 32), underline: Reset, modifier: NONE,
        x: 0, y: 29, fg: Rgb(226, 226, 233), bg: Rgb(29, 32, 36), underline: Reset, modifier: NONE,
        x: 76, y: 29, fg: Rgb(196, 198, 207), bg: Rgb(29, 32, 36), underline: Reset, modifier: NONE,
        x: 89, y: 29, fg: Rgb(226, 226, 233), bg: Rgb(29, 32, 36), underline: Reset, modifier: NONE,
        x: 92, y: 29, fg: Rgb(169, 199, 255), bg: Rgb(29, 32, 36), underline: Reset, modifier: NONE,
        x: 93, y: 29, fg: Rgb(196, 198, 207), bg: Rgb(29, 32, 36), underline: Reset, modifier: NONE,
        x: 98, y: 29, fg: Rgb(226, 226, 233), bg: Rgb(29, 32, 36), underline: Reset, modifier: NONE,
    ]
}
