---
source: crates/app/src/snapshot_tests.rs
expression: render(&state)
---
Buffer {
    area: Rect { x: 0, y: 0, width: 100, height: 30 },
    content: [
        "  ◆ ghtui   gold-silver-copper / ghtui                 ⌕ Type / to search                 @octocat  ",
        "   <> Code   ◉ Issues   ⇄ Pull requests   ▶ Actions ↗                                               ",
        "────────────━━━━━━━━━━──────────────────────────────────────────────────────────────────────────────",
        "                                                                                                    ",
        "  Pages wrap at the terminal width  #14                                                             ",
        "   ◉ Open   octocat opened this issue 2d ago · 1 comment  bug   ui                                  ",
        "  Assignees: hubot                                                                                  ",
        "                                                                                                    ",
        "  ╭─ octocat opened 2d ago ──────────────────────────────────────────────────────────  Author  ─╮   ",
        "  │ On a 200-column terminal README lines get very long.                                        │   ",
        "  │                                                                                             │   ",
        "  │ GitHub caps the width; we should too.                                                       │   ",
        "  ╰─────────────────────────────────────────────────────────────────────────────────────────────╯   ",
        "     │                                                                                              ",
        "                                                                                                    ",
        "  ╭─ hubot commented 1d ago ────────────────────────────────────────────────────────────────────╮   ",
        "  │ Agreed. 120 columns, centered?                                                              │   ",
        "  ╰─────────────────────────────────────────────────────────────────────────────────────────────╯   ",
        "     │                                                                                              ",
        "▌                                                                                                   ",
        "  ╭─ Add a comment ─────────────────────────────────────────────────────────────────────────────╮   ",
        "  │▌Press c to write a comment (Markdown; $EDITOR with <C-e>)                                   │   ",
        "  ╰─────────────────────────────────────────────────────────────────────────────────────────────╯   ",
        "                                                                                                    ",
        "                                                                                                    ",
        "                                                                                                    ",
        "                                                                                                    ",
        "                                                                                                    ",
        "                                                                                                    ",
        "  ↻ Loading   ↵ open   f links   / search   t go to file   c comment   <Tab> tab     API 4987/5000  ",
    ],
    styles: [
        x: 0, y: 0, fg: Rgb(25, 28, 32), bg: Rgb(237, 237, 244), underline: Reset, modifier: NONE,
        x: 2, y: 0, fg: Rgb(50, 83, 131), bg: Rgb(237, 237, 244), underline: Reset, modifier: BOLD,
        x: 9, y: 0, fg: Rgb(25, 28, 32), bg: Rgb(237, 237, 244), underline: Reset, modifier: NONE,
        x: 30, y: 0, fg: Rgb(67, 71, 78), bg: Rgb(237, 237, 244), underline: Reset, modifier: NONE,
        x: 33, y: 0, fg: Rgb(25, 28, 32), bg: Rgb(237, 237, 244), underline: Reset, modifier: BOLD,
        x: 38, y: 0, fg: Rgb(25, 28, 32), bg: Rgb(237, 237, 244), underline: Reset, modifier: NONE,
        x: 54, y: 0, fg: Rgb(25, 28, 32), bg: Rgb(226, 226, 233), underline: Reset, modifier: NONE,
        x: 55, y: 0, fg: Rgb(67, 71, 78), bg: Rgb(226, 226, 233), underline: Reset, modifier: NONE,
        x: 73, y: 0, fg: Rgb(25, 28, 32), bg: Rgb(226, 226, 233), underline: Reset, modifier: NONE,
        x: 87, y: 0, fg: Rgb(25, 28, 32), bg: Rgb(237, 237, 244), underline: Reset, modifier: NONE,
        x: 90, y: 0, fg: Rgb(67, 71, 78), bg: Rgb(237, 237, 244), underline: Reset, modifier: NONE,
        x: 98, y: 0, fg: Rgb(25, 28, 32), bg: Rgb(237, 237, 244), underline: Reset, modifier: NONE,
        x: 2, y: 1, fg: Rgb(67, 71, 78), bg: Rgb(237, 237, 244), underline: Reset, modifier: NONE,
        x: 6, y: 1, fg: Rgb(25, 28, 32), bg: Rgb(237, 237, 244), underline: Reset, modifier: NONE,
        x: 12, y: 1, fg: Rgb(67, 71, 78), bg: Rgb(237, 237, 244), underline: Reset, modifier: NONE,
        x: 15, y: 1, fg: Rgb(25, 28, 32), bg: Rgb(237, 237, 244), underline: Reset, modifier: BOLD,
        x: 21, y: 1, fg: Rgb(25, 28, 32), bg: Rgb(237, 237, 244), underline: Reset, modifier: NONE,
        x: 23, y: 1, fg: Rgb(67, 71, 78), bg: Rgb(237, 237, 244), underline: Reset, modifier: NONE,
        x: 26, y: 1, fg: Rgb(25, 28, 32), bg: Rgb(237, 237, 244), underline: Reset, modifier: NONE,
        x: 41, y: 1, fg: Rgb(67, 71, 78), bg: Rgb(237, 237, 244), underline: Reset, modifier: NONE,
        x: 44, y: 1, fg: Rgb(25, 28, 32), bg: Rgb(237, 237, 244), underline: Reset, modifier: NONE,
        x: 51, y: 1, fg: Rgb(67, 71, 78), bg: Rgb(237, 237, 244), underline: Reset, modifier: NONE,
        x: 53, y: 1, fg: Rgb(25, 28, 32), bg: Rgb(237, 237, 244), underline: Reset, modifier: NONE,
        x: 0, y: 2, fg: Rgb(190, 193, 201), bg: Rgb(237, 237, 244), underline: Reset, modifier: NONE,
        x: 12, y: 2, fg: Rgb(50, 83, 131), bg: Rgb(237, 237, 244), underline: Reset, modifier: NONE,
        x: 22, y: 2, fg: Rgb(190, 193, 201), bg: Rgb(237, 237, 244), underline: Reset, modifier: NONE,
        x: 0, y: 3, fg: Rgb(25, 28, 32), bg: Rgb(243, 243, 250), underline: Reset, modifier: NONE,
        x: 2, y: 4, fg: Rgb(25, 28, 32), bg: Rgb(243, 243, 250), underline: Reset, modifier: BOLD,
        x: 34, y: 4, fg: Rgb(67, 71, 78), bg: Rgb(243, 243, 250), underline: Reset, modifier: NONE,
        x: 39, y: 4, fg: Rgb(25, 28, 32), bg: Rgb(243, 243, 250), underline: Reset, modifier: NONE,
        x: 2, y: 5, fg: Rgb(0, 33, 20), bg: Rgb(169, 242, 204), underline: Reset, modifier: NONE,
        x: 10, y: 5, fg: Rgb(25, 28, 32), bg: Rgb(243, 243, 250), underline: Reset, modifier: NONE,
        x: 12, y: 5, fg: Rgb(25, 28, 32), bg: Rgb(243, 243, 250), underline: Reset, modifier: BOLD,
        x: 19, y: 5, fg: Rgb(67, 71, 78), bg: Rgb(243, 243, 250), underline: Reset, modifier: NONE,
        x: 56, y: 5, fg: Rgb(25, 28, 32), bg: Rgb(243, 243, 250), underline: Reset, modifier: NONE,
        x: 57, y: 5, fg: Rgb(51, 17, 18), bg: Rgb(255, 218, 217), underline: Reset, modifier: NONE,
        x: 62, y: 5, fg: Rgb(25, 28, 32), bg: Rgb(243, 243, 250), underline: Reset, modifier: NONE,
        x: 63, y: 5, fg: Rgb(8, 28, 54), bg: Rgb(214, 227, 255), underline: Reset, modifier: NONE,
        x: 66, y: 5, fg: Rgb(25, 28, 32), bg: Rgb(243, 243, 250), underline: Reset, modifier: NONE,
        x: 2, y: 6, fg: Rgb(67, 71, 78), bg: Rgb(243, 243, 250), underline: Reset, modifier: NONE,
        x: 13, y: 6, fg: Rgb(50, 83, 131), bg: Rgb(243, 243, 250), underline: Reset, modifier: NONE,
        x: 18, y: 6, fg: Rgb(25, 28, 32), bg: Rgb(243, 243, 250), underline: Reset, modifier: NONE,
        x: 2, y: 8, fg: Rgb(190, 193, 201), bg: Rgb(243, 243, 250), underline: Reset, modifier: NONE,
        x: 4, y: 8, fg: Rgb(25, 28, 32), bg: Rgb(243, 243, 250), underline: Reset, modifier: NONE,
        x: 5, y: 8, fg: Rgb(25, 28, 32), bg: Rgb(243, 243, 250), underline: Reset, modifier: BOLD,
        x: 12, y: 8, fg: Rgb(67, 71, 78), bg: Rgb(243, 243, 250), underline: Reset, modifier: NONE,
        x: 26, y: 8, fg: Rgb(25, 28, 32), bg: Rgb(243, 243, 250), underline: Reset, modifier: NONE,
        x: 27, y: 8, fg: Rgb(190, 193, 201), bg: Rgb(243, 243, 250), underline: Reset, modifier: NONE,
        x: 85, y: 8, fg: Rgb(25, 28, 32), bg: Rgb(243, 243, 250), underline: Reset, modifier: NONE,
        x: 86, y: 8, fg: Rgb(62, 71, 88), bg: Rgb(217, 227, 249), underline: Reset, modifier: NONE,
        x: 94, y: 8, fg: Rgb(25, 28, 32), bg: Rgb(243, 243, 250), underline: Reset, modifier: NONE,
        x: 95, y: 8, fg: Rgb(190, 193, 201), bg: Rgb(243, 243, 250), underline: Reset, modifier: NONE,
        x: 97, y: 8, fg: Rgb(25, 28, 32), bg: Rgb(243, 243, 250), underline: Reset, modifier: NONE,
        x: 2, y: 9, fg: Rgb(190, 193, 201), bg: Rgb(243, 243, 250), underline: Reset, modifier: NONE,
        x: 3, y: 9, fg: Rgb(25, 28, 32), bg: Rgb(243, 243, 250), underline: Reset, modifier: NONE,
        x: 46, y: 9, fg: Rgb(25, 28, 32), bg: Rgb(243, 243, 250), underline: Reset, modifier: BOLD,
        x: 50, y: 9, fg: Rgb(25, 28, 32), bg: Rgb(243, 243, 250), underline: Reset, modifier: NONE,
        x: 96, y: 9, fg: Rgb(190, 193, 201), bg: Rgb(243, 243, 250), underline: Reset, modifier: NONE,
        x: 97, y: 9, fg: Rgb(25, 28, 32), bg: Rgb(243, 243, 250), underline: Reset, modifier: NONE,
        x: 2, y: 10, fg: Rgb(190, 193, 201), bg: Rgb(243, 243, 250), underline: Reset, modifier: NONE,
        x: 3, y: 10, fg: Rgb(25, 28, 32), bg: Rgb(243, 243, 250), underline: Reset, modifier: NONE,
        x: 96, y: 10, fg: Rgb(190, 193, 201), bg: Rgb(243, 243, 250), underline: Reset, modifier: NONE,
        x: 97, y: 10, fg: Rgb(25, 28, 32), bg: Rgb(243, 243, 250), underline: Reset, modifier: NONE,
        x: 2, y: 11, fg: Rgb(190, 193, 201), bg: Rgb(243, 243, 250), underline: Reset, modifier: NONE,
        x: 3, y: 11, fg: Rgb(25, 28, 32), bg: Rgb(243, 243, 250), underline: Reset, modifier: NONE,
        x: 96, y: 11, fg: Rgb(190, 193, 201), bg: Rgb(243, 243, 250), underline: Reset, modifier: NONE,
        x: 97, y: 11, fg: Rgb(25, 28, 32), bg: Rgb(243, 243, 250), underline: Reset, modifier: NONE,
        x: 2, y: 12, fg: Rgb(190, 193, 201), bg: Rgb(243, 243, 250), underline: Reset, modifier: NONE,
        x: 97, y: 12, fg: Rgb(25, 28, 32), bg: Rgb(243, 243, 250), underline: Reset, modifier: NONE,
        x: 5, y: 13, fg: Rgb(67, 71, 78), bg: Rgb(243, 243, 250), underline: Reset, modifier: NONE,
        x: 6, y: 13, fg: Rgb(25, 28, 32), bg: Rgb(243, 243, 250), underline: Reset, modifier: NONE,
        x: 2, y: 15, fg: Rgb(190, 193, 201), bg: Rgb(243, 243, 250), underline: Reset, modifier: NONE,
        x: 4, y: 15, fg: Rgb(25, 28, 32), bg: Rgb(243, 243, 250), underline: Reset, modifier: NONE,
        x: 5, y: 15, fg: Rgb(25, 28, 32), bg: Rgb(243, 243, 250), underline: Reset, modifier: BOLD,
        x: 10, y: 15, fg: Rgb(67, 71, 78), bg: Rgb(243, 243, 250), underline: Reset, modifier: NONE,
        x: 27, y: 15, fg: Rgb(25, 28, 32), bg: Rgb(243, 243, 250), underline: Reset, modifier: NONE,
        x: 28, y: 15, fg: Rgb(190, 193, 201), bg: Rgb(243, 243, 250), underline: Reset, modifier: NONE,
        x: 97, y: 15, fg: Rgb(25, 28, 32), bg: Rgb(243, 243, 250), underline: Reset, modifier: NONE,
        x: 2, y: 16, fg: Rgb(190, 193, 201), bg: Rgb(243, 243, 250), underline: Reset, modifier: NONE,
        x: 3, y: 16, fg: Rgb(25, 28, 32), bg: Rgb(243, 243, 250), underline: Reset, modifier: NONE,
        x: 96, y: 16, fg: Rgb(190, 193, 201), bg: Rgb(243, 243, 250), underline: Reset, modifier: NONE,
        x: 97, y: 16, fg: Rgb(25, 28, 32), bg: Rgb(243, 243, 250), underline: Reset, modifier: NONE,
        x: 2, y: 17, fg: Rgb(190, 193, 201), bg: Rgb(243, 243, 250), underline: Reset, modifier: NONE,
        x: 97, y: 17, fg: Rgb(25, 28, 32), bg: Rgb(243, 243, 250), underline: Reset, modifier: NONE,
        x: 5, y: 18, fg: Rgb(67, 71, 78), bg: Rgb(243, 243, 250), underline: Reset, modifier: NONE,
        x: 6, y: 18, fg: Rgb(25, 28, 32), bg: Rgb(243, 243, 250), underline: Reset, modifier: NONE,
        x: 0, y: 19, fg: Rgb(50, 83, 131), bg: Rgb(221, 225, 237), underline: Reset, modifier: NONE,
        x: 1, y: 19, fg: Rgb(25, 28, 32), bg: Rgb(221, 225, 237), underline: Reset, modifier: NONE,
        x: 97, y: 19, fg: Rgb(25, 28, 32), bg: Rgb(243, 243, 250), underline: Reset, modifier: NONE,
        x: 2, y: 20, fg: Rgb(190, 193, 201), bg: Rgb(243, 243, 250), underline: Reset, modifier: NONE,
        x: 4, y: 20, fg: Rgb(25, 28, 32), bg: Rgb(243, 243, 250), underline: Reset, modifier: NONE,
        x: 5, y: 20, fg: Rgb(25, 28, 32), bg: Rgb(221, 225, 237), underline: Reset, modifier: BOLD,
        x: 18, y: 20, fg: Rgb(25, 28, 32), bg: Rgb(243, 243, 250), underline: Reset, modifier: NONE,
        x: 19, y: 20, fg: Rgb(190, 193, 201), bg: Rgb(243, 243, 250), underline: Reset, modifier: NONE,
        x: 97, y: 20, fg: Rgb(25, 28, 32), bg: Rgb(243, 243, 250), underline: Reset, modifier: NONE,
        x: 2, y: 21, fg: Rgb(190, 193, 201), bg: Rgb(243, 243, 250), underline: Reset, modifier: NONE,
        x: 3, y: 21, fg: Rgb(50, 83, 131), bg: Rgb(221, 225, 237), underline: Reset, modifier: NONE,
        x: 4, y: 21, fg: Rgb(67, 71, 78), bg: Rgb(221, 225, 237), underline: Reset, modifier: NONE,
        x: 61, y: 21, fg: Rgb(25, 28, 32), bg: Rgb(221, 225, 237), underline: Reset, modifier: NONE,
        x: 96, y: 21, fg: Rgb(190, 193, 201), bg: Rgb(243, 243, 250), underline: Reset, modifier: NONE,
        x: 97, y: 21, fg: Rgb(25, 28, 32), bg: Rgb(243, 243, 250), underline: Reset, modifier: NONE,
        x: 2, y: 22, fg: Rgb(190, 193, 201), bg: Rgb(243, 243, 250), underline: Reset, modifier: NONE,
        x: 97, y: 22, fg: Rgb(25, 28, 32), bg: Rgb(243, 243, 250), underline: Reset, modifier: NONE,
        x: 0, y: 29, fg: Rgb(25, 28, 32), bg: Rgb(237, 237, 244), underline: Reset, modifier: NONE,
        x: 2, y: 29, fg: Rgb(50, 83, 131), bg: Rgb(237, 237, 244), underline: Reset, modifier: NONE,
        x: 11, y: 29, fg: Rgb(25, 28, 32), bg: Rgb(237, 237, 244), underline: Reset, modifier: NONE,
        x: 14, y: 29, fg: Rgb(50, 83, 131), bg: Rgb(237, 237, 244), underline: Reset, modifier: BOLD,
        x: 15, y: 29, fg: Rgb(67, 71, 78), bg: Rgb(237, 237, 244), underline: Reset, modifier: NONE,
        x: 20, y: 29, fg: Rgb(25, 28, 32), bg: Rgb(237, 237, 244), underline: Reset, modifier: NONE,
        x: 23, y: 29, fg: Rgb(50, 83, 131), bg: Rgb(237, 237, 244), underline: Reset, modifier: BOLD,
        x: 24, y: 29, fg: Rgb(67, 71, 78), bg: Rgb(237, 237, 244), underline: Reset, modifier: NONE,
        x: 30, y: 29, fg: Rgb(25, 28, 32), bg: Rgb(237, 237, 244), underline: Reset, modifier: NONE,
        x: 33, y: 29, fg: Rgb(50, 83, 131), bg: Rgb(237, 237, 244), underline: Reset, modifier: BOLD,
        x: 34, y: 29, fg: Rgb(67, 71, 78), bg: Rgb(237, 237, 244), underline: Reset, modifier: NONE,
        x: 41, y: 29, fg: Rgb(25, 28, 32), bg: Rgb(237, 237, 244), underline: Reset, modifier: NONE,
        x: 44, y: 29, fg: Rgb(50, 83, 131), bg: Rgb(237, 237, 244), underline: Reset, modifier: BOLD,
        x: 45, y: 29, fg: Rgb(67, 71, 78), bg: Rgb(237, 237, 244), underline: Reset, modifier: NONE,
        x: 56, y: 29, fg: Rgb(25, 28, 32), bg: Rgb(237, 237, 244), underline: Reset, modifier: NONE,
        x: 59, y: 29, fg: Rgb(50, 83, 131), bg: Rgb(237, 237, 244), underline: Reset, modifier: BOLD,
        x: 60, y: 29, fg: Rgb(67, 71, 78), bg: Rgb(237, 237, 244), underline: Reset, modifier: NONE,
        x: 68, y: 29, fg: Rgb(25, 28, 32), bg: Rgb(237, 237, 244), underline: Reset, modifier: NONE,
        x: 71, y: 29, fg: Rgb(50, 83, 131), bg: Rgb(237, 237, 244), underline: Reset, modifier: BOLD,
        x: 76, y: 29, fg: Rgb(67, 71, 78), bg: Rgb(237, 237, 244), underline: Reset, modifier: NONE,
        x: 80, y: 29, fg: Rgb(25, 28, 32), bg: Rgb(237, 237, 244), underline: Reset, modifier: NONE,
        x: 85, y: 29, fg: Rgb(67, 71, 78), bg: Rgb(237, 237, 244), underline: Reset, modifier: NONE,
        x: 98, y: 29, fg: Rgb(25, 28, 32), bg: Rgb(237, 237, 244), underline: Reset, modifier: NONE,
    ]
}
